Enter password: ****
Welcome to the MySQL monitor.  Commands end with ; or \g.
Your MySQL connection id is 31
Server version: 5.5.62 MySQL Community Server (GPL)

Copyright (c) 2000, 2018, Oracle and/or its affiliates. All rights reserved.

Oracle is a registered trademark of Oracle Corporation and/or its
affiliates. Other names may be trademarks of their respective
owners.

Type 'help;' or '\h' for help. Type '\c' to clear the current input statement.

mysql> show databases;
+--------------------+
| Database           |
+--------------------+
| information_schema |
| abc                |
| mysql              |
| performance_schema |
+--------------------+
4 rows in set (0.05 sec)

mysql> drop database abc;
Query OK, 1 row affected (0.60 sec)

mysql> show databases;
+--------------------+
| Database           |
+--------------------+
| information_schema |
| mysql              |
| performance_schema |
+--------------------+
3 rows in set (0.00 sec)

mysql> create database abc;
Query OK, 1 row affected (0.00 sec)

mysql> show databases;
+--------------------+
| Database           |
+--------------------+
| information_schema |
| abc                |
| mysql              |
| performance_schema |
+--------------------+
4 rows in set (0.00 sec)

mysql> use abc;
Database changed
mysql> create table studentsinfo(name varchar(20),age int,marks int,city varchar(20),college varchar(20),pincode int);
Query OK, 0 rows affected (0.08 sec)

mysql> show tables;
+---------------+
| Tables_in_abc |
+---------------+
| studentsinfo  |
+---------------+
1 row in set (0.00 sec)

mysql> desc studentsinfo;
+---------+-------------+------+-----+---------+-------+
| Field   | Type        | Null | Key | Default | Extra |
+---------+-------------+------+-----+---------+-------+
| name    | varchar(20) | YES  |     | NULL    |       |
| age     | int(11)     | YES  |     | NULL    |       |
| marks   | int(11)     | YES  |     | NULL    |       |
| city    | varchar(20) | YES  |     | NULL    |       |
| college | varchar(20) | YES  |     | NULL    |       |
| pincode | int(11)     | YES  |     | NULL    |       |
+---------+-------------+------+-----+---------+-------+
6 rows in set (0.16 sec)

mysql> insert into studentsinfo values('hema',21,75,'hyb','pragathi',500043);
Query OK, 1 row affected (0.20 sec)

mysql> insert into studentsinfo values('navya',21,79,'bangl','pranathi',507043);
Query OK, 1 row affected (0.13 sec)

mysql> insert into studentsinfo values('sahasra',29 ,99,'hyb','sidartha',512453);
Query OK, 1 row affected (0.05 sec)

mysql> insert into studentsinfo values('vyshu',89,39,'chennai','loyalo',781443);
Query OK, 1 row affected (0.02 sec)

mysql> insert into studentsinfo values('kranthi',25,90,'vizag','vivekananda',756443);
Query OK, 1 row affected (0.16 sec)

mysql> insert into studentsinfo values('navya',25,95,'jaipur','vivekananda'579843);
ERROR 1064 (42000): You have an error in your SQL syntax; check the manual that corresponds to your MySQL server version for the right syntax to use near '579843)' at line 1
mysql> insert into studentsinfo values('navya',25,95,'jaipur','vivekananda',579843);
Query OK, 1 row affected (0.11 sec)

mysql> insert into studentsinfo values('sonia',65,56,'kakinada','pragathi',432143);
Query OK, 1 row affected (0.03 sec)

mysql> insert into studentsinfo values('sai',20,90,'uttarpradesh','mnr',124743);
Query OK, 1 row affected (0.30 sec)

mysql> insert into studentsinfo values('vyshu',29,87,'karnataka','mnr',897653);
Query OK, 1 row affected (0.05 sec)

mysql> insert into studentsinfo values('preethi',39,89,'kerala','kondareedy',123453);
Query OK, 1 row affected (0.04 sec)

mysql> insert into studentsinfo values('manasa',34,78,'hyb','roas',546353);
Query OK, 1 row affected (0.10 sec)

mysql> insert into studentsinfo values('pinky',34,100,'bangl','roas',345653);
Query OK, 1 row affected (0.05 sec)

mysql> select * from studentsinfo;
+---------+------+-------+--------------+-------------+---------+
| name    | age  | marks | city         | college     | pincode |
+---------+------+-------+--------------+-------------+---------+
| hema    |   21 |    75 | hyb          | pragathi    |  500043 |
| navya   |   21 |    79 | bangl        | pranathi    |  507043 |
| sahasra |   29 |    99 | hyb          | sidartha    |  512453 |
| vyshu   |   89 |    39 | chennai      | loyalo      |  781443 |
| kranthi |   25 |    90 | vizag        | vivekananda |  756443 |
| navya   |   25 |    95 | jaipur       | vivekananda |  579843 |
| sonia   |   65 |    56 | kakinada     | pragathi    |  432143 |
| sai     |   20 |    90 | uttarpradesh | mnr         |  124743 |
| vyshu   |   29 |    87 | karnataka    | mnr         |  897653 |
| preethi |   39 |    89 | kerala       | kondareedy  |  123453 |
| manasa  |   34 |    78 | hyb          | roas        |  546353 |
| pinky   |   34 |   100 | bangl        | roas        |  345653 |
+---------+------+-------+--------------+-------------+---------+
12 rows in set (0.00 sec)

mysql> select * from studentsinfo where name=vyshu;
ERROR 1054 (42S22): Unknown column 'vyshu' in 'where clause'
mysql> select * from studentsinfo where name='vyshu';
+-------+------+-------+-----------+---------+---------+
| name  | age  | marks | city      | college | pincode |
+-------+------+-------+-----------+---------+---------+
| vyshu |   89 |    39 | chennai   | loyalo  |  781443 |
| vyshu |   29 |    87 | karnataka | mnr     |  897653 |
+-------+------+-------+-----------+---------+---------+
2 rows in set (0.10 sec)

mysql> select * from studentsinfo where name='vyshu' and city='chennai';
+-------+------+-------+---------+---------+---------+
| name  | age  | marks | city    | college | pincode |
+-------+------+-------+---------+---------+---------+
| vyshu |   89 |    39 | chennai | loyalo  |  781443 |
+-------+------+-------+---------+---------+---------+
1 row in set (0.00 sec)

mysql> select name,age,city from studentsinfo;
+---------+------+--------------+
| name    | age  | city         |
+---------+------+--------------+
| hema    |   21 | hyb          |
| navya   |   21 | bangl        |
| sahasra |   29 | hyb          |
| vyshu   |   89 | chennai      |
| kranthi |   25 | vizag        |
| navya   |   25 | jaipur       |
| sonia   |   65 | kakinada     |
| sai     |   20 | uttarpradesh |
| vyshu   |   29 | karnataka    |
| preethi |   39 | kerala       |
| manasa  |   34 | hyb          |
| pinky   |   34 | bangl        |
+---------+------+--------------+
12 rows in set (0.00 sec)

mysql> select age from studentsinfo where age>=25;
+------+
| age  |
+------+
|   29 |
|   89 |
|   25 |
|   25 |
|   65 |
|   29 |
|   39 |
|   34 |
|   34 |
+------+
9 rows in set (0.00 sec)

mysql> select age,name from studentsinfo where age>=25;
+------+---------+
| age  | name    |
+------+---------+
|   29 | sahasra |
|   89 | vyshu   |
|   25 | kranthi |
|   25 | navya   |
|   65 | sonia   |
|   29 | vyshu   |
|   39 | preethi |
|   34 | manasa  |
|   34 | pinky   |
+------+---------+
9 rows in set (0.00 sec)

mysql> select marks,name,age from studentsinfo where marks<=80 and age>=21;
+-------+--------+------+
| marks | name   | age  |
+-------+--------+------+
|    75 | hema   |   21 |
|    79 | navya  |   21 |
|    39 | vyshu  |   89 |
|    56 | sonia  |   65 |
|    78 | manasa |   34 |
+-------+--------+------+
5 rows in set (0.00 sec)

mysql> select * from studentsinfo;
+---------+------+-------+--------------+-------------+---------+
| name    | age  | marks | city         | college     | pincode |
+---------+------+-------+--------------+-------------+---------+
| hema    |   21 |    75 | hyb          | pragathi    |  500043 |
| navya   |   21 |    79 | bangl        | pranathi    |  507043 |
| sahasra |   29 |    99 | hyb          | sidartha    |  512453 |
| vyshu   |   89 |    39 | chennai      | loyalo      |  781443 |
| kranthi |   25 |    90 | vizag        | vivekananda |  756443 |
| navya   |   25 |    95 | jaipur       | vivekananda |  579843 |
| sonia   |   65 |    56 | kakinada     | pragathi    |  432143 |
| sai     |   20 |    90 | uttarpradesh | mnr         |  124743 |
| vyshu   |   29 |    87 | karnataka    | mnr         |  897653 |
| preethi |   39 |    89 | kerala       | kondareedy  |  123453 |
| manasa  |   34 |    78 | hyb          | roas        |  546353 |
| pinky   |   34 |   100 | bangl        | roas        |  345653 |
+---------+------+-------+--------------+-------------+---------+
12 rows in set (0.00 sec)

mysql> select * from studentsinfo where pincode=897653;
+-------+------+-------+-----------+---------+---------+
| name  | age  | marks | city      | college | pincode |
+-------+------+-------+-----------+---------+---------+
| vyshu |   29 |    87 | karnataka | mnr     |  897653 |
+-------+------+-------+-----------+---------+---------+
1 row in set (0.00 sec)

mysql> select * from studentsinfo where pincode<578943;
+---------+------+-------+--------------+------------+---------+
| name    | age  | marks | city         | college    | pincode |
+---------+------+-------+--------------+------------+---------+
| hema    |   21 |    75 | hyb          | pragathi   |  500043 |
| navya   |   21 |    79 | bangl        | pranathi   |  507043 |
| sahasra |   29 |    99 | hyb          | sidartha   |  512453 |
| sonia   |   65 |    56 | kakinada     | pragathi   |  432143 |
| sai     |   20 |    90 | uttarpradesh | mnr        |  124743 |
| preethi |   39 |    89 | kerala       | kondareedy |  123453 |
| manasa  |   34 |    78 | hyb          | roas       |  546353 |
| pinky   |   34 |   100 | bangl        | roas       |  345653 |
+---------+------+-------+--------------+------------+---------+
8 rows in set (0.00 sec)

mysql> select * from studentsinfo where marks>=30 and marks<=90;
+---------+------+-------+--------------+-------------+---------+
| name    | age  | marks | city         | college     | pincode |
+---------+------+-------+--------------+-------------+---------+
| hema    |   21 |    75 | hyb          | pragathi    |  500043 |
| navya   |   21 |    79 | bangl        | pranathi    |  507043 |
| vyshu   |   89 |    39 | chennai      | loyalo      |  781443 |
| kranthi |   25 |    90 | vizag        | vivekananda |  756443 |
| sonia   |   65 |    56 | kakinada     | pragathi    |  432143 |
| sai     |   20 |    90 | uttarpradesh | mnr         |  124743 |
| vyshu   |   29 |    87 | karnataka    | mnr         |  897653 |
| preethi |   39 |    89 | kerala       | kondareedy  |  123453 |
| manasa  |   34 |    78 | hyb          | roas        |  546353 |
+---------+------+-------+--------------+-------------+---------+
9 rows in set (0.00 sec)

mysql> select * from studentsinfo where marks>=21 and marks<=50;
+-------+------+-------+---------+---------+---------+
| name  | age  | marks | city    | college | pincode |
+-------+------+-------+---------+---------+---------+
| vyshu |   89 |    39 | chennai | loyalo  |  781443 |
+-------+------+-------+---------+---------+---------+
1 row in set (0.00 sec)

mysql> select * from studentsinfo where city='kerala' or city='hyb';
+---------+------+-------+--------+------------+---------+
| name    | age  | marks | city   | college    | pincode |
+---------+------+-------+--------+------------+---------+
| hema    |   21 |    75 | hyb    | pragathi   |  500043 |
| sahasra |   29 |    99 | hyb    | sidartha   |  512453 |
| preethi |   39 |    89 | kerala | kondareedy |  123453 |
| manasa  |   34 |    78 | hyb    | roas       |  546353 |
+---------+------+-------+--------+------------+---------+
4 rows in set (0.10 sec)

mysql> select * from studentsinfo where city='hyb'and college='pragathi';
+------+------+-------+------+----------+---------+
| name | age  | marks | city | college  | pincode |
+------+------+-------+------+----------+---------+
| hema |   21 |    75 | hyb  | pragathi |  500043 |
+------+------+-------+------+----------+---------+
1 row in set (0.00 sec)

mysql> select age from studentsinfo where age>=20;
+------+
| age  |
+------+
|   21 |
|   21 |
|   29 |
|   89 |
|   25 |
|   25 |
|   65 |
|   20 |
|   29 |
|   39 |
|   34 |
|   34 |
+------+
12 rows in set (0.00 sec)

mysql> select * from studentsinfo where marks>=50 and city='karnataka';
+-------+------+-------+-----------+---------+---------+
| name  | age  | marks | city      | college | pincode |
+-------+------+-------+-----------+---------+---------+
| vyshu |   29 |    87 | karnataka | mnr     |  897653 |
+-------+------+-------+-----------+---------+---------+
1 row in set (0.00 sec)

mysql> select * from studentsinfo where marks>=50 and city='hyb';
+---------+------+-------+------+----------+---------+
| name    | age  | marks | city | college  | pincode |
+---------+------+-------+------+----------+---------+
| hema    |   21 |    75 | hyb  | pragathi |  500043 |
| sahasra |   29 |    99 | hyb  | sidartha |  512453 |
| manasa  |   34 |    78 | hyb  | roas     |  546353 |
+---------+------+-------+------+----------+---------+
3 rows in set (0.00 sec)

mysql> select * from studentsinfo where marks<=50 and city='hyb';
Empty set (0.00 sec)

mysql> select * from studentsinfo where marks<=50 and city='kerala';
Empty set (0.00 sec)

mysql> select * from studentsinfo where marks>=50 and city='kerala';
+---------+------+-------+--------+------------+---------+
| name    | age  | marks | city   | college    | pincode |
+---------+------+-------+--------+------------+---------+
| preethi |   39 |    89 | kerala | kondareedy |  123453 |
+---------+------+-------+--------+------------+---------+
1 row in set (0.00 sec)

mysql> select * from studentsinfo where college='loyalo'and city='hyb';
Empty set (0.00 sec)

mysql> select * from studentsinfo where college='loyalo'and marks>=45;
Empty set (0.00 sec)

mysql> select * from studentsinfo where college='loyalo'and marks<=45;
+-------+------+-------+---------+---------+---------+
| name  | age  | marks | city    | college | pincode |
+-------+------+-------+---------+---------+---------+
| vyshu |   89 |    39 | chennai | loyalo  |  781443 |
+-------+------+-------+---------+---------+---------+
1 row in set (0.00 sec)

mysql> select * from studentsinfo where college='mnr'and marks>=56;
+-------+------+-------+--------------+---------+---------+
| name  | age  | marks | city         | college | pincode |
+-------+------+-------+--------------+---------+---------+
| sai   |   20 |    90 | uttarpradesh | mnr     |  124743 |
| vyshu |   29 |    87 | karnataka    | mnr     |  897653 |
+-------+------+-------+--------------+---------+---------+
2 rows in set (0.00 sec)

mysql> select * from studentsinfo where city='karnataka' and marks>=50 or city!='karnataka' and marks<=100;
+---------+------+-------+--------------+-------------+---------+
| name    | age  | marks | city         | college     | pincode |
+---------+------+-------+--------------+-------------+---------+
| hema    |   21 |    75 | hyb          | pragathi    |  500043 |
| navya   |   21 |    79 | bangl        | pranathi    |  507043 |
| sahasra |   29 |    99 | hyb          | sidartha    |  512453 |
| vyshu   |   89 |    39 | chennai      | loyalo      |  781443 |
| kranthi |   25 |    90 | vizag        | vivekananda |  756443 |
| navya   |   25 |    95 | jaipur       | vivekananda |  579843 |
| sonia   |   65 |    56 | kakinada     | pragathi    |  432143 |
| sai     |   20 |    90 | uttarpradesh | mnr         |  124743 |
| vyshu   |   29 |    87 | karnataka    | mnr         |  897653 |
| preethi |   39 |    89 | kerala       | kondareedy  |  123453 |
| manasa  |   34 |    78 | hyb          | roas        |  546353 |
| pinky   |   34 |   100 | bangl        | roas        |  345653 |
+---------+------+-------+--------------+-------------+---------+
12 rows in set (0.00 sec)

mysql> select * from studentsinfo;
+---------+------+-------+--------------+-------------+---------+
| name    | age  | marks | city         | college     | pincode |
+---------+------+-------+--------------+-------------+---------+
| hema    |   21 |    75 | hyb          | pragathi    |  500043 |
| navya   |   21 |    79 | bangl        | pranathi    |  507043 |
| sahasra |   29 |    99 | hyb          | sidartha    |  512453 |
| vyshu   |   89 |    39 | chennai      | loyalo      |  781443 |
| kranthi |   25 |    90 | vizag        | vivekananda |  756443 |
| navya   |   25 |    95 | jaipur       | vivekananda |  579843 |
| sonia   |   65 |    56 | kakinada     | pragathi    |  432143 |
| sai     |   20 |    90 | uttarpradesh | mnr         |  124743 |
| vyshu   |   29 |    87 | karnataka    | mnr         |  897653 |
| preethi |   39 |    89 | kerala       | kondareedy  |  123453 |
| manasa  |   34 |    78 | hyb          | roas        |  546353 |
| pinky   |   34 |   100 | bangl        | roas        |  345653 |
+---------+------+-------+--------------+-------------+---------+
12 rows in set (0.00 sec)

mysql> select * from studentsinfo order by marks;
+---------+------+-------+--------------+-------------+---------+
| name    | age  | marks | city         | college     | pincode |
+---------+------+-------+--------------+-------------+---------+
| vyshu   |   89 |    39 | chennai      | loyalo      |  781443 |
| sonia   |   65 |    56 | kakinada     | pragathi    |  432143 |
| hema    |   21 |    75 | hyb          | pragathi    |  500043 |
| manasa  |   34 |    78 | hyb          | roas        |  546353 |
| navya   |   21 |    79 | bangl        | pranathi    |  507043 |
| vyshu   |   29 |    87 | karnataka    | mnr         |  897653 |
| preethi |   39 |    89 | kerala       | kondareedy  |  123453 |
| kranthi |   25 |    90 | vizag        | vivekananda |  756443 |
| sai     |   20 |    90 | uttarpradesh | mnr         |  124743 |
| navya   |   25 |    95 | jaipur       | vivekananda |  579843 |
| sahasra |   29 |    99 | hyb          | sidartha    |  512453 |
| pinky   |   34 |   100 | bangl        | roas        |  345653 |
+---------+------+-------+--------------+-------------+---------+
12 rows in set (0.11 sec)

mysql> select * from studentsinfo order by age;
+---------+------+-------+--------------+-------------+---------+
| name    | age  | marks | city         | college     | pincode |
+---------+------+-------+--------------+-------------+---------+
| sai     |   20 |    90 | uttarpradesh | mnr         |  124743 |
| hema    |   21 |    75 | hyb          | pragathi    |  500043 |
| navya   |   21 |    79 | bangl        | pranathi    |  507043 |
| kranthi |   25 |    90 | vizag        | vivekananda |  756443 |
| navya   |   25 |    95 | jaipur       | vivekananda |  579843 |
| sahasra |   29 |    99 | hyb          | sidartha    |  512453 |
| vyshu   |   29 |    87 | karnataka    | mnr         |  897653 |
| manasa  |   34 |    78 | hyb          | roas        |  546353 |
| pinky   |   34 |   100 | bangl        | roas        |  345653 |
| preethi |   39 |    89 | kerala       | kondareedy  |  123453 |
| sonia   |   65 |    56 | kakinada     | pragathi    |  432143 |
| vyshu   |   89 |    39 | chennai      | loyalo      |  781443 |
+---------+------+-------+--------------+-------------+---------+
12 rows in set (0.00 sec)

mysql> select * from studentsinfo order by names;
ERROR 1054 (42S22): Unknown column 'names' in 'order clause'
mysql> select * from studentsinfo order by marks asc;
+---------+------+-------+--------------+-------------+---------+
| name    | age  | marks | city         | college     | pincode |
+---------+------+-------+--------------+-------------+---------+
| vyshu   |   89 |    39 | chennai      | loyalo      |  781443 |
| sonia   |   65 |    56 | kakinada     | pragathi    |  432143 |
| hema    |   21 |    75 | hyb          | pragathi    |  500043 |
| manasa  |   34 |    78 | hyb          | roas        |  546353 |
| navya   |   21 |    79 | bangl        | pranathi    |  507043 |
| vyshu   |   29 |    87 | karnataka    | mnr         |  897653 |
| preethi |   39 |    89 | kerala       | kondareedy  |  123453 |
| kranthi |   25 |    90 | vizag        | vivekananda |  756443 |
| sai     |   20 |    90 | uttarpradesh | mnr         |  124743 |
| navya   |   25 |    95 | jaipur       | vivekananda |  579843 |
| sahasra |   29 |    99 | hyb          | sidartha    |  512453 |
| pinky   |   34 |   100 | bangl        | roas        |  345653 |
+---------+------+-------+--------------+-------------+---------+
12 rows in set (0.00 sec)

mysql> select * from studentsinfo order by marks desc;
+---------+------+-------+--------------+-------------+---------+
| name    | age  | marks | city         | college     | pincode |
+---------+------+-------+--------------+-------------+---------+
| pinky   |   34 |   100 | bangl        | roas        |  345653 |
| sahasra |   29 |    99 | hyb          | sidartha    |  512453 |
| navya   |   25 |    95 | jaipur       | vivekananda |  579843 |
| kranthi |   25 |    90 | vizag        | vivekananda |  756443 |
| sai     |   20 |    90 | uttarpradesh | mnr         |  124743 |
| preethi |   39 |    89 | kerala       | kondareedy  |  123453 |
| vyshu   |   29 |    87 | karnataka    | mnr         |  897653 |
| navya   |   21 |    79 | bangl        | pranathi    |  507043 |
| manasa  |   34 |    78 | hyb          | roas        |  546353 |
| hema    |   21 |    75 | hyb          | pragathi    |  500043 |
| sonia   |   65 |    56 | kakinada     | pragathi    |  432143 |
| vyshu   |   89 |    39 | chennai      | loyalo      |  781443 |
+---------+------+-------+--------------+-------------+---------+
12 rows in set (0.00 sec)

mysql> select * from studentsinfo order by name desc;
+---------+------+-------+--------------+-------------+---------+
| name    | age  | marks | city         | college     | pincode |
+---------+------+-------+--------------+-------------+---------+
| vyshu   |   89 |    39 | chennai      | loyalo      |  781443 |
| vyshu   |   29 |    87 | karnataka    | mnr         |  897653 |
| sonia   |   65 |    56 | kakinada     | pragathi    |  432143 |
| sai     |   20 |    90 | uttarpradesh | mnr         |  124743 |
| sahasra |   29 |    99 | hyb          | sidartha    |  512453 |
| preethi |   39 |    89 | kerala       | kondareedy  |  123453 |
| pinky   |   34 |   100 | bangl        | roas        |  345653 |
| navya   |   25 |    95 | jaipur       | vivekananda |  579843 |
| navya   |   21 |    79 | bangl        | pranathi    |  507043 |
| manasa  |   34 |    78 | hyb          | roas        |  546353 |
| kranthi |   25 |    90 | vizag        | vivekananda |  756443 |
| hema    |   21 |    75 | hyb          | pragathi    |  500043 |
+---------+------+-------+--------------+-------------+---------+
12 rows in set (0.00 sec)

mysql> select * from studentsinfo order by name asc;
+---------+------+-------+--------------+-------------+---------+
| name    | age  | marks | city         | college     | pincode |
+---------+------+-------+--------------+-------------+---------+
| hema    |   21 |    75 | hyb          | pragathi    |  500043 |
| kranthi |   25 |    90 | vizag        | vivekananda |  756443 |
| manasa  |   34 |    78 | hyb          | roas        |  546353 |
| navya   |   21 |    79 | bangl        | pranathi    |  507043 |
| navya   |   25 |    95 | jaipur       | vivekananda |  579843 |
| pinky   |   34 |   100 | bangl        | roas        |  345653 |
| preethi |   39 |    89 | kerala       | kondareedy  |  123453 |
| sahasra |   29 |    99 | hyb          | sidartha    |  512453 |
| sai     |   20 |    90 | uttarpradesh | mnr         |  124743 |
| sonia   |   65 |    56 | kakinada     | pragathi    |  432143 |
| vyshu   |   89 |    39 | chennai      | loyalo      |  781443 |
| vyshu   |   29 |    87 | karnataka    | mnr         |  897653 |
+---------+------+-------+--------------+-------------+---------+
12 rows in set (0.00 sec)

mysql> select * from studentsinfo order by age;
+---------+------+-------+--------------+-------------+---------+
| name    | age  | marks | city         | college     | pincode |
+---------+------+-------+--------------+-------------+---------+
| sai     |   20 |    90 | uttarpradesh | mnr         |  124743 |
| hema    |   21 |    75 | hyb          | pragathi    |  500043 |
| navya   |   21 |    79 | bangl        | pranathi    |  507043 |
| kranthi |   25 |    90 | vizag        | vivekananda |  756443 |
| navya   |   25 |    95 | jaipur       | vivekananda |  579843 |
| sahasra |   29 |    99 | hyb          | sidartha    |  512453 |
| vyshu   |   29 |    87 | karnataka    | mnr         |  897653 |
| manasa  |   34 |    78 | hyb          | roas        |  546353 |
| pinky   |   34 |   100 | bangl        | roas        |  345653 |
| preethi |   39 |    89 | kerala       | kondareedy  |  123453 |
| sonia   |   65 |    56 | kakinada     | pragathi    |  432143 |
| vyshu   |   89 |    39 | chennai      | loyalo      |  781443 |
+---------+------+-------+--------------+-------------+---------+
12 rows in set (0.00 sec)

mysql> select * from studentsinfo order by age desc;
+---------+------+-------+--------------+-------------+---------+
| name    | age  | marks | city         | college     | pincode |
+---------+------+-------+--------------+-------------+---------+
| vyshu   |   89 |    39 | chennai      | loyalo      |  781443 |
| sonia   |   65 |    56 | kakinada     | pragathi    |  432143 |
| preethi |   39 |    89 | kerala       | kondareedy  |  123453 |
| manasa  |   34 |    78 | hyb          | roas        |  546353 |
| pinky   |   34 |   100 | bangl        | roas        |  345653 |
| vyshu   |   29 |    87 | karnataka    | mnr         |  897653 |
| sahasra |   29 |    99 | hyb          | sidartha    |  512453 |
| navya   |   25 |    95 | jaipur       | vivekananda |  579843 |
| kranthi |   25 |    90 | vizag        | vivekananda |  756443 |
| navya   |   21 |    79 | bangl        | pranathi    |  507043 |
| hema    |   21 |    75 | hyb          | pragathi    |  500043 |
| sai     |   20 |    90 | uttarpradesh | mnr         |  124743 |
+---------+------+-------+--------------+-------------+---------+
12 rows in set (0.00 sec)

mysql> select * from studentsinfo order by city;
+---------+------+-------+--------------+-------------+---------+
| name    | age  | marks | city         | college     | pincode |
+---------+------+-------+--------------+-------------+---------+
| pinky   |   34 |   100 | bangl        | roas        |  345653 |
| navya   |   21 |    79 | bangl        | pranathi    |  507043 |
| vyshu   |   89 |    39 | chennai      | loyalo      |  781443 |
| manasa  |   34 |    78 | hyb          | roas        |  546353 |
| hema    |   21 |    75 | hyb          | pragathi    |  500043 |
| sahasra |   29 |    99 | hyb          | sidartha    |  512453 |
| navya   |   25 |    95 | jaipur       | vivekananda |  579843 |
| sonia   |   65 |    56 | kakinada     | pragathi    |  432143 |
| vyshu   |   29 |    87 | karnataka    | mnr         |  897653 |
| preethi |   39 |    89 | kerala       | kondareedy  |  123453 |
| sai     |   20 |    90 | uttarpradesh | mnr         |  124743 |
| kranthi |   25 |    90 | vizag        | vivekananda |  756443 |
+---------+------+-------+--------------+-------------+---------+
12 rows in set (0.01 sec)

mysql>
mysql> select * from studentsinfo order by city desc;
+---------+------+-------+--------------+-------------+---------+
| name    | age  | marks | city         | college     | pincode |
+---------+------+-------+--------------+-------------+---------+
| kranthi |   25 |    90 | vizag        | vivekananda |  756443 |
| sai     |   20 |    90 | uttarpradesh | mnr         |  124743 |
| preethi |   39 |    89 | kerala       | kondareedy  |  123453 |
| vyshu   |   29 |    87 | karnataka    | mnr         |  897653 |
| sonia   |   65 |    56 | kakinada     | pragathi    |  432143 |
| navya   |   25 |    95 | jaipur       | vivekananda |  579843 |
| manasa  |   34 |    78 | hyb          | roas        |  546353 |
| hema    |   21 |    75 | hyb          | pragathi    |  500043 |
| sahasra |   29 |    99 | hyb          | sidartha    |  512453 |
| vyshu   |   89 |    39 | chennai      | loyalo      |  781443 |
| navya   |   21 |    79 | bangl        | pranathi    |  507043 |
| pinky   |   34 |   100 | bangl        | roas        |  345653 |
+---------+------+-------+--------------+-------------+---------+
12 rows in set (0.00 sec)

mysql> select * from studentsinfo order by marks;
+---------+------+-------+--------------+-------------+---------+
| name    | age  | marks | city         | college     | pincode |
+---------+------+-------+--------------+-------------+---------+
| vyshu   |   89 |    39 | chennai      | loyalo      |  781443 |
| sonia   |   65 |    56 | kakinada     | pragathi    |  432143 |
| hema    |   21 |    75 | hyb          | pragathi    |  500043 |
| manasa  |   34 |    78 | hyb          | roas        |  546353 |
| navya   |   21 |    79 | bangl        | pranathi    |  507043 |
| vyshu   |   29 |    87 | karnataka    | mnr         |  897653 |
| preethi |   39 |    89 | kerala       | kondareedy  |  123453 |
| kranthi |   25 |    90 | vizag        | vivekananda |  756443 |
| sai     |   20 |    90 | uttarpradesh | mnr         |  124743 |
| navya   |   25 |    95 | jaipur       | vivekananda |  579843 |
| sahasra |   29 |    99 | hyb          | sidartha    |  512453 |
| pinky   |   34 |   100 | bangl        | roas        |  345653 |
+---------+------+-------+--------------+-------------+---------+
12 rows in set (0.00 sec)

mysql> select * from studentsinfo order by marks and age;
+---------+------+-------+--------------+-------------+---------+
| name    | age  | marks | city         | college     | pincode |
+---------+------+-------+--------------+-------------+---------+
| hema    |   21 |    75 | hyb          | pragathi    |  500043 |
| manasa  |   34 |    78 | hyb          | roas        |  546353 |
| preethi |   39 |    89 | kerala       | kondareedy  |  123453 |
| vyshu   |   29 |    87 | karnataka    | mnr         |  897653 |
| sai     |   20 |    90 | uttarpradesh | mnr         |  124743 |
| sonia   |   65 |    56 | kakinada     | pragathi    |  432143 |
| navya   |   25 |    95 | jaipur       | vivekananda |  579843 |
| kranthi |   25 |    90 | vizag        | vivekananda |  756443 |
| vyshu   |   89 |    39 | chennai      | loyalo      |  781443 |
| sahasra |   29 |    99 | hyb          | sidartha    |  512453 |
| navya   |   21 |    79 | bangl        | pranathi    |  507043 |
| pinky   |   34 |   100 | bangl        | roas        |  345653 |
+---------+------+-------+--------------+-------------+---------+
12 rows in set (0.10 sec)

mysql> select * from studentsinfo order by marks and age asc;
+---------+------+-------+--------------+-------------+---------+
| name    | age  | marks | city         | college     | pincode |
+---------+------+-------+--------------+-------------+---------+
| hema    |   21 |    75 | hyb          | pragathi    |  500043 |
| manasa  |   34 |    78 | hyb          | roas        |  546353 |
| preethi |   39 |    89 | kerala       | kondareedy  |  123453 |
| vyshu   |   29 |    87 | karnataka    | mnr         |  897653 |
| sai     |   20 |    90 | uttarpradesh | mnr         |  124743 |
| sonia   |   65 |    56 | kakinada     | pragathi    |  432143 |
| navya   |   25 |    95 | jaipur       | vivekananda |  579843 |
| kranthi |   25 |    90 | vizag        | vivekananda |  756443 |
| vyshu   |   89 |    39 | chennai      | loyalo      |  781443 |
| sahasra |   29 |    99 | hyb          | sidartha    |  512453 |
| navya   |   21 |    79 | bangl        | pranathi    |  507043 |
| pinky   |   34 |   100 | bangl        | roas        |  345653 |
+---------+------+-------+--------------+-------------+---------+
12 rows in set (0.00 sec)

mysql> select * from studentsinfo order by pincode;
+---------+------+-------+--------------+-------------+---------+
| name    | age  | marks | city         | college     | pincode |
+---------+------+-------+--------------+-------------+---------+
| preethi |   39 |    89 | kerala       | kondareedy  |  123453 |
| sai     |   20 |    90 | uttarpradesh | mnr         |  124743 |
| pinky   |   34 |   100 | bangl        | roas        |  345653 |
| sonia   |   65 |    56 | kakinada     | pragathi    |  432143 |
| hema    |   21 |    75 | hyb          | pragathi    |  500043 |
| navya   |   21 |    79 | bangl        | pranathi    |  507043 |
| sahasra |   29 |    99 | hyb          | sidartha    |  512453 |
| manasa  |   34 |    78 | hyb          | roas        |  546353 |
| navya   |   25 |    95 | jaipur       | vivekananda |  579843 |
| kranthi |   25 |    90 | vizag        | vivekananda |  756443 |
| vyshu   |   89 |    39 | chennai      | loyalo      |  781443 |
| vyshu   |   29 |    87 | karnataka    | mnr         |  897653 |
+---------+------+-------+--------------+-------------+---------+
12 rows in set (0.00 sec)

mysql> select * from studentsinfo order by pincode<=578901 and city!='hyb';
+---------+------+-------+--------------+-------------+---------+
| name    | age  | marks | city         | college     | pincode |
+---------+------+-------+--------------+-------------+---------+
| hema    |   21 |    75 | hyb          | pragathi    |  500043 |
| manasa  |   34 |    78 | hyb          | roas        |  546353 |
| sahasra |   29 |    99 | hyb          | sidartha    |  512453 |
| vyshu   |   89 |    39 | chennai      | loyalo      |  781443 |
| kranthi |   25 |    90 | vizag        | vivekananda |  756443 |
| navya   |   25 |    95 | jaipur       | vivekananda |  579843 |
| vyshu   |   29 |    87 | karnataka    | mnr         |  897653 |
| preethi |   39 |    89 | kerala       | kondareedy  |  123453 |
| sai     |   20 |    90 | uttarpradesh | mnr         |  124743 |
| sonia   |   65 |    56 | kakinada     | pragathi    |  432143 |
| navya   |   21 |    79 | bangl        | pranathi    |  507043 |
| pinky   |   34 |   100 | bangl        | roas        |  345653 |
+---------+------+-------+--------------+-------------+---------+
12 rows in set (0.00 sec)

mysql> select * from studentsinfo order by pincode<=578901 and city='hyb';
+---------+------+-------+--------------+-------------+---------+
| name    | age  | marks | city         | college     | pincode |
+---------+------+-------+--------------+-------------+---------+
| pinky   |   34 |   100 | bangl        | roas        |  345653 |
| preethi |   39 |    89 | kerala       | kondareedy  |  123453 |
| vyshu   |   29 |    87 | karnataka    | mnr         |  897653 |
| sai     |   20 |    90 | uttarpradesh | mnr         |  124743 |
| sonia   |   65 |    56 | kakinada     | pragathi    |  432143 |
| navya   |   25 |    95 | jaipur       | vivekananda |  579843 |
| kranthi |   25 |    90 | vizag        | vivekananda |  756443 |
| vyshu   |   89 |    39 | chennai      | loyalo      |  781443 |
| navya   |   21 |    79 | bangl        | pranathi    |  507043 |
| sahasra |   29 |    99 | hyb          | sidartha    |  512453 |
| manasa  |   34 |    78 | hyb          | roas        |  546353 |
| hema    |   21 |    75 | hyb          | pragathi    |  500043 |
+---------+------+-------+--------------+-------------+---------+
12 rows in set (0.00 sec)

mysql> select city from studentsinfo where marks>=50;
+--------------+
| city         |
+--------------+
| hyb          |
| bangl        |
| hyb          |
| vizag        |
| jaipur       |
| kakinada     |
| uttarpradesh |
| karnataka    |
| kerala       |
| hyb          |
| bangl        |
+--------------+
11 rows in set (0.00 sec)

mysql> select min(marks) from studentsinfo;
+------------+
| min(marks) |
+------------+
|         39 |
+------------+
1 row in set (0.12 sec)

mysql> select * from studentsinfo where marks>=50;
+---------+------+-------+--------------+-------------+---------+
| name    | age  | marks | city         | college     | pincode |
+---------+------+-------+--------------+-------------+---------+
| hema    |   21 |    75 | hyb          | pragathi    |  500043 |
| navya   |   21 |    79 | bangl        | pranathi    |  507043 |
| sahasra |   29 |    99 | hyb          | sidartha    |  512453 |
| kranthi |   25 |    90 | vizag        | vivekananda |  756443 |
| navya   |   25 |    95 | jaipur       | vivekananda |  579843 |
| sonia   |   65 |    56 | kakinada     | pragathi    |  432143 |
| sai     |   20 |    90 | uttarpradesh | mnr         |  124743 |
| vyshu   |   29 |    87 | karnataka    | mnr         |  897653 |
| preethi |   39 |    89 | kerala       | kondareedy  |  123453 |
| manasa  |   34 |    78 | hyb          | roas        |  546353 |
| pinky   |   34 |   100 | bangl        | roas        |  345653 |
+---------+------+-------+--------------+-------------+---------+
11 rows in set (0.00 sec)

mysql> select age from studentsinfo order by age;
+------+
| age  |
+------+
|   20 |
|   21 |
|   21 |
|   25 |
|   25 |
|   29 |
|   29 |
|   34 |
|   34 |
|   39 |
|   65 |
|   89 |
+------+
12 rows in set (0.00 sec)

mysql> select min(marks) as 'least marks' from studentsinfo;
+-------------+
| least marks |
+-------------+
|          39 |
+-------------+
1 row in set (0.09 sec)

mysql> select max(marks) as 'highest marks' from studentsinfo;
+---------------+
| highest marks |
+---------------+
|           100 |
+---------------+
1 row in set (0.00 sec)

mysql> select max(marks) as highest_ marks from studentsinfo;
ERROR 1064 (42000): You have an error in your SQL syntax; check the manual that corresponds to your MySQL server version for the right syntax to use near 'marks from studentsinfo' at line 1
mysql> select max(marks) as high_score from studentsinfo;
+------------+
| high_score |
+------------+
|        100 |
+------------+
1 row in set (0.11 sec)

mysql> select max(age) from studentsinfo;
+----------+
| max(age) |
+----------+
|       89 |
+----------+
1 row in set (0.00 sec)

mysql> select * from studentsinfo where max(age);
ERROR 1111 (HY000): Invalid use of group function
mysql> select * from studentsinfo where  age<=25;
+---------+------+-------+--------------+-------------+---------+
| name    | age  | marks | city         | college     | pincode |
+---------+------+-------+--------------+-------------+---------+
| hema    |   21 |    75 | hyb          | pragathi    |  500043 |
| navya   |   21 |    79 | bangl        | pranathi    |  507043 |
| kranthi |   25 |    90 | vizag        | vivekananda |  756443 |
| navya   |   25 |    95 | jaipur       | vivekananda |  579843 |
| sai     |   20 |    90 | uttarpradesh | mnr         |  124743 |
+---------+------+-------+--------------+-------------+---------+
5 rows in set (0.00 sec)

mysql> select min(age) from studentsinfo;
+----------+
| min(age) |
+----------+
|       20 |
+----------+
1 row in set (0.00 sec)

mysql> select min(age) as 'minimum age' from studentsinfo;
+-------------+
| minimum age |
+-------------+
|          20 |
+-------------+
1 row in set (0.01 sec)

mysql> select min(age) as minimum_age from studentsinfo;
+-------------+
| minimum_age |
+-------------+
|          20 |
+-------------+
1 row in set (0.01 sec)

mysql> select * from studentsinfo;
+---------+------+-------+--------------+-------------+---------+
| name    | age  | marks | city         | college     | pincode |
+---------+------+-------+--------------+-------------+---------+
| hema    |   21 |    75 | hyb          | pragathi    |  500043 |
| navya   |   21 |    79 | bangl        | pranathi    |  507043 |
| sahasra |   29 |    99 | hyb          | sidartha    |  512453 |
| vyshu   |   89 |    39 | chennai      | loyalo      |  781443 |
| kranthi |   25 |    90 | vizag        | vivekananda |  756443 |
| navya   |   25 |    95 | jaipur       | vivekananda |  579843 |
| sonia   |   65 |    56 | kakinada     | pragathi    |  432143 |
| sai     |   20 |    90 | uttarpradesh | mnr         |  124743 |
| vyshu   |   29 |    87 | karnataka    | mnr         |  897653 |
| preethi |   39 |    89 | kerala       | kondareedy  |  123453 |
| manasa  |   34 |    78 | hyb          | roas        |  546353 |
| pinky   |   34 |   100 | bangl        | roas        |  345653 |
+---------+------+-------+--------------+-------------+---------+
12 rows in set (0.00 sec)

mysql> select min(city) from studentsinfo;
+-----------+
| min(city) |
+-----------+
| bangl     |
+-----------+
1 row in set (0.10 sec)

mysql> select max(city) from studentsinfo;
+-----------+
| max(city) |
+-----------+
| vizag     |
+-----------+
1 row in set (0.01 sec)

mysql> select max(city) as 'maximum city' from studentsinfo;
+--------------+
| maximum city |
+--------------+
| vizag        |
+--------------+
1 row in set (0.00 sec)

mysql> select min(city) as 'minimum city'from studentsinfo;
+--------------+
| minimum city |
+--------------+
| bangl        |
+--------------+
1 row in set (0.00 sec)

mysql> select min(college) from studentsinfo;
+--------------+
| min(college) |
+--------------+
| kondareedy   |
+--------------+
1 row in set (0.00 sec)

mysql> select min(college) as mimimum_college from studentsinfo;
+-----------------+
| mimimum_college |
+-----------------+
| kondareedy      |
+-----------------+
1 row in set (0.00 sec)

mysql> select max(college) as maximum_college from studentsinfo;
+-----------------+
| maximum_college |
+-----------------+
| vivekananda     |
+-----------------+
1 row in set (0.00 sec)

mysql> select sum(marks) from studentsinfo;
+------------+
| sum(marks) |
+------------+
|        977 |
+------------+
1 row in set (0.05 sec)

mysql> select sum(marks) as total_marks from studentsinfo;
+-------------+
| total_marks |
+-------------+
|         977 |
+-------------+
1 row in set (0.00 sec)

mysql> select avg(marks) as average_marks from studentsinfo;
+---------------+
| average_marks |
+---------------+
|       81.4167 |
+---------------+
1 row in set (0.00 sec)

mysql> select avg(marks) as average_marks from studentsinfo where city='hyb';
+---------------+
| average_marks |
+---------------+
|       84.0000 |
+---------------+
1 row in set (0.00 sec)

mysql> select avg(marks) as average_marks from studentsinfo where city='bangl';
+---------------+
| average_marks |
+---------------+
|       89.5000 |
+---------------+
1 row in set (0.00 sec)

mysql> select sum(marks) as total_marks from studentsinfo where city='bangl';
+-------------+
| total_marks |
+-------------+
|         179 |
+-------------+
1 row in set (0.00 sec)

mysql> select sum(marks) as total_marks from studentsinfo where city='kerala';
+-------------+
| total_marks |
+-------------+
|          89 |
+-------------+
1 row in set (0.00 sec)

mysql> select count(*) from studentsinfo;
+----------+
| count(*) |
+----------+
|       12 |
+----------+
1 row in set (0.01 sec)

mysql> select count(*) as total number of rows where city='hyb';
ERROR 1064 (42000): You have an error in your SQL syntax; check the manual that corresponds to your MySQL server version for the right syntax to use near 'number of rows where city='hyb'' at line 1
mysql> select count(*) as total number of rows from studentsinfo  where city='hyb';
ERROR 1064 (42000): You have an error in your SQL syntax; check the manual that corresponds to your MySQL server version for the right syntax to use near 'number of rows from studentsinfo  where city='hyb'' at line 1
mysql> select min(age) as 'minimum age' from studentsinfo;




































































































































































































































Enter password: ****
Welcome to the MySQL monitor.  Commands end with ; or \g.
Your MySQL connection id is 31
Server version: 5.5.62 MySQL Community Server (GPL)

Copyright (c) 2000, 2018, Oracle and/or its affiliates. All rights reserved.

Oracle is a registered trademark of Oracle Corporation and/or its
affiliates. Other names may be trademarks of their respective
owners.

Type 'help;' or '\h' for help. Type '\c' to clear the current input statement.

mysql> show databases;
+--------------------+
| Database           |
+--------------------+
| information_schema |
| abc                |
| mysql              |
| performance_schema |
+--------------------+
4 rows in set (0.05 sec)

mysql> drop database abc;
Query OK, 1 row affected (0.60 sec)

mysql> show databases;
+--------------------+
| Database           |
+--------------------+
| information_schema |
| mysql              |
| performance_schema |
+--------------------+
3 rows in set (0.00 sec)

mysql> create database abc;
Query OK, 1 row affected (0.00 sec)

mysql> show databases;
+--------------------+
| Database           |
+--------------------+
| information_schema |
| abc                |
| mysql              |
| performance_schema |
+--------------------+
4 rows in set (0.00 sec)

mysql> use abc;
Database changed
mysql> create table studentsinfo(name varchar(20),age int,marks int,city varchar(20),college varchar(20),pincode int);
Query OK, 0 rows affected (0.08 sec)

mysql> show tables;
+---------------+
| Tables_in_abc |
+---------------+
| studentsinfo  |
+---------------+
1 row in set (0.00 sec)

mysql> desc studentsinfo;
+---------+-------------+------+-----+---------+-------+
| Field   | Type        | Null | Key | Default | Extra |
+---------+-------------+------+-----+---------+-------+
| name    | varchar(20) | YES  |     | NULL    |       |
| age     | int(11)     | YES  |     | NULL    |       |
| marks   | int(11)     | YES  |     | NULL    |       |
| city    | varchar(20) | YES  |     | NULL    |       |
| college | varchar(20) | YES  |     | NULL    |       |
| pincode | int(11)     | YES  |     | NULL    |       |
+---------+-------------+------+-----+---------+-------+
6 rows in set (0.16 sec)

mysql> insert into studentsinfo values('hema',21,75,'hyb','pragathi',500043);
Query OK, 1 row affected (0.20 sec)

mysql> insert into studentsinfo values('navya',21,79,'bangl','pranathi',507043);
Query OK, 1 row affected (0.13 sec)

mysql> insert into studentsinfo values('sahasra',29 ,99,'hyb','sidartha',512453);
Query OK, 1 row affected (0.05 sec)

mysql> insert into studentsinfo values('vyshu',89,39,'chennai','loyalo',781443);
Query OK, 1 row affected (0.02 sec)

mysql> insert into studentsinfo values('kranthi',25,90,'vizag','vivekananda',756443);
Query OK, 1 row affected (0.16 sec)

mysql> insert into studentsinfo values('navya',25,95,'jaipur','vivekananda'579843);
ERROR 1064 (42000): You have an error in your SQL syntax; check the manual that corresponds to your MySQL server version for the right syntax to use near '579843)' at line 1
mysql> insert into studentsinfo values('navya',25,95,'jaipur','vivekananda',579843);
Query OK, 1 row affected (0.11 sec)

mysql> insert into studentsinfo values('sonia',65,56,'kakinada','pragathi',432143);
Query OK, 1 row affected (0.03 sec)

mysql> insert into studentsinfo values('sai',20,90,'uttarpradesh','mnr',124743);
Query OK, 1 row affected (0.30 sec)

mysql> insert into studentsinfo values('vyshu',29,87,'karnataka','mnr',897653);
Query OK, 1 row affected (0.05 sec)

mysql> insert into studentsinfo values('preethi',39,89,'kerala','kondareedy',123453);
Query OK, 1 row affected (0.04 sec)

mysql> insert into studentsinfo values('manasa',34,78,'hyb','roas',546353);
Query OK, 1 row affected (0.10 sec)

mysql> insert into studentsinfo values('pinky',34,100,'bangl','roas',345653);
Query OK, 1 row affected (0.05 sec)

mysql> select * from studentsinfo;
+---------+------+-------+--------------+-------------+---------+
| name    | age  | marks | city         | college     | pincode |
+---------+------+-------+--------------+-------------+---------+
| hema    |   21 |    75 | hyb          | pragathi    |  500043 |
| navya   |   21 |    79 | bangl        | pranathi    |  507043 |
| sahasra |   29 |    99 | hyb          | sidartha    |  512453 |
| vyshu   |   89 |    39 | chennai      | loyalo      |  781443 |
| kranthi |   25 |    90 | vizag        | vivekananda |  756443 |
| navya   |   25 |    95 | jaipur       | vivekananda |  579843 |
| sonia   |   65 |    56 | kakinada     | pragathi    |  432143 |
| sai     |   20 |    90 | uttarpradesh | mnr         |  124743 |
| vyshu   |   29 |    87 | karnataka    | mnr         |  897653 |
| preethi |   39 |    89 | kerala       | kondareedy  |  123453 |
| manasa  |   34 |    78 | hyb          | roas        |  546353 |
| pinky   |   34 |   100 | bangl        | roas        |  345653 |
+---------+------+-------+--------------+-------------+---------+
12 rows in set (0.00 sec)

mysql> select * from studentsinfo where name=vyshu;
ERROR 1054 (42S22): Unknown column 'vyshu' in 'where clause'
mysql> select * from studentsinfo where name='vyshu';
+-------+------+-------+-----------+---------+---------+
| name  | age  | marks | city      | college | pincode |
+-------+------+-------+-----------+---------+---------+
| vyshu |   89 |    39 | chennai   | loyalo  |  781443 |
| vyshu |   29 |    87 | karnataka | mnr     |  897653 |
+-------+------+-------+-----------+---------+---------+
2 rows in set (0.10 sec)

mysql> select * from studentsinfo where name='vyshu' and city='chennai';
+-------+------+-------+---------+---------+---------+
| name  | age  | marks | city    | college | pincode |
+-------+------+-------+---------+---------+---------+
| vyshu |   89 |    39 | chennai | loyalo  |  781443 |
+-------+------+-------+---------+---------+---------+
1 row in set (0.00 sec)

mysql> select name,age,city from studentsinfo;
+---------+------+--------------+
| name    | age  | city         |
+---------+------+--------------+
| hema    |   21 | hyb          |
| navya   |   21 | bangl        |
| sahasra |   29 | hyb          |
| vyshu   |   89 | chennai      |
| kranthi |   25 | vizag        |
| navya   |   25 | jaipur       |
| sonia   |   65 | kakinada     |
| sai     |   20 | uttarpradesh |
| vyshu   |   29 | karnataka    |
| preethi |   39 | kerala       |
| manasa  |   34 | hyb          |
| pinky   |   34 | bangl        |
+---------+------+--------------+
12 rows in set (0.00 sec)

mysql> select age from studentsinfo where age>=25;
+------+
| age  |
+------+
|   29 |
|   89 |
|   25 |
|   25 |
|   65 |
|   29 |
|   39 |
|   34 |
|   34 |
+------+
9 rows in set (0.00 sec)

mysql> select age,name from studentsinfo where age>=25;
+------+---------+
| age  | name    |
+------+---------+
|   29 | sahasra |
|   89 | vyshu   |
|   25 | kranthi |
|   25 | navya   |
|   65 | sonia   |
|   29 | vyshu   |
|   39 | preethi |
|   34 | manasa  |
|   34 | pinky   |
+------+---------+
9 rows in set (0.00 sec)

mysql> select marks,name,age from studentsinfo where marks<=80 and age>=21;
+-------+--------+------+
| marks | name   | age  |
+-------+--------+------+
|    75 | hema   |   21 |
|    79 | navya  |   21 |
|    39 | vyshu  |   89 |
|    56 | sonia  |   65 |
|    78 | manasa |   34 |
+-------+--------+------+
5 rows in set (0.00 sec)

mysql> select * from studentsinfo;
+---------+------+-------+--------------+-------------+---------+
| name    | age  | marks | city         | college     | pincode |
+---------+------+-------+--------------+-------------+---------+
| hema    |   21 |    75 | hyb          | pragathi    |  500043 |
| navya   |   21 |    79 | bangl        | pranathi    |  507043 |
| sahasra |   29 |    99 | hyb          | sidartha    |  512453 |
| vyshu   |   89 |    39 | chennai      | loyalo      |  781443 |
| kranthi |   25 |    90 | vizag        | vivekananda |  756443 |
| navya   |   25 |    95 | jaipur       | vivekananda |  579843 |
| sonia   |   65 |    56 | kakinada     | pragathi    |  432143 |
| sai     |   20 |    90 | uttarpradesh | mnr         |  124743 |
| vyshu   |   29 |    87 | karnataka    | mnr         |  897653 |
| preethi |   39 |    89 | kerala       | kondareedy  |  123453 |
| manasa  |   34 |    78 | hyb          | roas        |  546353 |
| pinky   |   34 |   100 | bangl        | roas        |  345653 |
+---------+------+-------+--------------+-------------+---------+
12 rows in set (0.00 sec)

mysql> select * from studentsinfo where pincode=897653;
+-------+------+-------+-----------+---------+---------+
| name  | age  | marks | city      | college | pincode |
+-------+------+-------+-----------+---------+---------+
| vyshu |   29 |    87 | karnataka | mnr     |  897653 |
+-------+------+-------+-----------+---------+---------+
1 row in set (0.00 sec)

mysql> select * from studentsinfo where pincode<578943;
+---------+------+-------+--------------+------------+---------+
| name    | age  | marks | city         | college    | pincode |
+---------+------+-------+--------------+------------+---------+
| hema    |   21 |    75 | hyb          | pragathi   |  500043 |
| navya   |   21 |    79 | bangl        | pranathi   |  507043 |
| sahasra |   29 |    99 | hyb          | sidartha   |  512453 |
| sonia   |   65 |    56 | kakinada     | pragathi   |  432143 |
| sai     |   20 |    90 | uttarpradesh | mnr        |  124743 |
| preethi |   39 |    89 | kerala       | kondareedy |  123453 |
| manasa  |   34 |    78 | hyb          | roas       |  546353 |
| pinky   |   34 |   100 | bangl        | roas       |  345653 |
+---------+------+-------+--------------+------------+---------+
8 rows in set (0.00 sec)

mysql> select * from studentsinfo where marks>=30 and marks<=90;
+---------+------+-------+--------------+-------------+---------+
| name    | age  | marks | city         | college     | pincode |
+---------+------+-------+--------------+-------------+---------+
| hema    |   21 |    75 | hyb          | pragathi    |  500043 |
| navya   |   21 |    79 | bangl        | pranathi    |  507043 |
| vyshu   |   89 |    39 | chennai      | loyalo      |  781443 |
| kranthi |   25 |    90 | vizag        | vivekananda |  756443 |
| sonia   |   65 |    56 | kakinada     | pragathi    |  432143 |
| sai     |   20 |    90 | uttarpradesh | mnr         |  124743 |
| vyshu   |   29 |    87 | karnataka    | mnr         |  897653 |
| preethi |   39 |    89 | kerala       | kondareedy  |  123453 |
| manasa  |   34 |    78 | hyb          | roas        |  546353 |
+---------+------+-------+--------------+-------------+---------+
9 rows in set (0.00 sec)

mysql> select * from studentsinfo where marks>=21 and marks<=50;
+-------+------+-------+---------+---------+---------+
| name  | age  | marks | city    | college | pincode |
+-------+------+-------+---------+---------+---------+
| vyshu |   89 |    39 | chennai | loyalo  |  781443 |
+-------+------+-------+---------+---------+---------+
1 row in set (0.00 sec)

mysql> select * from studentsinfo where city='kerala' or city='hyb';
+---------+------+-------+--------+------------+---------+
| name    | age  | marks | city   | college    | pincode |
+---------+------+-------+--------+------------+---------+
| hema    |   21 |    75 | hyb    | pragathi   |  500043 |
| sahasra |   29 |    99 | hyb    | sidartha   |  512453 |
| preethi |   39 |    89 | kerala | kondareedy |  123453 |
| manasa  |   34 |    78 | hyb    | roas       |  546353 |
+---------+------+-------+--------+------------+---------+
4 rows in set (0.10 sec)

mysql> select * from studentsinfo where city='hyb'and college='pragathi';
+------+------+-------+------+----------+---------+
| name | age  | marks | city | college  | pincode |
+------+------+-------+------+----------+---------+
| hema |   21 |    75 | hyb  | pragathi |  500043 |
+------+------+-------+------+----------+---------+
1 row in set (0.00 sec)

mysql> select age from studentsinfo where age>=20;
+------+
| age  |
+------+
|   21 |
|   21 |
|   29 |
|   89 |
|   25 |
|   25 |
|   65 |
|   20 |
|   29 |
|   39 |
|   34 |
|   34 |
+------+
12 rows in set (0.00 sec)

mysql> select * from studentsinfo where marks>=50 and city='karnataka';
+-------+------+-------+-----------+---------+---------+
| name  | age  | marks | city      | college | pincode |
+-------+------+-------+-----------+---------+---------+
| vyshu |   29 |    87 | karnataka | mnr     |  897653 |
+-------+------+-------+-----------+---------+---------+
1 row in set (0.00 sec)

mysql> select * from studentsinfo where marks>=50 and city='hyb';
+---------+------+-------+------+----------+---------+
| name    | age  | marks | city | college  | pincode |
+---------+------+-------+------+----------+---------+
| hema    |   21 |    75 | hyb  | pragathi |  500043 |
| sahasra |   29 |    99 | hyb  | sidartha |  512453 |
| manasa  |   34 |    78 | hyb  | roas     |  546353 |
+---------+------+-------+------+----------+---------+
3 rows in set (0.00 sec)

mysql> select * from studentsinfo where marks<=50 and city='hyb';
Empty set (0.00 sec)

mysql> select * from studentsinfo where marks<=50 and city='kerala';
Empty set (0.00 sec)

mysql> select * from studentsinfo where marks>=50 and city='kerala';
+---------+------+-------+--------+------------+---------+
| name    | age  | marks | city   | college    | pincode |
+---------+------+-------+--------+------------+---------+
| preethi |   39 |    89 | kerala | kondareedy |  123453 |
+---------+------+-------+--------+------------+---------+
1 row in set (0.00 sec)

mysql> select * from studentsinfo where college='loyalo'and city='hyb';
Empty set (0.00 sec)

mysql> select * from studentsinfo where college='loyalo'and marks>=45;
Empty set (0.00 sec)

mysql> select * from studentsinfo where college='loyalo'and marks<=45;
+-------+------+-------+---------+---------+---------+
| name  | age  | marks | city    | college | pincode |
+-------+------+-------+---------+---------+---------+
| vyshu |   89 |    39 | chennai | loyalo  |  781443 |
+-------+------+-------+---------+---------+---------+
1 row in set (0.00 sec)

mysql> select * from studentsinfo where college='mnr'and marks>=56;
+-------+------+-------+--------------+---------+---------+
| name  | age  | marks | city         | college | pincode |
+-------+------+-------+--------------+---------+---------+
| sai   |   20 |    90 | uttarpradesh | mnr     |  124743 |
| vyshu |   29 |    87 | karnataka    | mnr     |  897653 |
+-------+------+-------+--------------+---------+---------+
2 rows in set (0.00 sec)

mysql> select * from studentsinfo where city='karnataka' and marks>=50 or city!='karnataka' and marks<=100;
+---------+------+-------+--------------+-------------+---------+
| name    | age  | marks | city         | college     | pincode |
+---------+------+-------+--------------+-------------+---------+
| hema    |   21 |    75 | hyb          | pragathi    |  500043 |
| navya   |   21 |    79 | bangl        | pranathi    |  507043 |
| sahasra |   29 |    99 | hyb          | sidartha    |  512453 |
| vyshu   |   89 |    39 | chennai      | loyalo      |  781443 |
| kranthi |   25 |    90 | vizag        | vivekananda |  756443 |
| navya   |   25 |    95 | jaipur       | vivekananda |  579843 |
| sonia   |   65 |    56 | kakinada     | pragathi    |  432143 |
| sai     |   20 |    90 | uttarpradesh | mnr         |  124743 |
| vyshu   |   29 |    87 | karnataka    | mnr         |  897653 |
| preethi |   39 |    89 | kerala       | kondareedy  |  123453 |
| manasa  |   34 |    78 | hyb          | roas        |  546353 |
| pinky   |   34 |   100 | bangl        | roas        |  345653 |
+---------+------+-------+--------------+-------------+---------+
12 rows in set (0.00 sec)

mysql> select * from studentsinfo;
+---------+------+-------+--------------+-------------+---------+
| name    | age  | marks | city         | college     | pincode |
+---------+------+-------+--------------+-------------+---------+
| hema    |   21 |    75 | hyb          | pragathi    |  500043 |
| navya   |   21 |    79 | bangl        | pranathi    |  507043 |
| sahasra |   29 |    99 | hyb          | sidartha    |  512453 |
| vyshu   |   89 |    39 | chennai      | loyalo      |  781443 |
| kranthi |   25 |    90 | vizag        | vivekananda |  756443 |
| navya   |   25 |    95 | jaipur       | vivekananda |  579843 |
| sonia   |   65 |    56 | kakinada     | pragathi    |  432143 |
| sai     |   20 |    90 | uttarpradesh | mnr         |  124743 |
| vyshu   |   29 |    87 | karnataka    | mnr         |  897653 |
| preethi |   39 |    89 | kerala       | kondareedy  |  123453 |
| manasa  |   34 |    78 | hyb          | roas        |  546353 |
| pinky   |   34 |   100 | bangl        | roas        |  345653 |
+---------+------+-------+--------------+-------------+---------+
12 rows in set (0.00 sec)

mysql> select * from studentsinfo order by marks;
+---------+------+-------+--------------+-------------+---------+
| name    | age  | marks | city         | college     | pincode |
+---------+------+-------+--------------+-------------+---------+
| vyshu   |   89 |    39 | chennai      | loyalo      |  781443 |
| sonia   |   65 |    56 | kakinada     | pragathi    |  432143 |
| hema    |   21 |    75 | hyb          | pragathi    |  500043 |
| manasa  |   34 |    78 | hyb          | roas        |  546353 |
| navya   |   21 |    79 | bangl        | pranathi    |  507043 |
| vyshu   |   29 |    87 | karnataka    | mnr         |  897653 |
| preethi |   39 |    89 | kerala       | kondareedy  |  123453 |
| kranthi |   25 |    90 | vizag        | vivekananda |  756443 |
| sai     |   20 |    90 | uttarpradesh | mnr         |  124743 |
| navya   |   25 |    95 | jaipur       | vivekananda |  579843 |
| sahasra |   29 |    99 | hyb          | sidartha    |  512453 |
| pinky   |   34 |   100 | bangl        | roas        |  345653 |
+---------+------+-------+--------------+-------------+---------+
12 rows in set (0.11 sec)

mysql> select * from studentsinfo order by age;
+---------+------+-------+--------------+-------------+---------+
| name    | age  | marks | city         | college     | pincode |
+---------+------+-------+--------------+-------------+---------+
| sai     |   20 |    90 | uttarpradesh | mnr         |  124743 |
| hema    |   21 |    75 | hyb          | pragathi    |  500043 |
| navya   |   21 |    79 | bangl        | pranathi    |  507043 |
| kranthi |   25 |    90 | vizag        | vivekananda |  756443 |
| navya   |   25 |    95 | jaipur       | vivekananda |  579843 |
| sahasra |   29 |    99 | hyb          | sidartha    |  512453 |
| vyshu   |   29 |    87 | karnataka    | mnr         |  897653 |
| manasa  |   34 |    78 | hyb          | roas        |  546353 |
| pinky   |   34 |   100 | bangl        | roas        |  345653 |
| preethi |   39 |    89 | kerala       | kondareedy  |  123453 |
| sonia   |   65 |    56 | kakinada     | pragathi    |  432143 |
| vyshu   |   89 |    39 | chennai      | loyalo      |  781443 |
+---------+------+-------+--------------+-------------+---------+
12 rows in set (0.00 sec)

mysql> select * from studentsinfo order by names;
ERROR 1054 (42S22): Unknown column 'names' in 'order clause'
mysql> select * from studentsinfo order by marks asc;
+---------+------+-------+--------------+-------------+---------+
| name    | age  | marks | city         | college     | pincode |
+---------+------+-------+--------------+-------------+---------+
| vyshu   |   89 |    39 | chennai      | loyalo      |  781443 |
| sonia   |   65 |    56 | kakinada     | pragathi    |  432143 |
| hema    |   21 |    75 | hyb          | pragathi    |  500043 |
| manasa  |   34 |    78 | hyb          | roas        |  546353 |
| navya   |   21 |    79 | bangl        | pranathi    |  507043 |
| vyshu   |   29 |    87 | karnataka    | mnr         |  897653 |
| preethi |   39 |    89 | kerala       | kondareedy  |  123453 |
| kranthi |   25 |    90 | vizag        | vivekananda |  756443 |
| sai     |   20 |    90 | uttarpradesh | mnr         |  124743 |
| navya   |   25 |    95 | jaipur       | vivekananda |  579843 |
| sahasra |   29 |    99 | hyb          | sidartha    |  512453 |
| pinky   |   34 |   100 | bangl        | roas        |  345653 |
+---------+------+-------+--------------+-------------+---------+
12 rows in set (0.00 sec)

mysql> select * from studentsinfo order by marks desc;
+---------+------+-------+--------------+-------------+---------+
| name    | age  | marks | city         | college     | pincode |
+---------+------+-------+--------------+-------------+---------+
| pinky   |   34 |   100 | bangl        | roas        |  345653 |
| sahasra |   29 |    99 | hyb          | sidartha    |  512453 |
| navya   |   25 |    95 | jaipur       | vivekananda |  579843 |
| kranthi |   25 |    90 | vizag        | vivekananda |  756443 |
| sai     |   20 |    90 | uttarpradesh | mnr         |  124743 |
| preethi |   39 |    89 | kerala       | kondareedy  |  123453 |
| vyshu   |   29 |    87 | karnataka    | mnr         |  897653 |
| navya   |   21 |    79 | bangl        | pranathi    |  507043 |
| manasa  |   34 |    78 | hyb          | roas        |  546353 |
| hema    |   21 |    75 | hyb          | pragathi    |  500043 |
| sonia   |   65 |    56 | kakinada     | pragathi    |  432143 |
| vyshu   |   89 |    39 | chennai      | loyalo      |  781443 |
+---------+------+-------+--------------+-------------+---------+
12 rows in set (0.00 sec)

mysql> select * from studentsinfo order by name desc;
+---------+------+-------+--------------+-------------+---------+
| name    | age  | marks | city         | college     | pincode |
+---------+------+-------+--------------+-------------+---------+
| vyshu   |   89 |    39 | chennai      | loyalo      |  781443 |
| vyshu   |   29 |    87 | karnataka    | mnr         |  897653 |
| sonia   |   65 |    56 | kakinada     | pragathi    |  432143 |
| sai     |   20 |    90 | uttarpradesh | mnr         |  124743 |
| sahasra |   29 |    99 | hyb          | sidartha    |  512453 |
| preethi |   39 |    89 | kerala       | kondareedy  |  123453 |
| pinky   |   34 |   100 | bangl        | roas        |  345653 |
| navya   |   25 |    95 | jaipur       | vivekananda |  579843 |
| navya   |   21 |    79 | bangl        | pranathi    |  507043 |
| manasa  |   34 |    78 | hyb          | roas        |  546353 |
| kranthi |   25 |    90 | vizag        | vivekananda |  756443 |
| hema    |   21 |    75 | hyb          | pragathi    |  500043 |
+---------+------+-------+--------------+-------------+---------+
12 rows in set (0.00 sec)

mysql> select * from studentsinfo order by name asc;
+---------+------+-------+--------------+-------------+---------+
| name    | age  | marks | city         | college     | pincode |
+---------+------+-------+--------------+-------------+---------+
| hema    |   21 |    75 | hyb          | pragathi    |  500043 |
| kranthi |   25 |    90 | vizag        | vivekananda |  756443 |
| manasa  |   34 |    78 | hyb          | roas        |  546353 |
| navya   |   21 |    79 | bangl        | pranathi    |  507043 |
| navya   |   25 |    95 | jaipur       | vivekananda |  579843 |
| pinky   |   34 |   100 | bangl        | roas        |  345653 |
| preethi |   39 |    89 | kerala       | kondareedy  |  123453 |
| sahasra |   29 |    99 | hyb          | sidartha    |  512453 |
| sai     |   20 |    90 | uttarpradesh | mnr         |  124743 |
| sonia   |   65 |    56 | kakinada     | pragathi    |  432143 |
| vyshu   |   89 |    39 | chennai      | loyalo      |  781443 |
| vyshu   |   29 |    87 | karnataka    | mnr         |  897653 |
+---------+------+-------+--------------+-------------+---------+
12 rows in set (0.00 sec)

mysql> select * from studentsinfo order by age;
+---------+------+-------+--------------+-------------+---------+
| name    | age  | marks | city         | college     | pincode |
+---------+------+-------+--------------+-------------+---------+
| sai     |   20 |    90 | uttarpradesh | mnr         |  124743 |
| hema    |   21 |    75 | hyb          | pragathi    |  500043 |
| navya   |   21 |    79 | bangl        | pranathi    |  507043 |
| kranthi |   25 |    90 | vizag        | vivekananda |  756443 |
| navya   |   25 |    95 | jaipur       | vivekananda |  579843 |
| sahasra |   29 |    99 | hyb          | sidartha    |  512453 |
| vyshu   |   29 |    87 | karnataka    | mnr         |  897653 |
| manasa  |   34 |    78 | hyb          | roas        |  546353 |
| pinky   |   34 |   100 | bangl        | roas        |  345653 |
| preethi |   39 |    89 | kerala       | kondareedy  |  123453 |
| sonia   |   65 |    56 | kakinada     | pragathi    |  432143 |
| vyshu   |   89 |    39 | chennai      | loyalo      |  781443 |
+---------+------+-------+--------------+-------------+---------+
12 rows in set (0.00 sec)

mysql> select * from studentsinfo order by age desc;
+---------+------+-------+--------------+-------------+---------+
| name    | age  | marks | city         | college     | pincode |
+---------+------+-------+--------------+-------------+---------+
| vyshu   |   89 |    39 | chennai      | loyalo      |  781443 |
| sonia   |   65 |    56 | kakinada     | pragathi    |  432143 |
| preethi |   39 |    89 | kerala       | kondareedy  |  123453 |
| manasa  |   34 |    78 | hyb          | roas        |  546353 |
| pinky   |   34 |   100 | bangl        | roas        |  345653 |
| vyshu   |   29 |    87 | karnataka    | mnr         |  897653 |
| sahasra |   29 |    99 | hyb          | sidartha    |  512453 |
| navya   |   25 |    95 | jaipur       | vivekananda |  579843 |
| kranthi |   25 |    90 | vizag        | vivekananda |  756443 |
| navya   |   21 |    79 | bangl        | pranathi    |  507043 |
| hema    |   21 |    75 | hyb          | pragathi    |  500043 |
| sai     |   20 |    90 | uttarpradesh | mnr         |  124743 |
+---------+------+-------+--------------+-------------+---------+
12 rows in set (0.00 sec)

mysql> select * from studentsinfo order by city;
+---------+------+-------+--------------+-------------+---------+
| name    | age  | marks | city         | college     | pincode |
+---------+------+-------+--------------+-------------+---------+
| pinky   |   34 |   100 | bangl        | roas        |  345653 |
| navya   |   21 |    79 | bangl        | pranathi    |  507043 |
| vyshu   |   89 |    39 | chennai      | loyalo      |  781443 |
| manasa  |   34 |    78 | hyb          | roas        |  546353 |
| hema    |   21 |    75 | hyb          | pragathi    |  500043 |
| sahasra |   29 |    99 | hyb          | sidartha    |  512453 |
| navya   |   25 |    95 | jaipur       | vivekananda |  579843 |
| sonia   |   65 |    56 | kakinada     | pragathi    |  432143 |
| vyshu   |   29 |    87 | karnataka    | mnr         |  897653 |
| preethi |   39 |    89 | kerala       | kondareedy  |  123453 |
| sai     |   20 |    90 | uttarpradesh | mnr         |  124743 |
| kranthi |   25 |    90 | vizag        | vivekananda |  756443 |
+---------+------+-------+--------------+-------------+---------+
12 rows in set (0.01 sec)

mysql>
mysql> select * from studentsinfo order by city desc;
+---------+------+-------+--------------+-------------+---------+
| name    | age  | marks | city         | college     | pincode |
+---------+------+-------+--------------+-------------+---------+
| kranthi |   25 |    90 | vizag        | vivekananda |  756443 |
| sai     |   20 |    90 | uttarpradesh | mnr         |  124743 |
| preethi |   39 |    89 | kerala       | kondareedy  |  123453 |
| vyshu   |   29 |    87 | karnataka    | mnr         |  897653 |
| sonia   |   65 |    56 | kakinada     | pragathi    |  432143 |
| navya   |   25 |    95 | jaipur       | vivekananda |  579843 |
| manasa  |   34 |    78 | hyb          | roas        |  546353 |
| hema    |   21 |    75 | hyb          | pragathi    |  500043 |
| sahasra |   29 |    99 | hyb          | sidartha    |  512453 |
| vyshu   |   89 |    39 | chennai      | loyalo      |  781443 |
| navya   |   21 |    79 | bangl        | pranathi    |  507043 |
| pinky   |   34 |   100 | bangl        | roas        |  345653 |
+---------+------+-------+--------------+-------------+---------+
12 rows in set (0.00 sec)

mysql> select * from studentsinfo order by marks;
+---------+------+-------+--------------+-------------+---------+
| name    | age  | marks | city         | college     | pincode |
+---------+------+-------+--------------+-------------+---------+
| vyshu   |   89 |    39 | chennai      | loyalo      |  781443 |
| sonia   |   65 |    56 | kakinada     | pragathi    |  432143 |
| hema    |   21 |    75 | hyb          | pragathi    |  500043 |
| manasa  |   34 |    78 | hyb          | roas        |  546353 |
| navya   |   21 |    79 | bangl        | pranathi    |  507043 |
| vyshu   |   29 |    87 | karnataka    | mnr         |  897653 |
| preethi |   39 |    89 | kerala       | kondareedy  |  123453 |
| kranthi |   25 |    90 | vizag        | vivekananda |  756443 |
| sai     |   20 |    90 | uttarpradesh | mnr         |  124743 |
| navya   |   25 |    95 | jaipur       | vivekananda |  579843 |
| sahasra |   29 |    99 | hyb          | sidartha    |  512453 |
| pinky   |   34 |   100 | bangl        | roas        |  345653 |
+---------+------+-------+--------------+-------------+---------+
12 rows in set (0.00 sec)

mysql> select * from studentsinfo order by marks and age;
+---------+------+-------+--------------+-------------+---------+
| name    | age  | marks | city         | college     | pincode |
+---------+------+-------+--------------+-------------+---------+
| hema    |   21 |    75 | hyb          | pragathi    |  500043 |
| manasa  |   34 |    78 | hyb          | roas        |  546353 |
| preethi |   39 |    89 | kerala       | kondareedy  |  123453 |
| vyshu   |   29 |    87 | karnataka    | mnr         |  897653 |
| sai     |   20 |    90 | uttarpradesh | mnr         |  124743 |
| sonia   |   65 |    56 | kakinada     | pragathi    |  432143 |
| navya   |   25 |    95 | jaipur       | vivekananda |  579843 |
| kranthi |   25 |    90 | vizag        | vivekananda |  756443 |
| vyshu   |   89 |    39 | chennai      | loyalo      |  781443 |
| sahasra |   29 |    99 | hyb          | sidartha    |  512453 |
| navya   |   21 |    79 | bangl        | pranathi    |  507043 |
| pinky   |   34 |   100 | bangl        | roas        |  345653 |
+---------+------+-------+--------------+-------------+---------+
12 rows in set (0.10 sec)

mysql> select * from studentsinfo order by marks and age asc;
+---------+------+-------+--------------+-------------+---------+
| name    | age  | marks | city         | college     | pincode |
+---------+------+-------+--------------+-------------+---------+
| hema    |   21 |    75 | hyb          | pragathi    |  500043 |
| manasa  |   34 |    78 | hyb          | roas        |  546353 |
| preethi |   39 |    89 | kerala       | kondareedy  |  123453 |
| vyshu   |   29 |    87 | karnataka    | mnr         |  897653 |
| sai     |   20 |    90 | uttarpradesh | mnr         |  124743 |
| sonia   |   65 |    56 | kakinada     | pragathi    |  432143 |
| navya   |   25 |    95 | jaipur       | vivekananda |  579843 |
| kranthi |   25 |    90 | vizag        | vivekananda |  756443 |
| vyshu   |   89 |    39 | chennai      | loyalo      |  781443 |
| sahasra |   29 |    99 | hyb          | sidartha    |  512453 |
| navya   |   21 |    79 | bangl        | pranathi    |  507043 |
| pinky   |   34 |   100 | bangl        | roas        |  345653 |
+---------+------+-------+--------------+-------------+---------+
12 rows in set (0.00 sec)

mysql> select * from studentsinfo order by pincode;
+---------+------+-------+--------------+-------------+---------+
| name    | age  | marks | city         | college     | pincode |
+---------+------+-------+--------------+-------------+---------+
| preethi |   39 |    89 | kerala       | kondareedy  |  123453 |
| sai     |   20 |    90 | uttarpradesh | mnr         |  124743 |
| pinky   |   34 |   100 | bangl        | roas        |  345653 |
| sonia   |   65 |    56 | kakinada     | pragathi    |  432143 |
| hema    |   21 |    75 | hyb          | pragathi    |  500043 |
| navya   |   21 |    79 | bangl        | pranathi    |  507043 |
| sahasra |   29 |    99 | hyb          | sidartha    |  512453 |
| manasa  |   34 |    78 | hyb          | roas        |  546353 |
| navya   |   25 |    95 | jaipur       | vivekananda |  579843 |
| kranthi |   25 |    90 | vizag        | vivekananda |  756443 |
| vyshu   |   89 |    39 | chennai      | loyalo      |  781443 |
| vyshu   |   29 |    87 | karnataka    | mnr         |  897653 |
+---------+------+-------+--------------+-------------+---------+
12 rows in set (0.00 sec)

mysql> select * from studentsinfo order by pincode<=578901 and city!='hyb';
+---------+------+-------+--------------+-------------+---------+
| name    | age  | marks | city         | college     | pincode |
+---------+------+-------+--------------+-------------+---------+
| hema    |   21 |    75 | hyb          | pragathi    |  500043 |
| manasa  |   34 |    78 | hyb          | roas        |  546353 |
| sahasra |   29 |    99 | hyb          | sidartha    |  512453 |
| vyshu   |   89 |    39 | chennai      | loyalo      |  781443 |
| kranthi |   25 |    90 | vizag        | vivekananda |  756443 |
| navya   |   25 |    95 | jaipur       | vivekananda |  579843 |
| vyshu   |   29 |    87 | karnataka    | mnr         |  897653 |
| preethi |   39 |    89 | kerala       | kondareedy  |  123453 |
| sai     |   20 |    90 | uttarpradesh | mnr         |  124743 |
| sonia   |   65 |    56 | kakinada     | pragathi    |  432143 |
| navya   |   21 |    79 | bangl        | pranathi    |  507043 |
| pinky   |   34 |   100 | bangl        | roas        |  345653 |
+---------+------+-------+--------------+-------------+---------+
12 rows in set (0.00 sec)

mysql> select * from studentsinfo order by pincode<=578901 and city='hyb';
+---------+------+-------+--------------+-------------+---------+
| name    | age  | marks | city         | college     | pincode |
+---------+------+-------+--------------+-------------+---------+
| pinky   |   34 |   100 | bangl        | roas        |  345653 |
| preethi |   39 |    89 | kerala       | kondareedy  |  123453 |
| vyshu   |   29 |    87 | karnataka    | mnr         |  897653 |
| sai     |   20 |    90 | uttarpradesh | mnr         |  124743 |
| sonia   |   65 |    56 | kakinada     | pragathi    |  432143 |
| navya   |   25 |    95 | jaipur       | vivekananda |  579843 |
| kranthi |   25 |    90 | vizag        | vivekananda |  756443 |
| vyshu   |   89 |    39 | chennai      | loyalo      |  781443 |
| navya   |   21 |    79 | bangl        | pranathi    |  507043 |
| sahasra |   29 |    99 | hyb          | sidartha    |  512453 |
| manasa  |   34 |    78 | hyb          | roas        |  546353 |
| hema    |   21 |    75 | hyb          | pragathi    |  500043 |
+---------+------+-------+--------------+-------------+---------+
12 rows in set (0.00 sec)

mysql> select city from studentsinfo where marks>=50;
+--------------+
| city         |
+--------------+
| hyb          |
| bangl        |
| hyb          |
| vizag        |
| jaipur       |
| kakinada     |
| uttarpradesh |
| karnataka    |
| kerala       |
| hyb          |
| bangl        |
+--------------+
11 rows in set (0.00 sec)

mysql> select min(marks) from studentsinfo;
+------------+
| min(marks) |
+------------+
|         39 |
+------------+
1 row in set (0.12 sec)

mysql> select * from studentsinfo where marks>=50;
+---------+------+-------+--------------+-------------+---------+
| name    | age  | marks | city         | college     | pincode |
+---------+------+-------+--------------+-------------+---------+
| hema    |   21 |    75 | hyb          | pragathi    |  500043 |
| navya   |   21 |    79 | bangl        | pranathi    |  507043 |
| sahasra |   29 |    99 | hyb          | sidartha    |  512453 |
| kranthi |   25 |    90 | vizag        | vivekananda |  756443 |
| navya   |   25 |    95 | jaipur       | vivekananda |  579843 |
| sonia   |   65 |    56 | kakinada     | pragathi    |  432143 |
| sai     |   20 |    90 | uttarpradesh | mnr         |  124743 |
| vyshu   |   29 |    87 | karnataka    | mnr         |  897653 |
| preethi |   39 |    89 | kerala       | kondareedy  |  123453 |
| manasa  |   34 |    78 | hyb          | roas        |  546353 |
| pinky   |   34 |   100 | bangl        | roas        |  345653 |
+---------+------+-------+--------------+-------------+---------+
11 rows in set (0.00 sec)

mysql> select age from studentsinfo order by age;
+------+
| age  |
+------+
|   20 |
|   21 |
|   21 |
|   25 |
|   25 |
|   29 |
|   29 |
|   34 |
|   34 |
|   39 |
|   65 |
|   89 |
+------+
12 rows in set (0.00 sec)

mysql> select min(marks) as 'least marks' from studentsinfo;
+-------------+
| least marks |
+-------------+
|          39 |
+-------------+
1 row in set (0.09 sec)

mysql> select max(marks) as 'highest marks' from studentsinfo;
+---------------+
| highest marks |
+---------------+
|           100 |
+---------------+
1 row in set (0.00 sec)

mysql> select max(marks) as highest_ marks from studentsinfo;
ERROR 1064 (42000): You have an error in your SQL syntax; check the manual that corresponds to your MySQL server version for the right syntax to use near 'marks from studentsinfo' at line 1
mysql> select max(marks) as high_score from studentsinfo;
+------------+
| high_score |
+------------+
|        100 |
+------------+
1 row in set (0.11 sec)

mysql> select max(age) from studentsinfo;
+----------+
| max(age) |
+----------+
|       89 |
+----------+
1 row in set (0.00 sec)

mysql> select * from studentsinfo where max(age);
ERROR 1111 (HY000): Invalid use of group function
mysql> select * from studentsinfo where  age<=25;
+---------+------+-------+--------------+-------------+---------+
| name    | age  | marks | city         | college     | pincode |
+---------+------+-------+--------------+-------------+---------+
| hema    |   21 |    75 | hyb          | pragathi    |  500043 |
| navya   |   21 |    79 | bangl        | pranathi    |  507043 |
| kranthi |   25 |    90 | vizag        | vivekananda |  756443 |
| navya   |   25 |    95 | jaipur       | vivekananda |  579843 |
| sai     |   20 |    90 | uttarpradesh | mnr         |  124743 |
+---------+------+-------+--------------+-------------+---------+
5 rows in set (0.00 sec)

mysql> select min(age) from studentsinfo;
+----------+
| min(age) |
+----------+
|       20 |
+----------+
1 row in set (0.00 sec)

mysql> select min(age) as 'minimum age' from studentsinfo;
+-------------+
| minimum age |
+-------------+
|          20 |
+-------------+
1 row in set (0.01 sec)

mysql> select min(age) as minimum_age from studentsinfo;
+-------------+
| minimum_age |
+-------------+
|          20 |
+-------------+
1 row in set (0.01 sec)

mysql> select * from studentsinfo;
+---------+------+-------+--------------+-------------+---------+
| name    | age  | marks | city         | college     | pincode |
+---------+------+-------+--------------+-------------+---------+
| hema    |   21 |    75 | hyb          | pragathi    |  500043 |
| navya   |   21 |    79 | bangl        | pranathi    |  507043 |
| sahasra |   29 |    99 | hyb          | sidartha    |  512453 |
| vyshu   |   89 |    39 | chennai      | loyalo      |  781443 |
| kranthi |   25 |    90 | vizag        | vivekananda |  756443 |
| navya   |   25 |    95 | jaipur       | vivekananda |  579843 |
| sonia   |   65 |    56 | kakinada     | pragathi    |  432143 |
| sai     |   20 |    90 | uttarpradesh | mnr         |  124743 |
| vyshu   |   29 |    87 | karnataka    | mnr         |  897653 |
| preethi |   39 |    89 | kerala       | kondareedy  |  123453 |
| manasa  |   34 |    78 | hyb          | roas        |  546353 |
| pinky   |   34 |   100 | bangl        | roas        |  345653 |
+---------+------+-------+--------------+-------------+---------+
12 rows in set (0.00 sec)

mysql> select min(city) from studentsinfo;
+-----------+
| min(city) |
+-----------+
| bangl     |
+-----------+
1 row in set (0.10 sec)

mysql> select max(city) from studentsinfo;
+-----------+
| max(city) |
+-----------+
| vizag     |
+-----------+
1 row in set (0.01 sec)

mysql> select max(city) as 'maximum city' from studentsinfo;
+--------------+
| maximum city |
+--------------+
| vizag        |
+--------------+
1 row in set (0.00 sec)

mysql> select min(city) as 'minimum city'from studentsinfo;
+--------------+
| minimum city |
+--------------+
| bangl        |
+--------------+
1 row in set (0.00 sec)

mysql> select min(college) from studentsinfo;
+--------------+
| min(college) |
+--------------+
| kondareedy   |
+--------------+
1 row in set (0.00 sec)

mysql> select min(college) as mimimum_college from studentsinfo;
+-----------------+
| mimimum_college |
+-----------------+
| kondareedy      |
+-----------------+
1 row in set (0.00 sec)

mysql> select max(college) as maximum_college from studentsinfo;
+-----------------+
| maximum_college |
+-----------------+
| vivekananda     |
+-----------------+
1 row in set (0.00 sec)

mysql> select sum(marks) from studentsinfo;
+------------+
| sum(marks) |
+------------+
|        977 |
+------------+
1 row in set (0.05 sec)

mysql> select sum(marks) as total_marks from studentsinfo;
+-------------+
| total_marks |
+-------------+
|         977 |
+-------------+
1 row in set (0.00 sec)

mysql> select avg(marks) as average_marks from studentsinfo;
+---------------+
| average_marks |
+---------------+
|       81.4167 |
+---------------+
1 row in set (0.00 sec)

mysql> select avg(marks) as average_marks from studentsinfo where city='hyb';
+---------------+
| average_marks |
+---------------+
|       84.0000 |
+---------------+
1 row in set (0.00 sec)

mysql> select avg(marks) as average_marks from studentsinfo where city='bangl';
+---------------+
| average_marks |
+---------------+
|       89.5000 |
+---------------+
1 row in set (0.00 sec)

mysql> select sum(marks) as total_marks from studentsinfo where city='bangl';
+-------------+
| total_marks |
+-------------+
|         179 |
+-------------+
1 row in set (0.00 sec)

mysql> select sum(marks) as total_marks from studentsinfo where city='kerala';
+-------------+
| total_marks |
+-------------+
|          89 |
+-------------+
1 row in set (0.00 sec)

mysql> select count(*) from studentsinfo;
+----------+
| count(*) |
+----------+
|       12 |
+----------+
1 row in set (0.01 sec)

mysql> select count(*) as total number of rows where city='hyb';
ERROR 1064 (42000): You have an error in your SQL syntax; check the manual that corresponds to your MySQL server version for the right syntax to use near 'number of rows where city='hyb'' at line 1
mysql> select count(*) as total number of rows from studentsinfo  where city='hyb';
ERROR 1064 (42000): You have an error in your SQL syntax; check the manual that corresponds to your MySQL server version for the right syntax to use near 'number of rows from studentsinfo  where city='hyb'' at line 1
mysql> select min(age) as 'minimum age' from studentsinfo;




































































































































































































































Enter password: ****
Welcome to the MySQL monitor.  Commands end with ; or \g.
Your MySQL connection id is 31
Server version: 5.5.62 MySQL Community Server (GPL)

Copyright (c) 2000, 2018, Oracle and/or its affiliates. All rights reserved.

Oracle is a registered trademark of Oracle Corporation and/or its
affiliates. Other names may be trademarks of their respective
owners.

Type 'help;' or '\h' for help. Type '\c' to clear the current input statement.

mysql> show databases;
+--------------------+
| Database           |
+--------------------+
| information_schema |
| abc                |
| mysql              |
| performance_schema |
+--------------------+
4 rows in set (0.05 sec)

mysql> drop database abc;
Query OK, 1 row affected (0.60 sec)

mysql> show databases;
+--------------------+
| Database           |
+--------------------+
| information_schema |
| mysql              |
| performance_schema |
+--------------------+
3 rows in set (0.00 sec)

mysql> create database abc;
Query OK, 1 row affected (0.00 sec)

mysql> show databases;
+--------------------+
| Database           |
+--------------------+
| information_schema |
| abc                |
| mysql              |
| performance_schema |
+--------------------+
4 rows in set (0.00 sec)

mysql> use abc;
Database changed
mysql> create table studentsinfo(name varchar(20),age int,marks int,city varchar(20),college varchar(20),pincode int);
Query OK, 0 rows affected (0.08 sec)

mysql> show tables;
+---------------+
| Tables_in_abc |
+---------------+
| studentsinfo  |
+---------------+
1 row in set (0.00 sec)

mysql> desc studentsinfo;
+---------+-------------+------+-----+---------+-------+
| Field   | Type        | Null | Key | Default | Extra |
+---------+-------------+------+-----+---------+-------+
| name    | varchar(20) | YES  |     | NULL    |       |
| age     | int(11)     | YES  |     | NULL    |       |
| marks   | int(11)     | YES  |     | NULL    |       |
| city    | varchar(20) | YES  |     | NULL    |       |
| college | varchar(20) | YES  |     | NULL    |       |
| pincode | int(11)     | YES  |     | NULL    |       |
+---------+-------------+------+-----+---------+-------+
6 rows in set (0.16 sec)

mysql> insert into studentsinfo values('hema',21,75,'hyb','pragathi',500043);
Query OK, 1 row affected (0.20 sec)

mysql> insert into studentsinfo values('navya',21,79,'bangl','pranathi',507043);
Query OK, 1 row affected (0.13 sec)

mysql> insert into studentsinfo values('sahasra',29 ,99,'hyb','sidartha',512453);
Query OK, 1 row affected (0.05 sec)

mysql> insert into studentsinfo values('vyshu',89,39,'chennai','loyalo',781443);
Query OK, 1 row affected (0.02 sec)

mysql> insert into studentsinfo values('kranthi',25,90,'vizag','vivekananda',756443);
Query OK, 1 row affected (0.16 sec)

mysql> insert into studentsinfo values('navya',25,95,'jaipur','vivekananda'579843);
ERROR 1064 (42000): You have an error in your SQL syntax; check the manual that corresponds to your MySQL server version for the right syntax to use near '579843)' at line 1
mysql> insert into studentsinfo values('navya',25,95,'jaipur','vivekananda',579843);
Query OK, 1 row affected (0.11 sec)

mysql> insert into studentsinfo values('sonia',65,56,'kakinada','pragathi',432143);
Query OK, 1 row affected (0.03 sec)

mysql> insert into studentsinfo values('sai',20,90,'uttarpradesh','mnr',124743);
Query OK, 1 row affected (0.30 sec)

mysql> insert into studentsinfo values('vyshu',29,87,'karnataka','mnr',897653);
Query OK, 1 row affected (0.05 sec)

mysql> insert into studentsinfo values('preethi',39,89,'kerala','kondareedy',123453);
Query OK, 1 row affected (0.04 sec)

mysql> insert into studentsinfo values('manasa',34,78,'hyb','roas',546353);
Query OK, 1 row affected (0.10 sec)

mysql> insert into studentsinfo values('pinky',34,100,'bangl','roas',345653);
Query OK, 1 row affected (0.05 sec)

mysql> select * from studentsinfo;
+---------+------+-------+--------------+-------------+---------+
| name    | age  | marks | city         | college     | pincode |
+---------+------+-------+--------------+-------------+---------+
| hema    |   21 |    75 | hyb          | pragathi    |  500043 |
| navya   |   21 |    79 | bangl        | pranathi    |  507043 |
| sahasra |   29 |    99 | hyb          | sidartha    |  512453 |
| vyshu   |   89 |    39 | chennai      | loyalo      |  781443 |
| kranthi |   25 |    90 | vizag        | vivekananda |  756443 |
| navya   |   25 |    95 | jaipur       | vivekananda |  579843 |
| sonia   |   65 |    56 | kakinada     | pragathi    |  432143 |
| sai     |   20 |    90 | uttarpradesh | mnr         |  124743 |
| vyshu   |   29 |    87 | karnataka    | mnr         |  897653 |
| preethi |   39 |    89 | kerala       | kondareedy  |  123453 |
| manasa  |   34 |    78 | hyb          | roas        |  546353 |
| pinky   |   34 |   100 | bangl        | roas        |  345653 |
+---------+------+-------+--------------+-------------+---------+
12 rows in set (0.00 sec)

mysql> select * from studentsinfo where name=vyshu;
ERROR 1054 (42S22): Unknown column 'vyshu' in 'where clause'
mysql> select * from studentsinfo where name='vyshu';
+-------+------+-------+-----------+---------+---------+
| name  | age  | marks | city      | college | pincode |
+-------+------+-------+-----------+---------+---------+
| vyshu |   89 |    39 | chennai   | loyalo  |  781443 |
| vyshu |   29 |    87 | karnataka | mnr     |  897653 |
+-------+------+-------+-----------+---------+---------+
2 rows in set (0.10 sec)

mysql> select * from studentsinfo where name='vyshu' and city='chennai';
+-------+------+-------+---------+---------+---------+
| name  | age  | marks | city    | college | pincode |
+-------+------+-------+---------+---------+---------+
| vyshu |   89 |    39 | chennai | loyalo  |  781443 |
+-------+------+-------+---------+---------+---------+
1 row in set (0.00 sec)

mysql> select name,age,city from studentsinfo;
+---------+------+--------------+
| name    | age  | city         |
+---------+------+--------------+
| hema    |   21 | hyb          |
| navya   |   21 | bangl        |
| sahasra |   29 | hyb          |
| vyshu   |   89 | chennai      |
| kranthi |   25 | vizag        |
| navya   |   25 | jaipur       |
| sonia   |   65 | kakinada     |
| sai     |   20 | uttarpradesh |
| vyshu   |   29 | karnataka    |
| preethi |   39 | kerala       |
| manasa  |   34 | hyb          |
| pinky   |   34 | bangl        |
+---------+------+--------------+
12 rows in set (0.00 sec)

mysql> select age from studentsinfo where age>=25;
+------+
| age  |
+------+
|   29 |
|   89 |
|   25 |
|   25 |
|   65 |
|   29 |
|   39 |
|   34 |
|   34 |
+------+
9 rows in set (0.00 sec)

mysql> select age,name from studentsinfo where age>=25;
+------+---------+
| age  | name    |
+------+---------+
|   29 | sahasra |
|   89 | vyshu   |
|   25 | kranthi |
|   25 | navya   |
|   65 | sonia   |
|   29 | vyshu   |
|   39 | preethi |
|   34 | manasa  |
|   34 | pinky   |
+------+---------+
9 rows in set (0.00 sec)

mysql> select marks,name,age from studentsinfo where marks<=80 and age>=21;
+-------+--------+------+
| marks | name   | age  |
+-------+--------+------+
|    75 | hema   |   21 |
|    79 | navya  |   21 |
|    39 | vyshu  |   89 |
|    56 | sonia  |   65 |
|    78 | manasa |   34 |
+-------+--------+------+
5 rows in set (0.00 sec)

mysql> select * from studentsinfo;
+---------+------+-------+--------------+-------------+---------+
| name    | age  | marks | city         | college     | pincode |
+---------+------+-------+--------------+-------------+---------+
| hema    |   21 |    75 | hyb          | pragathi    |  500043 |
| navya   |   21 |    79 | bangl        | pranathi    |  507043 |
| sahasra |   29 |    99 | hyb          | sidartha    |  512453 |
| vyshu   |   89 |    39 | chennai      | loyalo      |  781443 |
| kranthi |   25 |    90 | vizag        | vivekananda |  756443 |
| navya   |   25 |    95 | jaipur       | vivekananda |  579843 |
| sonia   |   65 |    56 | kakinada     | pragathi    |  432143 |
| sai     |   20 |    90 | uttarpradesh | mnr         |  124743 |
| vyshu   |   29 |    87 | karnataka    | mnr         |  897653 |
| preethi |   39 |    89 | kerala       | kondareedy  |  123453 |
| manasa  |   34 |    78 | hyb          | roas        |  546353 |
| pinky   |   34 |   100 | bangl        | roas        |  345653 |
+---------+------+-------+--------------+-------------+---------+
12 rows in set (0.00 sec)

mysql> select * from studentsinfo where pincode=897653;
+-------+------+-------+-----------+---------+---------+
| name  | age  | marks | city      | college | pincode |
+-------+------+-------+-----------+---------+---------+
| vyshu |   29 |    87 | karnataka | mnr     |  897653 |
+-------+------+-------+-----------+---------+---------+
1 row in set (0.00 sec)

mysql> select * from studentsinfo where pincode<578943;
+---------+------+-------+--------------+------------+---------+
| name    | age  | marks | city         | college    | pincode |
+---------+------+-------+--------------+------------+---------+
| hema    |   21 |    75 | hyb          | pragathi   |  500043 |
| navya   |   21 |    79 | bangl        | pranathi   |  507043 |
| sahasra |   29 |    99 | hyb          | sidartha   |  512453 |
| sonia   |   65 |    56 | kakinada     | pragathi   |  432143 |
| sai     |   20 |    90 | uttarpradesh | mnr        |  124743 |
| preethi |   39 |    89 | kerala       | kondareedy |  123453 |
| manasa  |   34 |    78 | hyb          | roas       |  546353 |
| pinky   |   34 |   100 | bangl        | roas       |  345653 |
+---------+------+-------+--------------+------------+---------+
8 rows in set (0.00 sec)

mysql> select * from studentsinfo where marks>=30 and marks<=90;
+---------+------+-------+--------------+-------------+---------+
| name    | age  | marks | city         | college     | pincode |
+---------+------+-------+--------------+-------------+---------+
| hema    |   21 |    75 | hyb          | pragathi    |  500043 |
| navya   |   21 |    79 | bangl        | pranathi    |  507043 |
| vyshu   |   89 |    39 | chennai      | loyalo      |  781443 |
| kranthi |   25 |    90 | vizag        | vivekananda |  756443 |
| sonia   |   65 |    56 | kakinada     | pragathi    |  432143 |
| sai     |   20 |    90 | uttarpradesh | mnr         |  124743 |
| vyshu   |   29 |    87 | karnataka    | mnr         |  897653 |
| preethi |   39 |    89 | kerala       | kondareedy  |  123453 |
| manasa  |   34 |    78 | hyb          | roas        |  546353 |
+---------+------+-------+--------------+-------------+---------+
9 rows in set (0.00 sec)

mysql> select * from studentsinfo where marks>=21 and marks<=50;
+-------+------+-------+---------+---------+---------+
| name  | age  | marks | city    | college | pincode |
+-------+------+-------+---------+---------+---------+
| vyshu |   89 |    39 | chennai | loyalo  |  781443 |
+-------+------+-------+---------+---------+---------+
1 row in set (0.00 sec)

mysql> select * from studentsinfo where city='kerala' or city='hyb';
+---------+------+-------+--------+------------+---------+
| name    | age  | marks | city   | college    | pincode |
+---------+------+-------+--------+------------+---------+
| hema    |   21 |    75 | hyb    | pragathi   |  500043 |
| sahasra |   29 |    99 | hyb    | sidartha   |  512453 |
| preethi |   39 |    89 | kerala | kondareedy |  123453 |
| manasa  |   34 |    78 | hyb    | roas       |  546353 |
+---------+------+-------+--------+------------+---------+
4 rows in set (0.10 sec)

mysql> select * from studentsinfo where city='hyb'and college='pragathi';
+------+------+-------+------+----------+---------+
| name | age  | marks | city | college  | pincode |
+------+------+-------+------+----------+---------+
| hema |   21 |    75 | hyb  | pragathi |  500043 |
+------+------+-------+------+----------+---------+
1 row in set (0.00 sec)

mysql> select age from studentsinfo where age>=20;
+------+
| age  |
+------+
|   21 |
|   21 |
|   29 |
|   89 |
|   25 |
|   25 |
|   65 |
|   20 |
|   29 |
|   39 |
|   34 |
|   34 |
+------+
12 rows in set (0.00 sec)

mysql> select * from studentsinfo where marks>=50 and city='karnataka';
+-------+------+-------+-----------+---------+---------+
| name  | age  | marks | city      | college | pincode |
+-------+------+-------+-----------+---------+---------+
| vyshu |   29 |    87 | karnataka | mnr     |  897653 |
+-------+------+-------+-----------+---------+---------+
1 row in set (0.00 sec)

mysql> select * from studentsinfo where marks>=50 and city='hyb';
+---------+------+-------+------+----------+---------+
| name    | age  | marks | city | college  | pincode |
+---------+------+-------+------+----------+---------+
| hema    |   21 |    75 | hyb  | pragathi |  500043 |
| sahasra |   29 |    99 | hyb  | sidartha |  512453 |
| manasa  |   34 |    78 | hyb  | roas     |  546353 |
+---------+------+-------+------+----------+---------+
3 rows in set (0.00 sec)

mysql> select * from studentsinfo where marks<=50 and city='hyb';
Empty set (0.00 sec)

mysql> select * from studentsinfo where marks<=50 and city='kerala';
Empty set (0.00 sec)

mysql> select * from studentsinfo where marks>=50 and city='kerala';
+---------+------+-------+--------+------------+---------+
| name    | age  | marks | city   | college    | pincode |
+---------+------+-------+--------+------------+---------+
| preethi |   39 |    89 | kerala | kondareedy |  123453 |
+---------+------+-------+--------+------------+---------+
1 row in set (0.00 sec)

mysql> select * from studentsinfo where college='loyalo'and city='hyb';
Empty set (0.00 sec)

mysql> select * from studentsinfo where college='loyalo'and marks>=45;
Empty set (0.00 sec)

mysql> select * from studentsinfo where college='loyalo'and marks<=45;
+-------+------+-------+---------+---------+---------+
| name  | age  | marks | city    | college | pincode |
+-------+------+-------+---------+---------+---------+
| vyshu |   89 |    39 | chennai | loyalo  |  781443 |
+-------+------+-------+---------+---------+---------+
1 row in set (0.00 sec)

mysql> select * from studentsinfo where college='mnr'and marks>=56;
+-------+------+-------+--------------+---------+---------+
| name  | age  | marks | city         | college | pincode |
+-------+------+-------+--------------+---------+---------+
| sai   |   20 |    90 | uttarpradesh | mnr     |  124743 |
| vyshu |   29 |    87 | karnataka    | mnr     |  897653 |
+-------+------+-------+--------------+---------+---------+
2 rows in set (0.00 sec)

mysql> select * from studentsinfo where city='karnataka' and marks>=50 or city!='karnataka' and marks<=100;
+---------+------+-------+--------------+-------------+---------+
| name    | age  | marks | city         | college     | pincode |
+---------+------+-------+--------------+-------------+---------+
| hema    |   21 |    75 | hyb          | pragathi    |  500043 |
| navya   |   21 |    79 | bangl        | pranathi    |  507043 |
| sahasra |   29 |    99 | hyb          | sidartha    |  512453 |
| vyshu   |   89 |    39 | chennai      | loyalo      |  781443 |
| kranthi |   25 |    90 | vizag        | vivekananda |  756443 |
| navya   |   25 |    95 | jaipur       | vivekananda |  579843 |
| sonia   |   65 |    56 | kakinada     | pragathi    |  432143 |
| sai     |   20 |    90 | uttarpradesh | mnr         |  124743 |
| vyshu   |   29 |    87 | karnataka    | mnr         |  897653 |
| preethi |   39 |    89 | kerala       | kondareedy  |  123453 |
| manasa  |   34 |    78 | hyb          | roas        |  546353 |
| pinky   |   34 |   100 | bangl        | roas        |  345653 |
+---------+------+-------+--------------+-------------+---------+
12 rows in set (0.00 sec)

mysql> select * from studentsinfo;
+---------+------+-------+--------------+-------------+---------+
| name    | age  | marks | city         | college     | pincode |
+---------+------+-------+--------------+-------------+---------+
| hema    |   21 |    75 | hyb          | pragathi    |  500043 |
| navya   |   21 |    79 | bangl        | pranathi    |  507043 |
| sahasra |   29 |    99 | hyb          | sidartha    |  512453 |
| vyshu   |   89 |    39 | chennai      | loyalo      |  781443 |
| kranthi |   25 |    90 | vizag        | vivekananda |  756443 |
| navya   |   25 |    95 | jaipur       | vivekananda |  579843 |
| sonia   |   65 |    56 | kakinada     | pragathi    |  432143 |
| sai     |   20 |    90 | uttarpradesh | mnr         |  124743 |
| vyshu   |   29 |    87 | karnataka    | mnr         |  897653 |
| preethi |   39 |    89 | kerala       | kondareedy  |  123453 |
| manasa  |   34 |    78 | hyb          | roas        |  546353 |
| pinky   |   34 |   100 | bangl        | roas        |  345653 |
+---------+------+-------+--------------+-------------+---------+
12 rows in set (0.00 sec)

mysql> select * from studentsinfo order by marks;
+---------+------+-------+--------------+-------------+---------+
| name    | age  | marks | city         | college     | pincode |
+---------+------+-------+--------------+-------------+---------+
| vyshu   |   89 |    39 | chennai      | loyalo      |  781443 |
| sonia   |   65 |    56 | kakinada     | pragathi    |  432143 |
| hema    |   21 |    75 | hyb          | pragathi    |  500043 |
| manasa  |   34 |    78 | hyb          | roas        |  546353 |
| navya   |   21 |    79 | bangl        | pranathi    |  507043 |
| vyshu   |   29 |    87 | karnataka    | mnr         |  897653 |
| preethi |   39 |    89 | kerala       | kondareedy  |  123453 |
| kranthi |   25 |    90 | vizag        | vivekananda |  756443 |
| sai     |   20 |    90 | uttarpradesh | mnr         |  124743 |
| navya   |   25 |    95 | jaipur       | vivekananda |  579843 |
| sahasra |   29 |    99 | hyb          | sidartha    |  512453 |
| pinky   |   34 |   100 | bangl        | roas        |  345653 |
+---------+------+-------+--------------+-------------+---------+
12 rows in set (0.11 sec)

mysql> select * from studentsinfo order by age;
+---------+------+-------+--------------+-------------+---------+
| name    | age  | marks | city         | college     | pincode |
+---------+------+-------+--------------+-------------+---------+
| sai     |   20 |    90 | uttarpradesh | mnr         |  124743 |
| hema    |   21 |    75 | hyb          | pragathi    |  500043 |
| navya   |   21 |    79 | bangl        | pranathi    |  507043 |
| kranthi |   25 |    90 | vizag        | vivekananda |  756443 |
| navya   |   25 |    95 | jaipur       | vivekananda |  579843 |
| sahasra |   29 |    99 | hyb          | sidartha    |  512453 |
| vyshu   |   29 |    87 | karnataka    | mnr         |  897653 |
| manasa  |   34 |    78 | hyb          | roas        |  546353 |
| pinky   |   34 |   100 | bangl        | roas        |  345653 |
| preethi |   39 |    89 | kerala       | kondareedy  |  123453 |
| sonia   |   65 |    56 | kakinada     | pragathi    |  432143 |
| vyshu   |   89 |    39 | chennai      | loyalo      |  781443 |
+---------+------+-------+--------------+-------------+---------+
12 rows in set (0.00 sec)

mysql> select * from studentsinfo order by names;
ERROR 1054 (42S22): Unknown column 'names' in 'order clause'
mysql> select * from studentsinfo order by marks asc;
+---------+------+-------+--------------+-------------+---------+
| name    | age  | marks | city         | college     | pincode |
+---------+------+-------+--------------+-------------+---------+
| vyshu   |   89 |    39 | chennai      | loyalo      |  781443 |
| sonia   |   65 |    56 | kakinada     | pragathi    |  432143 |
| hema    |   21 |    75 | hyb          | pragathi    |  500043 |
| manasa  |   34 |    78 | hyb          | roas        |  546353 |
| navya   |   21 |    79 | bangl        | pranathi    |  507043 |
| vyshu   |   29 |    87 | karnataka    | mnr         |  897653 |
| preethi |   39 |    89 | kerala       | kondareedy  |  123453 |
| kranthi |   25 |    90 | vizag        | vivekananda |  756443 |
| sai     |   20 |    90 | uttarpradesh | mnr         |  124743 |
| navya   |   25 |    95 | jaipur       | vivekananda |  579843 |
| sahasra |   29 |    99 | hyb          | sidartha    |  512453 |
| pinky   |   34 |   100 | bangl        | roas        |  345653 |
+---------+------+-------+--------------+-------------+---------+
12 rows in set (0.00 sec)

mysql> select * from studentsinfo order by marks desc;
+---------+------+-------+--------------+-------------+---------+
| name    | age  | marks | city         | college     | pincode |
+---------+------+-------+--------------+-------------+---------+
| pinky   |   34 |   100 | bangl        | roas        |  345653 |
| sahasra |   29 |    99 | hyb          | sidartha    |  512453 |
| navya   |   25 |    95 | jaipur       | vivekananda |  579843 |
| kranthi |   25 |    90 | vizag        | vivekananda |  756443 |
| sai     |   20 |    90 | uttarpradesh | mnr         |  124743 |
| preethi |   39 |    89 | kerala       | kondareedy  |  123453 |
| vyshu   |   29 |    87 | karnataka    | mnr         |  897653 |
| navya   |   21 |    79 | bangl        | pranathi    |  507043 |
| manasa  |   34 |    78 | hyb          | roas        |  546353 |
| hema    |   21 |    75 | hyb          | pragathi    |  500043 |
| sonia   |   65 |    56 | kakinada     | pragathi    |  432143 |
| vyshu   |   89 |    39 | chennai      | loyalo      |  781443 |
+---------+------+-------+--------------+-------------+---------+
12 rows in set (0.00 sec)

mysql> select * from studentsinfo order by name desc;
+---------+------+-------+--------------+-------------+---------+
| name    | age  | marks | city         | college     | pincode |
+---------+------+-------+--------------+-------------+---------+
| vyshu   |   89 |    39 | chennai      | loyalo      |  781443 |
| vyshu   |   29 |    87 | karnataka    | mnr         |  897653 |
| sonia   |   65 |    56 | kakinada     | pragathi    |  432143 |
| sai     |   20 |    90 | uttarpradesh | mnr         |  124743 |
| sahasra |   29 |    99 | hyb          | sidartha    |  512453 |
| preethi |   39 |    89 | kerala       | kondareedy  |  123453 |
| pinky   |   34 |   100 | bangl        | roas        |  345653 |
| navya   |   25 |    95 | jaipur       | vivekananda |  579843 |
| navya   |   21 |    79 | bangl        | pranathi    |  507043 |
| manasa  |   34 |    78 | hyb          | roas        |  546353 |
| kranthi |   25 |    90 | vizag        | vivekananda |  756443 |
| hema    |   21 |    75 | hyb          | pragathi    |  500043 |
+---------+------+-------+--------------+-------------+---------+
12 rows in set (0.00 sec)

mysql> select * from studentsinfo order by name asc;
+---------+------+-------+--------------+-------------+---------+
| name    | age  | marks | city         | college     | pincode |
+---------+------+-------+--------------+-------------+---------+
| hema    |   21 |    75 | hyb          | pragathi    |  500043 |
| kranthi |   25 |    90 | vizag        | vivekananda |  756443 |
| manasa  |   34 |    78 | hyb          | roas        |  546353 |
| navya   |   21 |    79 | bangl        | pranathi    |  507043 |
| navya   |   25 |    95 | jaipur       | vivekananda |  579843 |
| pinky   |   34 |   100 | bangl        | roas        |  345653 |
| preethi |   39 |    89 | kerala       | kondareedy  |  123453 |
| sahasra |   29 |    99 | hyb          | sidartha    |  512453 |
| sai     |   20 |    90 | uttarpradesh | mnr         |  124743 |
| sonia   |   65 |    56 | kakinada     | pragathi    |  432143 |
| vyshu   |   89 |    39 | chennai      | loyalo      |  781443 |
| vyshu   |   29 |    87 | karnataka    | mnr         |  897653 |
+---------+------+-------+--------------+-------------+---------+
12 rows in set (0.00 sec)

mysql> select * from studentsinfo order by age;
+---------+------+-------+--------------+-------------+---------+
| name    | age  | marks | city         | college     | pincode |
+---------+------+-------+--------------+-------------+---------+
| sai     |   20 |    90 | uttarpradesh | mnr         |  124743 |
| hema    |   21 |    75 | hyb          | pragathi    |  500043 |
| navya   |   21 |    79 | bangl        | pranathi    |  507043 |
| kranthi |   25 |    90 | vizag        | vivekananda |  756443 |
| navya   |   25 |    95 | jaipur       | vivekananda |  579843 |
| sahasra |   29 |    99 | hyb          | sidartha    |  512453 |
| vyshu   |   29 |    87 | karnataka    | mnr         |  897653 |
| manasa  |   34 |    78 | hyb          | roas        |  546353 |
| pinky   |   34 |   100 | bangl        | roas        |  345653 |
| preethi |   39 |    89 | kerala       | kondareedy  |  123453 |
| sonia   |   65 |    56 | kakinada     | pragathi    |  432143 |
| vyshu   |   89 |    39 | chennai      | loyalo      |  781443 |
+---------+------+-------+--------------+-------------+---------+
12 rows in set (0.00 sec)

mysql> select * from studentsinfo order by age desc;
+---------+------+-------+--------------+-------------+---------+
| name    | age  | marks | city         | college     | pincode |
+---------+------+-------+--------------+-------------+---------+
| vyshu   |   89 |    39 | chennai      | loyalo      |  781443 |
| sonia   |   65 |    56 | kakinada     | pragathi    |  432143 |
| preethi |   39 |    89 | kerala       | kondareedy  |  123453 |
| manasa  |   34 |    78 | hyb          | roas        |  546353 |
| pinky   |   34 |   100 | bangl        | roas        |  345653 |
| vyshu   |   29 |    87 | karnataka    | mnr         |  897653 |
| sahasra |   29 |    99 | hyb          | sidartha    |  512453 |
| navya   |   25 |    95 | jaipur       | vivekananda |  579843 |
| kranthi |   25 |    90 | vizag        | vivekananda |  756443 |
| navya   |   21 |    79 | bangl        | pranathi    |  507043 |
| hema    |   21 |    75 | hyb          | pragathi    |  500043 |
| sai     |   20 |    90 | uttarpradesh | mnr         |  124743 |
+---------+------+-------+--------------+-------------+---------+
12 rows in set (0.00 sec)

mysql> select * from studentsinfo order by city;
+---------+------+-------+--------------+-------------+---------+
| name    | age  | marks | city         | college     | pincode |
+---------+------+-------+--------------+-------------+---------+
| pinky   |   34 |   100 | bangl        | roas        |  345653 |
| navya   |   21 |    79 | bangl        | pranathi    |  507043 |
| vyshu   |   89 |    39 | chennai      | loyalo      |  781443 |
| manasa  |   34 |    78 | hyb          | roas        |  546353 |
| hema    |   21 |    75 | hyb          | pragathi    |  500043 |
| sahasra |   29 |    99 | hyb          | sidartha    |  512453 |
| navya   |   25 |    95 | jaipur       | vivekananda |  579843 |
| sonia   |   65 |    56 | kakinada     | pragathi    |  432143 |
| vyshu   |   29 |    87 | karnataka    | mnr         |  897653 |
| preethi |   39 |    89 | kerala       | kondareedy  |  123453 |
| sai     |   20 |    90 | uttarpradesh | mnr         |  124743 |
| kranthi |   25 |    90 | vizag        | vivekananda |  756443 |
+---------+------+-------+--------------+-------------+---------+
12 rows in set (0.01 sec)

mysql>
mysql> select * from studentsinfo order by city desc;
+---------+------+-------+--------------+-------------+---------+
| name    | age  | marks | city         | college     | pincode |
+---------+------+-------+--------------+-------------+---------+
| kranthi |   25 |    90 | vizag        | vivekananda |  756443 |
| sai     |   20 |    90 | uttarpradesh | mnr         |  124743 |
| preethi |   39 |    89 | kerala       | kondareedy  |  123453 |
| vyshu   |   29 |    87 | karnataka    | mnr         |  897653 |
| sonia   |   65 |    56 | kakinada     | pragathi    |  432143 |
| navya   |   25 |    95 | jaipur       | vivekananda |  579843 |
| manasa  |   34 |    78 | hyb          | roas        |  546353 |
| hema    |   21 |    75 | hyb          | pragathi    |  500043 |
| sahasra |   29 |    99 | hyb          | sidartha    |  512453 |
| vyshu   |   89 |    39 | chennai      | loyalo      |  781443 |
| navya   |   21 |    79 | bangl        | pranathi    |  507043 |
| pinky   |   34 |   100 | bangl        | roas        |  345653 |
+---------+------+-------+--------------+-------------+---------+
12 rows in set (0.00 sec)

mysql> select * from studentsinfo order by marks;
+---------+------+-------+--------------+-------------+---------+
| name    | age  | marks | city         | college     | pincode |
+---------+------+-------+--------------+-------------+---------+
| vyshu   |   89 |    39 | chennai      | loyalo      |  781443 |
| sonia   |   65 |    56 | kakinada     | pragathi    |  432143 |
| hema    |   21 |    75 | hyb          | pragathi    |  500043 |
| manasa  |   34 |    78 | hyb          | roas        |  546353 |
| navya   |   21 |    79 | bangl        | pranathi    |  507043 |
| vyshu   |   29 |    87 | karnataka    | mnr         |  897653 |
| preethi |   39 |    89 | kerala       | kondareedy  |  123453 |
| kranthi |   25 |    90 | vizag        | vivekananda |  756443 |
| sai     |   20 |    90 | uttarpradesh | mnr         |  124743 |
| navya   |   25 |    95 | jaipur       | vivekananda |  579843 |
| sahasra |   29 |    99 | hyb          | sidartha    |  512453 |
| pinky   |   34 |   100 | bangl        | roas        |  345653 |
+---------+------+-------+--------------+-------------+---------+
12 rows in set (0.00 sec)

mysql> select * from studentsinfo order by marks and age;
+---------+------+-------+--------------+-------------+---------+
| name    | age  | marks | city         | college     | pincode |
+---------+------+-------+--------------+-------------+---------+
| hema    |   21 |    75 | hyb          | pragathi    |  500043 |
| manasa  |   34 |    78 | hyb          | roas        |  546353 |
| preethi |   39 |    89 | kerala       | kondareedy  |  123453 |
| vyshu   |   29 |    87 | karnataka    | mnr         |  897653 |
| sai     |   20 |    90 | uttarpradesh | mnr         |  124743 |
| sonia   |   65 |    56 | kakinada     | pragathi    |  432143 |
| navya   |   25 |    95 | jaipur       | vivekananda |  579843 |
| kranthi |   25 |    90 | vizag        | vivekananda |  756443 |
| vyshu   |   89 |    39 | chennai      | loyalo      |  781443 |
| sahasra |   29 |    99 | hyb          | sidartha    |  512453 |
| navya   |   21 |    79 | bangl        | pranathi    |  507043 |
| pinky   |   34 |   100 | bangl        | roas        |  345653 |
+---------+------+-------+--------------+-------------+---------+
12 rows in set (0.10 sec)

mysql> select * from studentsinfo order by marks and age asc;
+---------+------+-------+--------------+-------------+---------+
| name    | age  | marks | city         | college     | pincode |
+---------+------+-------+--------------+-------------+---------+
| hema    |   21 |    75 | hyb          | pragathi    |  500043 |
| manasa  |   34 |    78 | hyb          | roas        |  546353 |
| preethi |   39 |    89 | kerala       | kondareedy  |  123453 |
| vyshu   |   29 |    87 | karnataka    | mnr         |  897653 |
| sai     |   20 |    90 | uttarpradesh | mnr         |  124743 |
| sonia   |   65 |    56 | kakinada     | pragathi    |  432143 |
| navya   |   25 |    95 | jaipur       | vivekananda |  579843 |
| kranthi |   25 |    90 | vizag        | vivekananda |  756443 |
| vyshu   |   89 |    39 | chennai      | loyalo      |  781443 |
| sahasra |   29 |    99 | hyb          | sidartha    |  512453 |
| navya   |   21 |    79 | bangl        | pranathi    |  507043 |
| pinky   |   34 |   100 | bangl        | roas        |  345653 |
+---------+------+-------+--------------+-------------+---------+
12 rows in set (0.00 sec)

mysql> select * from studentsinfo order by pincode;
+---------+------+-------+--------------+-------------+---------+
| name    | age  | marks | city         | college     | pincode |
+---------+------+-------+--------------+-------------+---------+
| preethi |   39 |    89 | kerala       | kondareedy  |  123453 |
| sai     |   20 |    90 | uttarpradesh | mnr         |  124743 |
| pinky   |   34 |   100 | bangl        | roas        |  345653 |
| sonia   |   65 |    56 | kakinada     | pragathi    |  432143 |
| hema    |   21 |    75 | hyb          | pragathi    |  500043 |
| navya   |   21 |    79 | bangl        | pranathi    |  507043 |
| sahasra |   29 |    99 | hyb          | sidartha    |  512453 |
| manasa  |   34 |    78 | hyb          | roas        |  546353 |
| navya   |   25 |    95 | jaipur       | vivekananda |  579843 |
| kranthi |   25 |    90 | vizag        | vivekananda |  756443 |
| vyshu   |   89 |    39 | chennai      | loyalo      |  781443 |
| vyshu   |   29 |    87 | karnataka    | mnr         |  897653 |
+---------+------+-------+--------------+-------------+---------+
12 rows in set (0.00 sec)

mysql> select * from studentsinfo order by pincode<=578901 and city!='hyb';
+---------+------+-------+--------------+-------------+---------+
| name    | age  | marks | city         | college     | pincode |
+---------+------+-------+--------------+-------------+---------+
| hema    |   21 |    75 | hyb          | pragathi    |  500043 |
| manasa  |   34 |    78 | hyb          | roas        |  546353 |
| sahasra |   29 |    99 | hyb          | sidartha    |  512453 |
| vyshu   |   89 |    39 | chennai      | loyalo      |  781443 |
| kranthi |   25 |    90 | vizag        | vivekananda |  756443 |
| navya   |   25 |    95 | jaipur       | vivekananda |  579843 |
| vyshu   |   29 |    87 | karnataka    | mnr         |  897653 |
| preethi |   39 |    89 | kerala       | kondareedy  |  123453 |
| sai     |   20 |    90 | uttarpradesh | mnr         |  124743 |
| sonia   |   65 |    56 | kakinada     | pragathi    |  432143 |
| navya   |   21 |    79 | bangl        | pranathi    |  507043 |
| pinky   |   34 |   100 | bangl        | roas        |  345653 |
+---------+------+-------+--------------+-------------+---------+
12 rows in set (0.00 sec)

mysql> select * from studentsinfo order by pincode<=578901 and city='hyb';
+---------+------+-------+--------------+-------------+---------+
| name    | age  | marks | city         | college     | pincode |
+---------+------+-------+--------------+-------------+---------+
| pinky   |   34 |   100 | bangl        | roas        |  345653 |
| preethi |   39 |    89 | kerala       | kondareedy  |  123453 |
| vyshu   |   29 |    87 | karnataka    | mnr         |  897653 |
| sai     |   20 |    90 | uttarpradesh | mnr         |  124743 |
| sonia   |   65 |    56 | kakinada     | pragathi    |  432143 |
| navya   |   25 |    95 | jaipur       | vivekananda |  579843 |
| kranthi |   25 |    90 | vizag        | vivekananda |  756443 |
| vyshu   |   89 |    39 | chennai      | loyalo      |  781443 |
| navya   |   21 |    79 | bangl        | pranathi    |  507043 |
| sahasra |   29 |    99 | hyb          | sidartha    |  512453 |
| manasa  |   34 |    78 | hyb          | roas        |  546353 |
| hema    |   21 |    75 | hyb          | pragathi    |  500043 |
+---------+------+-------+--------------+-------------+---------+
12 rows in set (0.00 sec)

mysql> select city from studentsinfo where marks>=50;
+--------------+
| city         |
+--------------+
| hyb          |
| bangl        |
| hyb          |
| vizag        |
| jaipur       |
| kakinada     |
| uttarpradesh |
| karnataka    |
| kerala       |
| hyb          |
| bangl        |
+--------------+
11 rows in set (0.00 sec)

mysql> select min(marks) from studentsinfo;
+------------+
| min(marks) |
+------------+
|         39 |
+------------+
1 row in set (0.12 sec)

mysql> select * from studentsinfo where marks>=50;
+---------+------+-------+--------------+-------------+---------+
| name    | age  | marks | city         | college     | pincode |
+---------+------+-------+--------------+-------------+---------+
| hema    |   21 |    75 | hyb          | pragathi    |  500043 |
| navya   |   21 |    79 | bangl        | pranathi    |  507043 |
| sahasra |   29 |    99 | hyb          | sidartha    |  512453 |
| kranthi |   25 |    90 | vizag        | vivekananda |  756443 |
| navya   |   25 |    95 | jaipur       | vivekananda |  579843 |
| sonia   |   65 |    56 | kakinada     | pragathi    |  432143 |
| sai     |   20 |    90 | uttarpradesh | mnr         |  124743 |
| vyshu   |   29 |    87 | karnataka    | mnr         |  897653 |
| preethi |   39 |    89 | kerala       | kondareedy  |  123453 |
| manasa  |   34 |    78 | hyb          | roas        |  546353 |
| pinky   |   34 |   100 | bangl        | roas        |  345653 |
+---------+------+-------+--------------+-------------+---------+
11 rows in set (0.00 sec)

mysql> select age from studentsinfo order by age;
+------+
| age  |
+------+
|   20 |
|   21 |
|   21 |
|   25 |
|   25 |
|   29 |
|   29 |
|   34 |
|   34 |
|   39 |
|   65 |
|   89 |
+------+
12 rows in set (0.00 sec)

mysql> select min(marks) as 'least marks' from studentsinfo;
+-------------+
| least marks |
+-------------+
|          39 |
+-------------+
1 row in set (0.09 sec)

mysql> select max(marks) as 'highest marks' from studentsinfo;
+---------------+
| highest marks |
+---------------+
|           100 |
+---------------+
1 row in set (0.00 sec)

mysql> select max(marks) as highest_ marks from studentsinfo;
ERROR 1064 (42000): You have an error in your SQL syntax; check the manual that corresponds to your MySQL server version for the right syntax to use near 'marks from studentsinfo' at line 1
mysql> select max(marks) as high_score from studentsinfo;
+------------+
| high_score |
+------------+
|        100 |
+------------+
1 row in set (0.11 sec)

mysql> select max(age) from studentsinfo;
+----------+
| max(age) |
+----------+
|       89 |
+----------+
1 row in set (0.00 sec)

mysql> select * from studentsinfo where max(age);
ERROR 1111 (HY000): Invalid use of group function
mysql> select * from studentsinfo where  age<=25;
+---------+------+-------+--------------+-------------+---------+
| name    | age  | marks | city         | college     | pincode |
+---------+------+-------+--------------+-------------+---------+
| hema    |   21 |    75 | hyb          | pragathi    |  500043 |
| navya   |   21 |    79 | bangl        | pranathi    |  507043 |
| kranthi |   25 |    90 | vizag        | vivekananda |  756443 |
| navya   |   25 |    95 | jaipur       | vivekananda |  579843 |
| sai     |   20 |    90 | uttarpradesh | mnr         |  124743 |
+---------+------+-------+--------------+-------------+---------+
5 rows in set (0.00 sec)

mysql> select min(age) from studentsinfo;
+----------+
| min(age) |
+----------+
|       20 |
+----------+
1 row in set (0.00 sec)

mysql> select min(age) as 'minimum age' from studentsinfo;
+-------------+
| minimum age |
+-------------+
|          20 |
+-------------+
1 row in set (0.01 sec)

mysql> select min(age) as minimum_age from studentsinfo;
+-------------+
| minimum_age |
+-------------+
|          20 |
+-------------+
1 row in set (0.01 sec)

mysql> select * from studentsinfo;
+---------+------+-------+--------------+-------------+---------+
| name    | age  | marks | city         | college     | pincode |
+---------+------+-------+--------------+-------------+---------+
| hema    |   21 |    75 | hyb          | pragathi    |  500043 |
| navya   |   21 |    79 | bangl        | pranathi    |  507043 |
| sahasra |   29 |    99 | hyb          | sidartha    |  512453 |
| vyshu   |   89 |    39 | chennai      | loyalo      |  781443 |
| kranthi |   25 |    90 | vizag        | vivekananda |  756443 |
| navya   |   25 |    95 | jaipur       | vivekananda |  579843 |
| sonia   |   65 |    56 | kakinada     | pragathi    |  432143 |
| sai     |   20 |    90 | uttarpradesh | mnr         |  124743 |
| vyshu   |   29 |    87 | karnataka    | mnr         |  897653 |
| preethi |   39 |    89 | kerala       | kondareedy  |  123453 |
| manasa  |   34 |    78 | hyb          | roas        |  546353 |
| pinky   |   34 |   100 | bangl        | roas        |  345653 |
+---------+------+-------+--------------+-------------+---------+
12 rows in set (0.00 sec)

mysql> select min(city) from studentsinfo;
+-----------+
| min(city) |
+-----------+
| bangl     |
+-----------+
1 row in set (0.10 sec)

mysql> select max(city) from studentsinfo;
+-----------+
| max(city) |
+-----------+
| vizag     |
+-----------+
1 row in set (0.01 sec)

mysql> select max(city) as 'maximum city' from studentsinfo;
+--------------+
| maximum city |
+--------------+
| vizag        |
+--------------+
1 row in set (0.00 sec)

mysql> select min(city) as 'minimum city'from studentsinfo;
+--------------+
| minimum city |
+--------------+
| bangl        |
+--------------+
1 row in set (0.00 sec)

mysql> select min(college) from studentsinfo;
+--------------+
| min(college) |
+--------------+
| kondareedy   |
+--------------+
1 row in set (0.00 sec)

mysql> select min(college) as mimimum_college from studentsinfo;
+-----------------+
| mimimum_college |
+-----------------+
| kondareedy      |
+-----------------+
1 row in set (0.00 sec)

mysql> select max(college) as maximum_college from studentsinfo;
+-----------------+
| maximum_college |
+-----------------+
| vivekananda     |
+-----------------+
1 row in set (0.00 sec)

mysql> select sum(marks) from studentsinfo;
+------------+
| sum(marks) |
+------------+
|        977 |
+------------+
1 row in set (0.05 sec)

mysql> select sum(marks) as total_marks from studentsinfo;
+-------------+
| total_marks |
+-------------+
|         977 |
+-------------+
1 row in set (0.00 sec)

mysql> select avg(marks) as average_marks from studentsinfo;
+---------------+
| average_marks |
+---------------+
|       81.4167 |
+---------------+
1 row in set (0.00 sec)

mysql> select avg(marks) as average_marks from studentsinfo where city='hyb';
+---------------+
| average_marks |
+---------------+
|       84.0000 |
+---------------+
1 row in set (0.00 sec)

mysql> select avg(marks) as average_marks from studentsinfo where city='bangl';
+---------------+
| average_marks |
+---------------+
|       89.5000 |
+---------------+
1 row in set (0.00 sec)

mysql> select sum(marks) as total_marks from studentsinfo where city='bangl';
+-------------+
| total_marks |
+-------------+
|         179 |
+-------------+
1 row in set (0.00 sec)

mysql> select sum(marks) as total_marks from studentsinfo where city='kerala';
+-------------+
| total_marks |
+-------------+
|          89 |
+-------------+
1 row in set (0.00 sec)

mysql> select count(*) from studentsinfo;
+----------+
| count(*) |
+----------+
|       12 |
+----------+
1 row in set (0.01 sec)

mysql> select count(*) as total number of rows where city='hyb';
ERROR 1064 (42000): You have an error in your SQL syntax; check the manual that corresponds to your MySQL server version for the right syntax to use near 'number of rows where city='hyb'' at line 1
mysql> select count(*) as total number of rows from studentsinfo  where city='hyb';
ERROR 1064 (42000): You have an error in your SQL syntax; check the manual that corresponds to your MySQL server version for the right syntax to use near 'number of rows from studentsinfo  where city='hyb'' at line 1
mysql> select min(age) as 'minimum age' from studentsinfo;




































































































































































































































Enter password: ****
Welcome to the MySQL monitor.  Commands end with ; or \g.
Your MySQL connection id is 31
Server version: 5.5.62 MySQL Community Server (GPL)

Copyright (c) 2000, 2018, Oracle and/or its affiliates. All rights reserved.

Oracle is a registered trademark of Oracle Corporation and/or its
affiliates. Other names may be trademarks of their respective
owners.

Type 'help;' or '\h' for help. Type '\c' to clear the current input statement.

mysql> show databases;
+--------------------+
| Database           |
+--------------------+
| information_schema |
| abc                |
| mysql              |
| performance_schema |
+--------------------+
4 rows in set (0.05 sec)

mysql> drop database abc;
Query OK, 1 row affected (0.60 sec)

mysql> show databases;
+--------------------+
| Database           |
+--------------------+
| information_schema |
| mysql              |
| performance_schema |
+--------------------+
3 rows in set (0.00 sec)

mysql> create database abc;
Query OK, 1 row affected (0.00 sec)

mysql> show databases;
+--------------------+
| Database           |
+--------------------+
| information_schema |
| abc                |
| mysql              |
| performance_schema |
+--------------------+
4 rows in set (0.00 sec)

mysql> use abc;
Database changed
mysql> create table studentsinfo(name varchar(20),age int,marks int,city varchar(20),college varchar(20),pincode int);
Query OK, 0 rows affected (0.08 sec)

mysql> show tables;
+---------------+
| Tables_in_abc |
+---------------+
| studentsinfo  |
+---------------+
1 row in set (0.00 sec)

mysql> desc studentsinfo;
+---------+-------------+------+-----+---------+-------+
| Field   | Type        | Null | Key | Default | Extra |
+---------+-------------+------+-----+---------+-------+
| name    | varchar(20) | YES  |     | NULL    |       |
| age     | int(11)     | YES  |     | NULL    |       |
| marks   | int(11)     | YES  |     | NULL    |       |
| city    | varchar(20) | YES  |     | NULL    |       |
| college | varchar(20) | YES  |     | NULL    |       |
| pincode | int(11)     | YES  |     | NULL    |       |
+---------+-------------+------+-----+---------+-------+
6 rows in set (0.16 sec)

mysql> insert into studentsinfo values('hema',21,75,'hyb','pragathi',500043);
Query OK, 1 row affected (0.20 sec)

mysql> insert into studentsinfo values('navya',21,79,'bangl','pranathi',507043);
Query OK, 1 row affected (0.13 sec)

mysql> insert into studentsinfo values('sahasra',29 ,99,'hyb','sidartha',512453);
Query OK, 1 row affected (0.05 sec)

mysql> insert into studentsinfo values('vyshu',89,39,'chennai','loyalo',781443);
Query OK, 1 row affected (0.02 sec)

mysql> insert into studentsinfo values('kranthi',25,90,'vizag','vivekananda',756443);
Query OK, 1 row affected (0.16 sec)

mysql> insert into studentsinfo values('navya',25,95,'jaipur','vivekananda'579843);
ERROR 1064 (42000): You have an error in your SQL syntax; check the manual that corresponds to your MySQL server version for the right syntax to use near '579843)' at line 1
mysql> insert into studentsinfo values('navya',25,95,'jaipur','vivekananda',579843);
Query OK, 1 row affected (0.11 sec)

mysql> insert into studentsinfo values('sonia',65,56,'kakinada','pragathi',432143);
Query OK, 1 row affected (0.03 sec)

mysql> insert into studentsinfo values('sai',20,90,'uttarpradesh','mnr',124743);
Query OK, 1 row affected (0.30 sec)

mysql> insert into studentsinfo values('vyshu',29,87,'karnataka','mnr',897653);
Query OK, 1 row affected (0.05 sec)

mysql> insert into studentsinfo values('preethi',39,89,'kerala','kondareedy',123453);
Query OK, 1 row affected (0.04 sec)

mysql> insert into studentsinfo values('manasa',34,78,'hyb','roas',546353);
Query OK, 1 row affected (0.10 sec)

mysql> insert into studentsinfo values('pinky',34,100,'bangl','roas',345653);
Query OK, 1 row affected (0.05 sec)

mysql> select * from studentsinfo;
+---------+------+-------+--------------+-------------+---------+
| name    | age  | marks | city         | college     | pincode |
+---------+------+-------+--------------+-------------+---------+
| hema    |   21 |    75 | hyb          | pragathi    |  500043 |
| navya   |   21 |    79 | bangl        | pranathi    |  507043 |
| sahasra |   29 |    99 | hyb          | sidartha    |  512453 |
| vyshu   |   89 |    39 | chennai      | loyalo      |  781443 |
| kranthi |   25 |    90 | vizag        | vivekananda |  756443 |
| navya   |   25 |    95 | jaipur       | vivekananda |  579843 |
| sonia   |   65 |    56 | kakinada     | pragathi    |  432143 |
| sai     |   20 |    90 | uttarpradesh | mnr         |  124743 |
| vyshu   |   29 |    87 | karnataka    | mnr         |  897653 |
| preethi |   39 |    89 | kerala       | kondareedy  |  123453 |
| manasa  |   34 |    78 | hyb          | roas        |  546353 |
| pinky   |   34 |   100 | bangl        | roas        |  345653 |
+---------+------+-------+--------------+-------------+---------+
12 rows in set (0.00 sec)

mysql> select * from studentsinfo where name=vyshu;
ERROR 1054 (42S22): Unknown column 'vyshu' in 'where clause'
mysql> select * from studentsinfo where name='vyshu';
+-------+------+-------+-----------+---------+---------+
| name  | age  | marks | city      | college | pincode |
+-------+------+-------+-----------+---------+---------+
| vyshu |   89 |    39 | chennai   | loyalo  |  781443 |
| vyshu |   29 |    87 | karnataka | mnr     |  897653 |
+-------+------+-------+-----------+---------+---------+
2 rows in set (0.10 sec)

mysql> select * from studentsinfo where name='vyshu' and city='chennai';
+-------+------+-------+---------+---------+---------+
| name  | age  | marks | city    | college | pincode |
+-------+------+-------+---------+---------+---------+
| vyshu |   89 |    39 | chennai | loyalo  |  781443 |
+-------+------+-------+---------+---------+---------+
1 row in set (0.00 sec)

mysql> select name,age,city from studentsinfo;
+---------+------+--------------+
| name    | age  | city         |
+---------+------+--------------+
| hema    |   21 | hyb          |
| navya   |   21 | bangl        |
| sahasra |   29 | hyb          |
| vyshu   |   89 | chennai      |
| kranthi |   25 | vizag        |
| navya   |   25 | jaipur       |
| sonia   |   65 | kakinada     |
| sai     |   20 | uttarpradesh |
| vyshu   |   29 | karnataka    |
| preethi |   39 | kerala       |
| manasa  |   34 | hyb          |
| pinky   |   34 | bangl        |
+---------+------+--------------+
12 rows in set (0.00 sec)

mysql> select age from studentsinfo where age>=25;
+------+
| age  |
+------+
|   29 |
|   89 |
|   25 |
|   25 |
|   65 |
|   29 |
|   39 |
|   34 |
|   34 |
+------+
9 rows in set (0.00 sec)

mysql> select age,name from studentsinfo where age>=25;
+------+---------+
| age  | name    |
+------+---------+
|   29 | sahasra |
|   89 | vyshu   |
|   25 | kranthi |
|   25 | navya   |
|   65 | sonia   |
|   29 | vyshu   |
|   39 | preethi |
|   34 | manasa  |
|   34 | pinky   |
+------+---------+
9 rows in set (0.00 sec)

mysql> select marks,name,age from studentsinfo where marks<=80 and age>=21;
+-------+--------+------+
| marks | name   | age  |
+-------+--------+------+
|    75 | hema   |   21 |
|    79 | navya  |   21 |
|    39 | vyshu  |   89 |
|    56 | sonia  |   65 |
|    78 | manasa |   34 |
+-------+--------+------+
5 rows in set (0.00 sec)

mysql> select * from studentsinfo;
+---------+------+-------+--------------+-------------+---------+
| name    | age  | marks | city         | college     | pincode |
+---------+------+-------+--------------+-------------+---------+
| hema    |   21 |    75 | hyb          | pragathi    |  500043 |
| navya   |   21 |    79 | bangl        | pranathi    |  507043 |
| sahasra |   29 |    99 | hyb          | sidartha    |  512453 |
| vyshu   |   89 |    39 | chennai      | loyalo      |  781443 |
| kranthi |   25 |    90 | vizag        | vivekananda |  756443 |
| navya   |   25 |    95 | jaipur       | vivekananda |  579843 |
| sonia   |   65 |    56 | kakinada     | pragathi    |  432143 |
| sai     |   20 |    90 | uttarpradesh | mnr         |  124743 |
| vyshu   |   29 |    87 | karnataka    | mnr         |  897653 |
| preethi |   39 |    89 | kerala       | kondareedy  |  123453 |
| manasa  |   34 |    78 | hyb          | roas        |  546353 |
| pinky   |   34 |   100 | bangl        | roas        |  345653 |
+---------+------+-------+--------------+-------------+---------+
12 rows in set (0.00 sec)

mysql> select * from studentsinfo where pincode=897653;
+-------+------+-------+-----------+---------+---------+
| name  | age  | marks | city      | college | pincode |
+-------+------+-------+-----------+---------+---------+
| vyshu |   29 |    87 | karnataka | mnr     |  897653 |
+-------+------+-------+-----------+---------+---------+
1 row in set (0.00 sec)

mysql> select * from studentsinfo where pincode<578943;
+---------+------+-------+--------------+------------+---------+
| name    | age  | marks | city         | college    | pincode |
+---------+------+-------+--------------+------------+---------+
| hema    |   21 |    75 | hyb          | pragathi   |  500043 |
| navya   |   21 |    79 | bangl        | pranathi   |  507043 |
| sahasra |   29 |    99 | hyb          | sidartha   |  512453 |
| sonia   |   65 |    56 | kakinada     | pragathi   |  432143 |
| sai     |   20 |    90 | uttarpradesh | mnr        |  124743 |
| preethi |   39 |    89 | kerala       | kondareedy |  123453 |
| manasa  |   34 |    78 | hyb          | roas       |  546353 |
| pinky   |   34 |   100 | bangl        | roas       |  345653 |
+---------+------+-------+--------------+------------+---------+
8 rows in set (0.00 sec)

mysql> select * from studentsinfo where marks>=30 and marks<=90;
+---------+------+-------+--------------+-------------+---------+
| name    | age  | marks | city         | college     | pincode |
+---------+------+-------+--------------+-------------+---------+
| hema    |   21 |    75 | hyb          | pragathi    |  500043 |
| navya   |   21 |    79 | bangl        | pranathi    |  507043 |
| vyshu   |   89 |    39 | chennai      | loyalo      |  781443 |
| kranthi |   25 |    90 | vizag        | vivekananda |  756443 |
| sonia   |   65 |    56 | kakinada     | pragathi    |  432143 |
| sai     |   20 |    90 | uttarpradesh | mnr         |  124743 |
| vyshu   |   29 |    87 | karnataka    | mnr         |  897653 |
| preethi |   39 |    89 | kerala       | kondareedy  |  123453 |
| manasa  |   34 |    78 | hyb          | roas        |  546353 |
+---------+------+-------+--------------+-------------+---------+
9 rows in set (0.00 sec)

mysql> select * from studentsinfo where marks>=21 and marks<=50;
+-------+------+-------+---------+---------+---------+
| name  | age  | marks | city    | college | pincode |
+-------+------+-------+---------+---------+---------+
| vyshu |   89 |    39 | chennai | loyalo  |  781443 |
+-------+------+-------+---------+---------+---------+
1 row in set (0.00 sec)

mysql> select * from studentsinfo where city='kerala' or city='hyb';
+---------+------+-------+--------+------------+---------+
| name    | age  | marks | city   | college    | pincode |
+---------+------+-------+--------+------------+---------+
| hema    |   21 |    75 | hyb    | pragathi   |  500043 |
| sahasra |   29 |    99 | hyb    | sidartha   |  512453 |
| preethi |   39 |    89 | kerala | kondareedy |  123453 |
| manasa  |   34 |    78 | hyb    | roas       |  546353 |
+---------+------+-------+--------+------------+---------+
4 rows in set (0.10 sec)

mysql> select * from studentsinfo where city='hyb'and college='pragathi';
+------+------+-------+------+----------+---------+
| name | age  | marks | city | college  | pincode |
+------+------+-------+------+----------+---------+
| hema |   21 |    75 | hyb  | pragathi |  500043 |
+------+------+-------+------+----------+---------+
1 row in set (0.00 sec)

mysql> select age from studentsinfo where age>=20;
+------+
| age  |
+------+
|   21 |
|   21 |
|   29 |
|   89 |
|   25 |
|   25 |
|   65 |
|   20 |
|   29 |
|   39 |
|   34 |
|   34 |
+------+
12 rows in set (0.00 sec)

mysql> select * from studentsinfo where marks>=50 and city='karnataka';
+-------+------+-------+-----------+---------+---------+
| name  | age  | marks | city      | college | pincode |
+-------+------+-------+-----------+---------+---------+
| vyshu |   29 |    87 | karnataka | mnr     |  897653 |
+-------+------+-------+-----------+---------+---------+
1 row in set (0.00 sec)

mysql> select * from studentsinfo where marks>=50 and city='hyb';
+---------+------+-------+------+----------+---------+
| name    | age  | marks | city | college  | pincode |
+---------+------+-------+------+----------+---------+
| hema    |   21 |    75 | hyb  | pragathi |  500043 |
| sahasra |   29 |    99 | hyb  | sidartha |  512453 |
| manasa  |   34 |    78 | hyb  | roas     |  546353 |
+---------+------+-------+------+----------+---------+
3 rows in set (0.00 sec)

mysql> select * from studentsinfo where marks<=50 and city='hyb';
Empty set (0.00 sec)

mysql> select * from studentsinfo where marks<=50 and city='kerala';
Empty set (0.00 sec)

mysql> select * from studentsinfo where marks>=50 and city='kerala';
+---------+------+-------+--------+------------+---------+
| name    | age  | marks | city   | college    | pincode |
+---------+------+-------+--------+------------+---------+
| preethi |   39 |    89 | kerala | kondareedy |  123453 |
+---------+------+-------+--------+------------+---------+
1 row in set (0.00 sec)

mysql> select * from studentsinfo where college='loyalo'and city='hyb';
Empty set (0.00 sec)

mysql> select * from studentsinfo where college='loyalo'and marks>=45;
Empty set (0.00 sec)

mysql> select * from studentsinfo where college='loyalo'and marks<=45;
+-------+------+-------+---------+---------+---------+
| name  | age  | marks | city    | college | pincode |
+-------+------+-------+---------+---------+---------+
| vyshu |   89 |    39 | chennai | loyalo  |  781443 |
+-------+------+-------+---------+---------+---------+
1 row in set (0.00 sec)

mysql> select * from studentsinfo where college='mnr'and marks>=56;
+-------+------+-------+--------------+---------+---------+
| name  | age  | marks | city         | college | pincode |
+-------+------+-------+--------------+---------+---------+
| sai   |   20 |    90 | uttarpradesh | mnr     |  124743 |
| vyshu |   29 |    87 | karnataka    | mnr     |  897653 |
+-------+------+-------+--------------+---------+---------+
2 rows in set (0.00 sec)

mysql> select * from studentsinfo where city='karnataka' and marks>=50 or city!='karnataka' and marks<=100;
+---------+------+-------+--------------+-------------+---------+
| name    | age  | marks | city         | college     | pincode |
+---------+------+-------+--------------+-------------+---------+
| hema    |   21 |    75 | hyb          | pragathi    |  500043 |
| navya   |   21 |    79 | bangl        | pranathi    |  507043 |
| sahasra |   29 |    99 | hyb          | sidartha    |  512453 |
| vyshu   |   89 |    39 | chennai      | loyalo      |  781443 |
| kranthi |   25 |    90 | vizag        | vivekananda |  756443 |
| navya   |   25 |    95 | jaipur       | vivekananda |  579843 |
| sonia   |   65 |    56 | kakinada     | pragathi    |  432143 |
| sai     |   20 |    90 | uttarpradesh | mnr         |  124743 |
| vyshu   |   29 |    87 | karnataka    | mnr         |  897653 |
| preethi |   39 |    89 | kerala       | kondareedy  |  123453 |
| manasa  |   34 |    78 | hyb          | roas        |  546353 |
| pinky   |   34 |   100 | bangl        | roas        |  345653 |
+---------+------+-------+--------------+-------------+---------+
12 rows in set (0.00 sec)

mysql> select * from studentsinfo;
+---------+------+-------+--------------+-------------+---------+
| name    | age  | marks | city         | college     | pincode |
+---------+------+-------+--------------+-------------+---------+
| hema    |   21 |    75 | hyb          | pragathi    |  500043 |
| navya   |   21 |    79 | bangl        | pranathi    |  507043 |
| sahasra |   29 |    99 | hyb          | sidartha    |  512453 |
| vyshu   |   89 |    39 | chennai      | loyalo      |  781443 |
| kranthi |   25 |    90 | vizag        | vivekananda |  756443 |
| navya   |   25 |    95 | jaipur       | vivekananda |  579843 |
| sonia   |   65 |    56 | kakinada     | pragathi    |  432143 |
| sai     |   20 |    90 | uttarpradesh | mnr         |  124743 |
| vyshu   |   29 |    87 | karnataka    | mnr         |  897653 |
| preethi |   39 |    89 | kerala       | kondareedy  |  123453 |
| manasa  |   34 |    78 | hyb          | roas        |  546353 |
| pinky   |   34 |   100 | bangl        | roas        |  345653 |
+---------+------+-------+--------------+-------------+---------+
12 rows in set (0.00 sec)

mysql> select * from studentsinfo order by marks;
+---------+------+-------+--------------+-------------+---------+
| name    | age  | marks | city         | college     | pincode |
+---------+------+-------+--------------+-------------+---------+
| vyshu   |   89 |    39 | chennai      | loyalo      |  781443 |
| sonia   |   65 |    56 | kakinada     | pragathi    |  432143 |
| hema    |   21 |    75 | hyb          | pragathi    |  500043 |
| manasa  |   34 |    78 | hyb          | roas        |  546353 |
| navya   |   21 |    79 | bangl        | pranathi    |  507043 |
| vyshu   |   29 |    87 | karnataka    | mnr         |  897653 |
| preethi |   39 |    89 | kerala       | kondareedy  |  123453 |
| kranthi |   25 |    90 | vizag        | vivekananda |  756443 |
| sai     |   20 |    90 | uttarpradesh | mnr         |  124743 |
| navya   |   25 |    95 | jaipur       | vivekananda |  579843 |
| sahasra |   29 |    99 | hyb          | sidartha    |  512453 |
| pinky   |   34 |   100 | bangl        | roas        |  345653 |
+---------+------+-------+--------------+-------------+---------+
12 rows in set (0.11 sec)

mysql> select * from studentsinfo order by age;
+---------+------+-------+--------------+-------------+---------+
| name    | age  | marks | city         | college     | pincode |
+---------+------+-------+--------------+-------------+---------+
| sai     |   20 |    90 | uttarpradesh | mnr         |  124743 |
| hema    |   21 |    75 | hyb          | pragathi    |  500043 |
| navya   |   21 |    79 | bangl        | pranathi    |  507043 |
| kranthi |   25 |    90 | vizag        | vivekananda |  756443 |
| navya   |   25 |    95 | jaipur       | vivekananda |  579843 |
| sahasra |   29 |    99 | hyb          | sidartha    |  512453 |
| vyshu   |   29 |    87 | karnataka    | mnr         |  897653 |
| manasa  |   34 |    78 | hyb          | roas        |  546353 |
| pinky   |   34 |   100 | bangl        | roas        |  345653 |
| preethi |   39 |    89 | kerala       | kondareedy  |  123453 |
| sonia   |   65 |    56 | kakinada     | pragathi    |  432143 |
| vyshu   |   89 |    39 | chennai      | loyalo      |  781443 |
+---------+------+-------+--------------+-------------+---------+
12 rows in set (0.00 sec)

mysql> select * from studentsinfo order by names;
ERROR 1054 (42S22): Unknown column 'names' in 'order clause'
mysql> select * from studentsinfo order by marks asc;
+---------+------+-------+--------------+-------------+---------+
| name    | age  | marks | city         | college     | pincode |
+---------+------+-------+--------------+-------------+---------+
| vyshu   |   89 |    39 | chennai      | loyalo      |  781443 |
| sonia   |   65 |    56 | kakinada     | pragathi    |  432143 |
| hema    |   21 |    75 | hyb          | pragathi    |  500043 |
| manasa  |   34 |    78 | hyb          | roas        |  546353 |
| navya   |   21 |    79 | bangl        | pranathi    |  507043 |
| vyshu   |   29 |    87 | karnataka    | mnr         |  897653 |
| preethi |   39 |    89 | kerala       | kondareedy  |  123453 |
| kranthi |   25 |    90 | vizag        | vivekananda |  756443 |
| sai     |   20 |    90 | uttarpradesh | mnr         |  124743 |
| navya   |   25 |    95 | jaipur       | vivekananda |  579843 |
| sahasra |   29 |    99 | hyb          | sidartha    |  512453 |
| pinky   |   34 |   100 | bangl        | roas        |  345653 |
+---------+------+-------+--------------+-------------+---------+
12 rows in set (0.00 sec)

mysql> select * from studentsinfo order by marks desc;
+---------+------+-------+--------------+-------------+---------+
| name    | age  | marks | city         | college     | pincode |
+---------+------+-------+--------------+-------------+---------+
| pinky   |   34 |   100 | bangl        | roas        |  345653 |
| sahasra |   29 |    99 | hyb          | sidartha    |  512453 |
| navya   |   25 |    95 | jaipur       | vivekananda |  579843 |
| kranthi |   25 |    90 | vizag        | vivekananda |  756443 |
| sai     |   20 |    90 | uttarpradesh | mnr         |  124743 |
| preethi |   39 |    89 | kerala       | kondareedy  |  123453 |
| vyshu   |   29 |    87 | karnataka    | mnr         |  897653 |
| navya   |   21 |    79 | bangl        | pranathi    |  507043 |
| manasa  |   34 |    78 | hyb          | roas        |  546353 |
| hema    |   21 |    75 | hyb          | pragathi    |  500043 |
| sonia   |   65 |    56 | kakinada     | pragathi    |  432143 |
| vyshu   |   89 |    39 | chennai      | loyalo      |  781443 |
+---------+------+-------+--------------+-------------+---------+
12 rows in set (0.00 sec)

mysql> select * from studentsinfo order by name desc;
+---------+------+-------+--------------+-------------+---------+
| name    | age  | marks | city         | college     | pincode |
+---------+------+-------+--------------+-------------+---------+
| vyshu   |   89 |    39 | chennai      | loyalo      |  781443 |
| vyshu   |   29 |    87 | karnataka    | mnr         |  897653 |
| sonia   |   65 |    56 | kakinada     | pragathi    |  432143 |
| sai     |   20 |    90 | uttarpradesh | mnr         |  124743 |
| sahasra |   29 |    99 | hyb          | sidartha    |  512453 |
| preethi |   39 |    89 | kerala       | kondareedy  |  123453 |
| pinky   |   34 |   100 | bangl        | roas        |  345653 |
| navya   |   25 |    95 | jaipur       | vivekananda |  579843 |
| navya   |   21 |    79 | bangl        | pranathi    |  507043 |
| manasa  |   34 |    78 | hyb          | roas        |  546353 |
| kranthi |   25 |    90 | vizag        | vivekananda |  756443 |
| hema    |   21 |    75 | hyb          | pragathi    |  500043 |
+---------+------+-------+--------------+-------------+---------+
12 rows in set (0.00 sec)

mysql> select * from studentsinfo order by name asc;
+---------+------+-------+--------------+-------------+---------+
| name    | age  | marks | city         | college     | pincode |
+---------+------+-------+--------------+-------------+---------+
| hema    |   21 |    75 | hyb          | pragathi    |  500043 |
| kranthi |   25 |    90 | vizag        | vivekananda |  756443 |
| manasa  |   34 |    78 | hyb          | roas        |  546353 |
| navya   |   21 |    79 | bangl        | pranathi    |  507043 |
| navya   |   25 |    95 | jaipur       | vivekananda |  579843 |
| pinky   |   34 |   100 | bangl        | roas        |  345653 |
| preethi |   39 |    89 | kerala       | kondareedy  |  123453 |
| sahasra |   29 |    99 | hyb          | sidartha    |  512453 |
| sai     |   20 |    90 | uttarpradesh | mnr         |  124743 |
| sonia   |   65 |    56 | kakinada     | pragathi    |  432143 |
| vyshu   |   89 |    39 | chennai      | loyalo      |  781443 |
| vyshu   |   29 |    87 | karnataka    | mnr         |  897653 |
+---------+------+-------+--------------+-------------+---------+
12 rows in set (0.00 sec)

mysql> select * from studentsinfo order by age;
+---------+------+-------+--------------+-------------+---------+
| name    | age  | marks | city         | college     | pincode |
+---------+------+-------+--------------+-------------+---------+
| sai     |   20 |    90 | uttarpradesh | mnr         |  124743 |
| hema    |   21 |    75 | hyb          | pragathi    |  500043 |
| navya   |   21 |    79 | bangl        | pranathi    |  507043 |
| kranthi |   25 |    90 | vizag        | vivekananda |  756443 |
| navya   |   25 |    95 | jaipur       | vivekananda |  579843 |
| sahasra |   29 |    99 | hyb          | sidartha    |  512453 |
| vyshu   |   29 |    87 | karnataka    | mnr         |  897653 |
| manasa  |   34 |    78 | hyb          | roas        |  546353 |
| pinky   |   34 |   100 | bangl        | roas        |  345653 |
| preethi |   39 |    89 | kerala       | kondareedy  |  123453 |
| sonia   |   65 |    56 | kakinada     | pragathi    |  432143 |
| vyshu   |   89 |    39 | chennai      | loyalo      |  781443 |
+---------+------+-------+--------------+-------------+---------+
12 rows in set (0.00 sec)

mysql> select * from studentsinfo order by age desc;
+---------+------+-------+--------------+-------------+---------+
| name    | age  | marks | city         | college     | pincode |
+---------+------+-------+--------------+-------------+---------+
| vyshu   |   89 |    39 | chennai      | loyalo      |  781443 |
| sonia   |   65 |    56 | kakinada     | pragathi    |  432143 |
| preethi |   39 |    89 | kerala       | kondareedy  |  123453 |
| manasa  |   34 |    78 | hyb          | roas        |  546353 |
| pinky   |   34 |   100 | bangl        | roas        |  345653 |
| vyshu   |   29 |    87 | karnataka    | mnr         |  897653 |
| sahasra |   29 |    99 | hyb          | sidartha    |  512453 |
| navya   |   25 |    95 | jaipur       | vivekananda |  579843 |
| kranthi |   25 |    90 | vizag        | vivekananda |  756443 |
| navya   |   21 |    79 | bangl        | pranathi    |  507043 |
| hema    |   21 |    75 | hyb          | pragathi    |  500043 |
| sai     |   20 |    90 | uttarpradesh | mnr         |  124743 |
+---------+------+-------+--------------+-------------+---------+
12 rows in set (0.00 sec)

mysql> select * from studentsinfo order by city;
+---------+------+-------+--------------+-------------+---------+
| name    | age  | marks | city         | college     | pincode |
+---------+------+-------+--------------+-------------+---------+
| pinky   |   34 |   100 | bangl        | roas        |  345653 |
| navya   |   21 |    79 | bangl        | pranathi    |  507043 |
| vyshu   |   89 |    39 | chennai      | loyalo      |  781443 |
| manasa  |   34 |    78 | hyb          | roas        |  546353 |
| hema    |   21 |    75 | hyb          | pragathi    |  500043 |
| sahasra |   29 |    99 | hyb          | sidartha    |  512453 |
| navya   |   25 |    95 | jaipur       | vivekananda |  579843 |
| sonia   |   65 |    56 | kakinada     | pragathi    |  432143 |
| vyshu   |   29 |    87 | karnataka    | mnr         |  897653 |
| preethi |   39 |    89 | kerala       | kondareedy  |  123453 |
| sai     |   20 |    90 | uttarpradesh | mnr         |  124743 |
| kranthi |   25 |    90 | vizag        | vivekananda |  756443 |
+---------+------+-------+--------------+-------------+---------+
12 rows in set (0.01 sec)

mysql>
mysql> select * from studentsinfo order by city desc;
+---------+------+-------+--------------+-------------+---------+
| name    | age  | marks | city         | college     | pincode |
+---------+------+-------+--------------+-------------+---------+
| kranthi |   25 |    90 | vizag        | vivekananda |  756443 |
| sai     |   20 |    90 | uttarpradesh | mnr         |  124743 |
| preethi |   39 |    89 | kerala       | kondareedy  |  123453 |
| vyshu   |   29 |    87 | karnataka    | mnr         |  897653 |
| sonia   |   65 |    56 | kakinada     | pragathi    |  432143 |
| navya   |   25 |    95 | jaipur       | vivekananda |  579843 |
| manasa  |   34 |    78 | hyb          | roas        |  546353 |
| hema    |   21 |    75 | hyb          | pragathi    |  500043 |
| sahasra |   29 |    99 | hyb          | sidartha    |  512453 |
| vyshu   |   89 |    39 | chennai      | loyalo      |  781443 |
| navya   |   21 |    79 | bangl        | pranathi    |  507043 |
| pinky   |   34 |   100 | bangl        | roas        |  345653 |
+---------+------+-------+--------------+-------------+---------+
12 rows in set (0.00 sec)

mysql> select * from studentsinfo order by marks;
+---------+------+-------+--------------+-------------+---------+
| name    | age  | marks | city         | college     | pincode |
+---------+------+-------+--------------+-------------+---------+
| vyshu   |   89 |    39 | chennai      | loyalo      |  781443 |
| sonia   |   65 |    56 | kakinada     | pragathi    |  432143 |
| hema    |   21 |    75 | hyb          | pragathi    |  500043 |
| manasa  |   34 |    78 | hyb          | roas        |  546353 |
| navya   |   21 |    79 | bangl        | pranathi    |  507043 |
| vyshu   |   29 |    87 | karnataka    | mnr         |  897653 |
| preethi |   39 |    89 | kerala       | kondareedy  |  123453 |
| kranthi |   25 |    90 | vizag        | vivekananda |  756443 |
| sai     |   20 |    90 | uttarpradesh | mnr         |  124743 |
| navya   |   25 |    95 | jaipur       | vivekananda |  579843 |
| sahasra |   29 |    99 | hyb          | sidartha    |  512453 |
| pinky   |   34 |   100 | bangl        | roas        |  345653 |
+---------+------+-------+--------------+-------------+---------+
12 rows in set (0.00 sec)

mysql> select * from studentsinfo order by marks and age;
+---------+------+-------+--------------+-------------+---------+
| name    | age  | marks | city         | college     | pincode |
+---------+------+-------+--------------+-------------+---------+
| hema    |   21 |    75 | hyb          | pragathi    |  500043 |
| manasa  |   34 |    78 | hyb          | roas        |  546353 |
| preethi |   39 |    89 | kerala       | kondareedy  |  123453 |
| vyshu   |   29 |    87 | karnataka    | mnr         |  897653 |
| sai     |   20 |    90 | uttarpradesh | mnr         |  124743 |
| sonia   |   65 |    56 | kakinada     | pragathi    |  432143 |
| navya   |   25 |    95 | jaipur       | vivekananda |  579843 |
| kranthi |   25 |    90 | vizag        | vivekananda |  756443 |
| vyshu   |   89 |    39 | chennai      | loyalo      |  781443 |
| sahasra |   29 |    99 | hyb          | sidartha    |  512453 |
| navya   |   21 |    79 | bangl        | pranathi    |  507043 |
| pinky   |   34 |   100 | bangl        | roas        |  345653 |
+---------+------+-------+--------------+-------------+---------+
12 rows in set (0.10 sec)

mysql> select * from studentsinfo order by marks and age asc;
+---------+------+-------+--------------+-------------+---------+
| name    | age  | marks | city         | college     | pincode |
+---------+------+-------+--------------+-------------+---------+
| hema    |   21 |    75 | hyb          | pragathi    |  500043 |
| manasa  |   34 |    78 | hyb          | roas        |  546353 |
| preethi |   39 |    89 | kerala       | kondareedy  |  123453 |
| vyshu   |   29 |    87 | karnataka    | mnr         |  897653 |
| sai     |   20 |    90 | uttarpradesh | mnr         |  124743 |
| sonia   |   65 |    56 | kakinada     | pragathi    |  432143 |
| navya   |   25 |    95 | jaipur       | vivekananda |  579843 |
| kranthi |   25 |    90 | vizag        | vivekananda |  756443 |
| vyshu   |   89 |    39 | chennai      | loyalo      |  781443 |
| sahasra |   29 |    99 | hyb          | sidartha    |  512453 |
| navya   |   21 |    79 | bangl        | pranathi    |  507043 |
| pinky   |   34 |   100 | bangl        | roas        |  345653 |
+---------+------+-------+--------------+-------------+---------+
12 rows in set (0.00 sec)

mysql> select * from studentsinfo order by pincode;
+---------+------+-------+--------------+-------------+---------+
| name    | age  | marks | city         | college     | pincode |
+---------+------+-------+--------------+-------------+---------+
| preethi |   39 |    89 | kerala       | kondareedy  |  123453 |
| sai     |   20 |    90 | uttarpradesh | mnr         |  124743 |
| pinky   |   34 |   100 | bangl        | roas        |  345653 |
| sonia   |   65 |    56 | kakinada     | pragathi    |  432143 |
| hema    |   21 |    75 | hyb          | pragathi    |  500043 |
| navya   |   21 |    79 | bangl        | pranathi    |  507043 |
| sahasra |   29 |    99 | hyb          | sidartha    |  512453 |
| manasa  |   34 |    78 | hyb          | roas        |  546353 |
| navya   |   25 |    95 | jaipur       | vivekananda |  579843 |
| kranthi |   25 |    90 | vizag        | vivekananda |  756443 |
| vyshu   |   89 |    39 | chennai      | loyalo      |  781443 |
| vyshu   |   29 |    87 | karnataka    | mnr         |  897653 |
+---------+------+-------+--------------+-------------+---------+
12 rows in set (0.00 sec)

mysql> select * from studentsinfo order by pincode<=578901 and city!='hyb';
+---------+------+-------+--------------+-------------+---------+
| name    | age  | marks | city         | college     | pincode |
+---------+------+-------+--------------+-------------+---------+
| hema    |   21 |    75 | hyb          | pragathi    |  500043 |
| manasa  |   34 |    78 | hyb          | roas        |  546353 |
| sahasra |   29 |    99 | hyb          | sidartha    |  512453 |
| vyshu   |   89 |    39 | chennai      | loyalo      |  781443 |
| kranthi |   25 |    90 | vizag        | vivekananda |  756443 |
| navya   |   25 |    95 | jaipur       | vivekananda |  579843 |
| vyshu   |   29 |    87 | karnataka    | mnr         |  897653 |
| preethi |   39 |    89 | kerala       | kondareedy  |  123453 |
| sai     |   20 |    90 | uttarpradesh | mnr         |  124743 |
| sonia   |   65 |    56 | kakinada     | pragathi    |  432143 |
| navya   |   21 |    79 | bangl        | pranathi    |  507043 |
| pinky   |   34 |   100 | bangl        | roas        |  345653 |
+---------+------+-------+--------------+-------------+---------+
12 rows in set (0.00 sec)

mysql> select * from studentsinfo order by pincode<=578901 and city='hyb';
+---------+------+-------+--------------+-------------+---------+
| name    | age  | marks | city         | college     | pincode |
+---------+------+-------+--------------+-------------+---------+
| pinky   |   34 |   100 | bangl        | roas        |  345653 |
| preethi |   39 |    89 | kerala       | kondareedy  |  123453 |
| vyshu   |   29 |    87 | karnataka    | mnr         |  897653 |
| sai     |   20 |    90 | uttarpradesh | mnr         |  124743 |
| sonia   |   65 |    56 | kakinada     | pragathi    |  432143 |
| navya   |   25 |    95 | jaipur       | vivekananda |  579843 |
| kranthi |   25 |    90 | vizag        | vivekananda |  756443 |
| vyshu   |   89 |    39 | chennai      | loyalo      |  781443 |
| navya   |   21 |    79 | bangl        | pranathi    |  507043 |
| sahasra |   29 |    99 | hyb          | sidartha    |  512453 |
| manasa  |   34 |    78 | hyb          | roas        |  546353 |
| hema    |   21 |    75 | hyb          | pragathi    |  500043 |
+---------+------+-------+--------------+-------------+---------+
12 rows in set (0.00 sec)

mysql> select city from studentsinfo where marks>=50;
+--------------+
| city         |
+--------------+
| hyb          |
| bangl        |
| hyb          |
| vizag        |
| jaipur       |
| kakinada     |
| uttarpradesh |
| karnataka    |
| kerala       |
| hyb          |
| bangl        |
+--------------+
11 rows in set (0.00 sec)

mysql> select min(marks) from studentsinfo;
+------------+
| min(marks) |
+------------+
|         39 |
+------------+
1 row in set (0.12 sec)

mysql> select * from studentsinfo where marks>=50;
+---------+------+-------+--------------+-------------+---------+
| name    | age  | marks | city         | college     | pincode |
+---------+------+-------+--------------+-------------+---------+
| hema    |   21 |    75 | hyb          | pragathi    |  500043 |
| navya   |   21 |    79 | bangl        | pranathi    |  507043 |
| sahasra |   29 |    99 | hyb          | sidartha    |  512453 |
| kranthi |   25 |    90 | vizag        | vivekananda |  756443 |
| navya   |   25 |    95 | jaipur       | vivekananda |  579843 |
| sonia   |   65 |    56 | kakinada     | pragathi    |  432143 |
| sai     |   20 |    90 | uttarpradesh | mnr         |  124743 |
| vyshu   |   29 |    87 | karnataka    | mnr         |  897653 |
| preethi |   39 |    89 | kerala       | kondareedy  |  123453 |
| manasa  |   34 |    78 | hyb          | roas        |  546353 |
| pinky   |   34 |   100 | bangl        | roas        |  345653 |
+---------+------+-------+--------------+-------------+---------+
11 rows in set (0.00 sec)

mysql> select age from studentsinfo order by age;
+------+
| age  |
+------+
|   20 |
|   21 |
|   21 |
|   25 |
|   25 |
|   29 |
|   29 |
|   34 |
|   34 |
|   39 |
|   65 |
|   89 |
+------+
12 rows in set (0.00 sec)

mysql> select min(marks) as 'least marks' from studentsinfo;
+-------------+
| least marks |
+-------------+
|          39 |
+-------------+
1 row in set (0.09 sec)

mysql> select max(marks) as 'highest marks' from studentsinfo;
+---------------+
| highest marks |
+---------------+
|           100 |
+---------------+
1 row in set (0.00 sec)

mysql> select max(marks) as highest_ marks from studentsinfo;
ERROR 1064 (42000): You have an error in your SQL syntax; check the manual that corresponds to your MySQL server version for the right syntax to use near 'marks from studentsinfo' at line 1
mysql> select max(marks) as high_score from studentsinfo;
+------------+
| high_score |
+------------+
|        100 |
+------------+
1 row in set (0.11 sec)

mysql> select max(age) from studentsinfo;
+----------+
| max(age) |
+----------+
|       89 |
+----------+
1 row in set (0.00 sec)

mysql> select * from studentsinfo where max(age);
ERROR 1111 (HY000): Invalid use of group function
mysql> select * from studentsinfo where  age<=25;
+---------+------+-------+--------------+-------------+---------+
| name    | age  | marks | city         | college     | pincode |
+---------+------+-------+--------------+-------------+---------+
| hema    |   21 |    75 | hyb          | pragathi    |  500043 |
| navya   |   21 |    79 | bangl        | pranathi    |  507043 |
| kranthi |   25 |    90 | vizag        | vivekananda |  756443 |
| navya   |   25 |    95 | jaipur       | vivekananda |  579843 |
| sai     |   20 |    90 | uttarpradesh | mnr         |  124743 |
+---------+------+-------+--------------+-------------+---------+
5 rows in set (0.00 sec)

mysql> select min(age) from studentsinfo;
+----------+
| min(age) |
+----------+
|       20 |
+----------+
1 row in set (0.00 sec)

mysql> select min(age) as 'minimum age' from studentsinfo;
+-------------+
| minimum age |
+-------------+
|          20 |
+-------------+
1 row in set (0.01 sec)

mysql> select min(age) as minimum_age from studentsinfo;
+-------------+
| minimum_age |
+-------------+
|          20 |
+-------------+
1 row in set (0.01 sec)

mysql> select * from studentsinfo;
+---------+------+-------+--------------+-------------+---------+
| name    | age  | marks | city         | college     | pincode |
+---------+------+-------+--------------+-------------+---------+
| hema    |   21 |    75 | hyb          | pragathi    |  500043 |
| navya   |   21 |    79 | bangl        | pranathi    |  507043 |
| sahasra |   29 |    99 | hyb          | sidartha    |  512453 |
| vyshu   |   89 |    39 | chennai      | loyalo      |  781443 |
| kranthi |   25 |    90 | vizag        | vivekananda |  756443 |
| navya   |   25 |    95 | jaipur       | vivekananda |  579843 |
| sonia   |   65 |    56 | kakinada     | pragathi    |  432143 |
| sai     |   20 |    90 | uttarpradesh | mnr         |  124743 |
| vyshu   |   29 |    87 | karnataka    | mnr         |  897653 |
| preethi |   39 |    89 | kerala       | kondareedy  |  123453 |
| manasa  |   34 |    78 | hyb          | roas        |  546353 |
| pinky   |   34 |   100 | bangl        | roas        |  345653 |
+---------+------+-------+--------------+-------------+---------+
12 rows in set (0.00 sec)

mysql> select min(city) from studentsinfo;
+-----------+
| min(city) |
+-----------+
| bangl     |
+-----------+
1 row in set (0.10 sec)

mysql> select max(city) from studentsinfo;
+-----------+
| max(city) |
+-----------+
| vizag     |
+-----------+
1 row in set (0.01 sec)

mysql> select max(city) as 'maximum city' from studentsinfo;
+--------------+
| maximum city |
+--------------+
| vizag        |
+--------------+
1 row in set (0.00 sec)

mysql> select min(city) as 'minimum city'from studentsinfo;
+--------------+
| minimum city |
+--------------+
| bangl        |
+--------------+
1 row in set (0.00 sec)

mysql> select min(college) from studentsinfo;
+--------------+
| min(college) |
+--------------+
| kondareedy   |
+--------------+
1 row in set (0.00 sec)

mysql> select min(college) as mimimum_college from studentsinfo;
+-----------------+
| mimimum_college |
+-----------------+
| kondareedy      |
+-----------------+
1 row in set (0.00 sec)

mysql> select max(college) as maximum_college from studentsinfo;
+-----------------+
| maximum_college |
+-----------------+
| vivekananda     |
+-----------------+
1 row in set (0.00 sec)

mysql> select sum(marks) from studentsinfo;
+------------+
| sum(marks) |
+------------+
|        977 |
+------------+
1 row in set (0.05 sec)

mysql> select sum(marks) as total_marks from studentsinfo;
+-------------+
| total_marks |
+-------------+
|         977 |
+-------------+
1 row in set (0.00 sec)

mysql> select avg(marks) as average_marks from studentsinfo;
+---------------+
| average_marks |
+---------------+
|       81.4167 |
+---------------+
1 row in set (0.00 sec)

mysql> select avg(marks) as average_marks from studentsinfo where city='hyb';
+---------------+
| average_marks |
+---------------+
|       84.0000 |
+---------------+
1 row in set (0.00 sec)

mysql> select avg(marks) as average_marks from studentsinfo where city='bangl';
+---------------+
| average_marks |
+---------------+
|       89.5000 |
+---------------+
1 row in set (0.00 sec)

mysql> select sum(marks) as total_marks from studentsinfo where city='bangl';
+-------------+
| total_marks |
+-------------+
|         179 |
+-------------+
1 row in set (0.00 sec)

mysql> select sum(marks) as total_marks from studentsinfo where city='kerala';
+-------------+
| total_marks |
+-------------+
|          89 |
+-------------+
1 row in set (0.00 sec)

mysql> select count(*) from studentsinfo;
+----------+
| count(*) |
+----------+
|       12 |
+----------+
1 row in set (0.01 sec)

mysql> select count(*) as total number of rows where city='hyb';
ERROR 1064 (42000): You have an error in your SQL syntax; check the manual that corresponds to your MySQL server version for the right syntax to use near 'number of rows where city='hyb'' at line 1
mysql> select count(*) as total number of rows from studentsinfo  where city='hyb';
ERROR 1064 (42000): You have an error in your SQL syntax; check the manual that corresponds to your MySQL server version for the right syntax to use near 'number of rows from studentsinfo  where city='hyb'' at line 1
mysql> select min(age) as 'minimum age' from studentsinfo;




































































































































































































































vEnter password: ****
Welcome to the MySQL monitor.  Commands end with ; or \g.
Your MySQL connection id is 31
Server version: 5.5.62 MySQL Community Server (GPL)

Copyright (c) 2000, 2018, Oracle and/or its affiliates. All rights reserved.

Oracle is a registered trademark of Oracle Corporation and/or its
affiliates. Other names may be trademarks of their respective
owners.

Type 'help;' or '\h' for help. Type '\c' to clear the current input statement.

mysql> show databases;
+--------------------+
| Database           |
+--------------------+
| information_schema |
| abc                |
| mysql              |
| performance_schema |
+--------------------+
4 rows in set (0.05 sec)

mysql> drop database abc;
Query OK, 1 row affected (0.60 sec)

mysql> show databases;
+--------------------+
| Database           |
+--------------------+
| information_schema |
| mysql              |
| performance_schema |
+--------------------+
3 rows in set (0.00 sec)

mysql> create database abc;
Query OK, 1 row affected (0.00 sec)

mysql> show databases;
+--------------------+
| Database           |
+--------------------+
| information_schema |
| abc                |
| mysql              |
| performance_schema |
+--------------------+
4 rows in set (0.00 sec)

mysql> use abc;
Database changed
mysql> create table studentsinfo(name varchar(20),age int,marks int,city varchar(20),college varchar(20),pincode int);
Query OK, 0 rows affected (0.08 sec)

mysql> show tables;
+---------------+
| Tables_in_abc |
+---------------+
| studentsinfo  |
+---------------+
1 row in set (0.00 sec)

mysql> desc studentsinfo;
+---------+-------------+------+-----+---------+-------+
| Field   | Type        | Null | Key | Default | Extra |
+---------+-------------+------+-----+---------+-------+
| name    | varchar(20) | YES  |     | NULL    |       |
| age     | int(11)     | YES  |     | NULL    |       |
| marks   | int(11)     | YES  |     | NULL    |       |
| city    | varchar(20) | YES  |     | NULL    |       |
| college | varchar(20) | YES  |     | NULL    |       |
| pincode | int(11)     | YES  |     | NULL    |       |
+---------+-------------+------+-----+---------+-------+
6 rows in set (0.16 sec)

mysql> insert into studentsinfo values('hema',21,75,'hyb','pragathi',500043);
Query OK, 1 row affected (0.20 sec)

mysql> insert into studentsinfo values('navya',21,79,'bangl','pranathi',507043);
Query OK, 1 row affected (0.13 sec)

mysql> insert into studentsinfo values('sahasra',29 ,99,'hyb','sidartha',512453);
Query OK, 1 row affected (0.05 sec)

mysql> insert into studentsinfo values('vyshu',89,39,'chennai','loyalo',781443);
Query OK, 1 row affected (0.02 sec)

mysql> insert into studentsinfo values('kranthi',25,90,'vizag','vivekananda',756443);
Query OK, 1 row affected (0.16 sec)

mysql> insert into studentsinfo values('navya',25,95,'jaipur','vivekananda'579843);
ERROR 1064 (42000): You have an error in your SQL syntax; check the manual that corresponds to your MySQL server version for the right syntax to use near '579843)' at line 1
mysql> insert into studentsinfo values('navya',25,95,'jaipur','vivekananda',579843);
Query OK, 1 row affected (0.11 sec)

mysql> insert into studentsinfo values('sonia',65,56,'kakinada','pragathi',432143);
Query OK, 1 row affected (0.03 sec)

mysql> insert into studentsinfo values('sai',20,90,'uttarpradesh','mnr',124743);
Query OK, 1 row affected (0.30 sec)

mysql> insert into studentsinfo values('vyshu',29,87,'karnataka','mnr',897653);
Query OK, 1 row affected (0.05 sec)

mysql> insert into studentsinfo values('preethi',39,89,'kerala','kondareedy',123453);
Query OK, 1 row affected (0.04 sec)

mysql> insert into studentsinfo values('manasa',34,78,'hyb','roas',546353);
Query OK, 1 row affected (0.10 sec)

mysql> insert into studentsinfo values('pinky',34,100,'bangl','roas',345653);
Query OK, 1 row affected (0.05 sec)

mysql> select * from studentsinfo;
+---------+------+-------+--------------+-------------+---------+
| name    | age  | marks | city         | college     | pincode |
+---------+------+-------+--------------+-------------+---------+
| hema    |   21 |    75 | hyb          | pragathi    |  500043 |
| navya   |   21 |    79 | bangl        | pranathi    |  507043 |
| sahasra |   29 |    99 | hyb          | sidartha    |  512453 |
| vyshu   |   89 |    39 | chennai      | loyalo      |  781443 |
| kranthi |   25 |    90 | vizag        | vivekananda |  756443 |
| navya   |   25 |    95 | jaipur       | vivekananda |  579843 |
| sonia   |   65 |    56 | kakinada     | pragathi    |  432143 |
| sai     |   20 |    90 | uttarpradesh | mnr         |  124743 |
| vyshu   |   29 |    87 | karnataka    | mnr         |  897653 |
| preethi |   39 |    89 | kerala       | kondareedy  |  123453 |
| manasa  |   34 |    78 | hyb          | roas        |  546353 |
| pinky   |   34 |   100 | bangl        | roas        |  345653 |
+---------+------+-------+--------------+-------------+---------+
12 rows in set (0.00 sec)

mysql> select * from studentsinfo where name=vyshu;
ERROR 1054 (42S22): Unknown column 'vyshu' in 'where clause'
mysql> select * from studentsinfo where name='vyshu';
+-------+------+-------+-----------+---------+---------+
| name  | age  | marks | city      | college | pincode |
+-------+------+-------+-----------+---------+---------+
| vyshu |   89 |    39 | chennai   | loyalo  |  781443 |
| vyshu |   29 |    87 | karnataka | mnr     |  897653 |
+-------+------+-------+-----------+---------+---------+
2 rows in set (0.10 sec)

mysql> select * from studentsinfo where name='vyshu' and city='chennai';
+-------+------+-------+---------+---------+---------+
| name  | age  | marks | city    | college | pincode |
+-------+------+-------+---------+---------+---------+
| vyshu |   89 |    39 | chennai | loyalo  |  781443 |
+-------+------+-------+---------+---------+---------+
1 row in set (0.00 sec)

mysql> select name,age,city from studentsinfo;
+---------+------+--------------+
| name    | age  | city         |
+---------+------+--------------+
| hema    |   21 | hyb          |
| navya   |   21 | bangl        |
| sahasra |   29 | hyb          |
| vyshu   |   89 | chennai      |
| kranthi |   25 | vizag        |
| navya   |   25 | jaipur       |
| sonia   |   65 | kakinada     |
| sai     |   20 | uttarpradesh |
| vyshu   |   29 | karnataka    |
| preethi |   39 | kerala       |
| manasa  |   34 | hyb          |
| pinky   |   34 | bangl        |
+---------+------+--------------+
12 rows in set (0.00 sec)

mysql> select age from studentsinfo where age>=25;
+------+
| age  |
+------+
|   29 |
|   89 |
|   25 |
|   25 |
|   65 |
|   29 |
|   39 |
|   34 |
|   34 |
+------+
9 rows in set (0.00 sec)

mysql> select age,name from studentsinfo where age>=25;
+------+---------+
| age  | name    |
+------+---------+
|   29 | sahasra |
|   89 | vyshu   |
|   25 | kranthi |
|   25 | navya   |
|   65 | sonia   |
|   29 | vyshu   |
|   39 | preethi |
|   34 | manasa  |
|   34 | pinky   |
+------+---------+
9 rows in set (0.00 sec)

mysql> select marks,name,age from studentsinfo where marks<=80 and age>=21;
+-------+--------+------+
| marks | name   | age  |
+-------+--------+------+
|    75 | hema   |   21 |
|    79 | navya  |   21 |
|    39 | vyshu  |   89 |
|    56 | sonia  |   65 |
|    78 | manasa |   34 |
+-------+--------+------+
5 rows in set (0.00 sec)

mysql> select * from studentsinfo;
+---------+------+-------+--------------+-------------+---------+
| name    | age  | marks | city         | college     | pincode |
+---------+------+-------+--------------+-------------+---------+
| hema    |   21 |    75 | hyb          | pragathi    |  500043 |
| navya   |   21 |    79 | bangl        | pranathi    |  507043 |
| sahasra |   29 |    99 | hyb          | sidartha    |  512453 |
| vyshu   |   89 |    39 | chennai      | loyalo      |  781443 |
| kranthi |   25 |    90 | vizag        | vivekananda |  756443 |
| navya   |   25 |    95 | jaipur       | vivekananda |  579843 |
| sonia   |   65 |    56 | kakinada     | pragathi    |  432143 |
| sai     |   20 |    90 | uttarpradesh | mnr         |  124743 |
| vyshu   |   29 |    87 | karnataka    | mnr         |  897653 |
| preethi |   39 |    89 | kerala       | kondareedy  |  123453 |
| manasa  |   34 |    78 | hyb          | roas        |  546353 |
| pinky   |   34 |   100 | bangl        | roas        |  345653 |
+---------+------+-------+--------------+-------------+---------+
12 rows in set (0.00 sec)

mysql> select * from studentsinfo where pincode=897653;
+-------+------+-------+-----------+---------+---------+
| name  | age  | marks | city      | college | pincode |
+-------+------+-------+-----------+---------+---------+
| vyshu |   29 |    87 | karnataka | mnr     |  897653 |
+-------+------+-------+-----------+---------+---------+
1 row in set (0.00 sec)

mysql> select * from studentsinfo where pincode<578943;
+---------+------+-------+--------------+------------+---------+
| name    | age  | marks | city         | college    | pincode |
+---------+------+-------+--------------+------------+---------+
| hema    |   21 |    75 | hyb          | pragathi   |  500043 |
| navya   |   21 |    79 | bangl        | pranathi   |  507043 |
| sahasra |   29 |    99 | hyb          | sidartha   |  512453 |
| sonia   |   65 |    56 | kakinada     | pragathi   |  432143 |
| sai     |   20 |    90 | uttarpradesh | mnr        |  124743 |
| preethi |   39 |    89 | kerala       | kondareedy |  123453 |
| manasa  |   34 |    78 | hyb          | roas       |  546353 |
| pinky   |   34 |   100 | bangl        | roas       |  345653 |
+---------+------+-------+--------------+------------+---------+
8 rows in set (0.00 sec)

mysql> select * from studentsinfo where marks>=30 and marks<=90;
+---------+------+-------+--------------+-------------+---------+
| name    | age  | marks | city         | college     | pincode |
+---------+------+-------+--------------+-------------+---------+
| hema    |   21 |    75 | hyb          | pragathi    |  500043 |
| navya   |   21 |    79 | bangl        | pranathi    |  507043 |
| vyshu   |   89 |    39 | chennai      | loyalo      |  781443 |
| kranthi |   25 |    90 | vizag        | vivekananda |  756443 |
| sonia   |   65 |    56 | kakinada     | pragathi    |  432143 |
| sai     |   20 |    90 | uttarpradesh | mnr         |  124743 |
| vyshu   |   29 |    87 | karnataka    | mnr         |  897653 |
| preethi |   39 |    89 | kerala       | kondareedy  |  123453 |
| manasa  |   34 |    78 | hyb          | roas        |  546353 |
+---------+------+-------+--------------+-------------+---------+
9 rows in set (0.00 sec)

mysql> select * from studentsinfo where marks>=21 and marks<=50;
+-------+------+-------+---------+---------+---------+
| name  | age  | marks | city    | college | pincode |
+-------+------+-------+---------+---------+---------+
| vyshu |   89 |    39 | chennai | loyalo  |  781443 |
+-------+------+-------+---------+---------+---------+
1 row in set (0.00 sec)

mysql> select * from studentsinfo where city='kerala' or city='hyb';
+---------+------+-------+--------+------------+---------+
| name    | age  | marks | city   | college    | pincode |
+---------+------+-------+--------+------------+---------+
| hema    |   21 |    75 | hyb    | pragathi   |  500043 |
| sahasra |   29 |    99 | hyb    | sidartha   |  512453 |
| preethi |   39 |    89 | kerala | kondareedy |  123453 |
| manasa  |   34 |    78 | hyb    | roas       |  546353 |
+---------+------+-------+--------+------------+---------+
4 rows in set (0.10 sec)

mysql> select * from studentsinfo where city='hyb'and college='pragathi';
+------+------+-------+------+----------+---------+
| name | age  | marks | city | college  | pincode |
+------+------+-------+------+----------+---------+
| hema |   21 |    75 | hyb  | pragathi |  500043 |
+------+------+-------+------+----------+---------+
1 row in set (0.00 sec)

mysql> select age from studentsinfo where age>=20;
+------+
| age  |
+------+
|   21 |
|   21 |
|   29 |
|   89 |
|   25 |
|   25 |
|   65 |
|   20 |
|   29 |
|   39 |
|   34 |
|   34 |
+------+
12 rows in set (0.00 sec)

mysql> select * from studentsinfo where marks>=50 and city='karnataka';
+-------+------+-------+-----------+---------+---------+
| name  | age  | marks | city      | college | pincode |
+-------+------+-------+-----------+---------+---------+
| vyshu |   29 |    87 | karnataka | mnr     |  897653 |
+-------+------+-------+-----------+---------+---------+
1 row in set (0.00 sec)

mysql> select * from studentsinfo where marks>=50 and city='hyb';
+---------+------+-------+------+----------+---------+
| name    | age  | marks | city | college  | pincode |
+---------+------+-------+------+----------+---------+
| hema    |   21 |    75 | hyb  | pragathi |  500043 |
| sahasra |   29 |    99 | hyb  | sidartha |  512453 |
| manasa  |   34 |    78 | hyb  | roas     |  546353 |
+---------+------+-------+------+----------+---------+
3 rows in set (0.00 sec)

mysql> select * from studentsinfo where marks<=50 and city='hyb';
Empty set (0.00 sec)

mysql> select * from studentsinfo where marks<=50 and city='kerala';
Empty set (0.00 sec)

mysql> select * from studentsinfo where marks>=50 and city='kerala';
+---------+------+-------+--------+------------+---------+
| name    | age  | marks | city   | college    | pincode |
+---------+------+-------+--------+------------+---------+
| preethi |   39 |    89 | kerala | kondareedy |  123453 |
+---------+------+-------+--------+------------+---------+
1 row in set (0.00 sec)

mysql> select * from studentsinfo where college='loyalo'and city='hyb';
Empty set (0.00 sec)

mysql> select * from studentsinfo where college='loyalo'and marks>=45;
Empty set (0.00 sec)

mysql> select * from studentsinfo where college='loyalo'and marks<=45;
+-------+------+-------+---------+---------+---------+
| name  | age  | marks | city    | college | pincode |
+-------+------+-------+---------+---------+---------+
| vyshu |   89 |    39 | chennai | loyalo  |  781443 |
+-------+------+-------+---------+---------+---------+
1 row in set (0.00 sec)

mysql> select * from studentsinfo where college='mnr'and marks>=56;
+-------+------+-------+--------------+---------+---------+
| name  | age  | marks | city         | college | pincode |
+-------+------+-------+--------------+---------+---------+
| sai   |   20 |    90 | uttarpradesh | mnr     |  124743 |
| vyshu |   29 |    87 | karnataka    | mnr     |  897653 |
+-------+------+-------+--------------+---------+---------+
2 rows in set (0.00 sec)

mysql> select * from studentsinfo where city='karnataka' and marks>=50 or city!='karnataka' and marks<=100;
+---------+------+-------+--------------+-------------+---------+
| name    | age  | marks | city         | college     | pincode |
+---------+------+-------+--------------+-------------+---------+
| hema    |   21 |    75 | hyb          | pragathi    |  500043 |
| navya   |   21 |    79 | bangl        | pranathi    |  507043 |
| sahasra |   29 |    99 | hyb          | sidartha    |  512453 |
| vyshu   |   89 |    39 | chennai      | loyalo      |  781443 |
| kranthi |   25 |    90 | vizag        | vivekananda |  756443 |
| navya   |   25 |    95 | jaipur       | vivekananda |  579843 |
| sonia   |   65 |    56 | kakinada     | pragathi    |  432143 |
| sai     |   20 |    90 | uttarpradesh | mnr         |  124743 |
| vyshu   |   29 |    87 | karnataka    | mnr         |  897653 |
| preethi |   39 |    89 | kerala       | kondareedy  |  123453 |
| manasa  |   34 |    78 | hyb          | roas        |  546353 |
| pinky   |   34 |   100 | bangl        | roas        |  345653 |
+---------+------+-------+--------------+-------------+---------+
12 rows in set (0.00 sec)

mysql> select * from studentsinfo;
+---------+------+-------+--------------+-------------+---------+
| name    | age  | marks | city         | college     | pincode |
+---------+------+-------+--------------+-------------+---------+
| hema    |   21 |    75 | hyb          | pragathi    |  500043 |
| navya   |   21 |    79 | bangl        | pranathi    |  507043 |
| sahasra |   29 |    99 | hyb          | sidartha    |  512453 |
| vyshu   |   89 |    39 | chennai      | loyalo      |  781443 |
| kranthi |   25 |    90 | vizag        | vivekananda |  756443 |
| navya   |   25 |    95 | jaipur       | vivekananda |  579843 |
| sonia   |   65 |    56 | kakinada     | pragathi    |  432143 |
| sai     |   20 |    90 | uttarpradesh | mnr         |  124743 |
| vyshu   |   29 |    87 | karnataka    | mnr         |  897653 |
| preethi |   39 |    89 | kerala       | kondareedy  |  123453 |
| manasa  |   34 |    78 | hyb          | roas        |  546353 |
| pinky   |   34 |   100 | bangl        | roas        |  345653 |
+---------+------+-------+--------------+-------------+---------+
12 rows in set (0.00 sec)

mysql> select * from studentsinfo order by marks;
+---------+------+-------+--------------+-------------+---------+
| name    | age  | marks | city         | college     | pincode |
+---------+------+-------+--------------+-------------+---------+
| vyshu   |   89 |    39 | chennai      | loyalo      |  781443 |
| sonia   |   65 |    56 | kakinada     | pragathi    |  432143 |
| hema    |   21 |    75 | hyb          | pragathi    |  500043 |
| manasa  |   34 |    78 | hyb          | roas        |  546353 |
| navya   |   21 |    79 | bangl        | pranathi    |  507043 |
| vyshu   |   29 |    87 | karnataka    | mnr         |  897653 |
| preethi |   39 |    89 | kerala       | kondareedy  |  123453 |
| kranthi |   25 |    90 | vizag        | vivekananda |  756443 |
| sai     |   20 |    90 | uttarpradesh | mnr         |  124743 |
| navya   |   25 |    95 | jaipur       | vivekananda |  579843 |
| sahasra |   29 |    99 | hyb          | sidartha    |  512453 |
| pinky   |   34 |   100 | bangl        | roas        |  345653 |
+---------+------+-------+--------------+-------------+---------+
12 rows in set (0.11 sec)

mysql> select * from studentsinfo order by age;
+---------+------+-------+--------------+-------------+---------+
| name    | age  | marks | city         | college     | pincode |
+---------+------+-------+--------------+-------------+---------+
| sai     |   20 |    90 | uttarpradesh | mnr         |  124743 |
| hema    |   21 |    75 | hyb          | pragathi    |  500043 |
| navya   |   21 |    79 | bangl        | pranathi    |  507043 |
| kranthi |   25 |    90 | vizag        | vivekananda |  756443 |
| navya   |   25 |    95 | jaipur       | vivekananda |  579843 |
| sahasra |   29 |    99 | hyb          | sidartha    |  512453 |
| vyshu   |   29 |    87 | karnataka    | mnr         |  897653 |
| manasa  |   34 |    78 | hyb          | roas        |  546353 |
| pinky   |   34 |   100 | bangl        | roas        |  345653 |
| preethi |   39 |    89 | kerala       | kondareedy  |  123453 |
| sonia   |   65 |    56 | kakinada     | pragathi    |  432143 |
| vyshu   |   89 |    39 | chennai      | loyalo      |  781443 |
+---------+------+-------+--------------+-------------+---------+
12 rows in set (0.00 sec)

mysql> select * from studentsinfo order by names;
ERROR 1054 (42S22): Unknown column 'names' in 'order clause'
mysql> select * from studentsinfo order by marks asc;
+---------+------+-------+--------------+-------------+---------+
| name    | age  | marks | city         | college     | pincode |
+---------+------+-------+--------------+-------------+---------+
| vyshu   |   89 |    39 | chennai      | loyalo      |  781443 |
| sonia   |   65 |    56 | kakinada     | pragathi    |  432143 |
| hema    |   21 |    75 | hyb          | pragathi    |  500043 |
| manasa  |   34 |    78 | hyb          | roas        |  546353 |
| navya   |   21 |    79 | bangl        | pranathi    |  507043 |
| vyshu   |   29 |    87 | karnataka    | mnr         |  897653 |
| preethi |   39 |    89 | kerala       | kondareedy  |  123453 |
| kranthi |   25 |    90 | vizag        | vivekananda |  756443 |
| sai     |   20 |    90 | uttarpradesh | mnr         |  124743 |
| navya   |   25 |    95 | jaipur       | vivekananda |  579843 |
| sahasra |   29 |    99 | hyb          | sidartha    |  512453 |
| pinky   |   34 |   100 | bangl        | roas        |  345653 |
+---------+------+-------+--------------+-------------+---------+
12 rows in set (0.00 sec)

mysql> select * from studentsinfo order by marks desc;
+---------+------+-------+--------------+-------------+---------+
| name    | age  | marks | city         | college     | pincode |
+---------+------+-------+--------------+-------------+---------+
| pinky   |   34 |   100 | bangl        | roas        |  345653 |
| sahasra |   29 |    99 | hyb          | sidartha    |  512453 |
| navya   |   25 |    95 | jaipur       | vivekananda |  579843 |
| kranthi |   25 |    90 | vizag        | vivekananda |  756443 |
| sai     |   20 |    90 | uttarpradesh | mnr         |  124743 |
| preethi |   39 |    89 | kerala       | kondareedy  |  123453 |
| vyshu   |   29 |    87 | karnataka    | mnr         |  897653 |
| navya   |   21 |    79 | bangl        | pranathi    |  507043 |
| manasa  |   34 |    78 | hyb          | roas        |  546353 |
| hema    |   21 |    75 | hyb          | pragathi    |  500043 |
| sonia   |   65 |    56 | kakinada     | pragathi    |  432143 |
| vyshu   |   89 |    39 | chennai      | loyalo      |  781443 |
+---------+------+-------+--------------+-------------+---------+
12 rows in set (0.00 sec)

mysql> select * from studentsinfo order by name desc;
+---------+------+-------+--------------+-------------+---------+
| name    | age  | marks | city         | college     | pincode |
+---------+------+-------+--------------+-------------+---------+
| vyshu   |   89 |    39 | chennai      | loyalo      |  781443 |
| vyshu   |   29 |    87 | karnataka    | mnr         |  897653 |
| sonia   |   65 |    56 | kakinada     | pragathi    |  432143 |
| sai     |   20 |    90 | uttarpradesh | mnr         |  124743 |
| sahasra |   29 |    99 | hyb          | sidartha    |  512453 |
| preethi |   39 |    89 | kerala       | kondareedy  |  123453 |
| pinky   |   34 |   100 | bangl        | roas        |  345653 |
| navya   |   25 |    95 | jaipur       | vivekananda |  579843 |
| navya   |   21 |    79 | bangl        | pranathi    |  507043 |
| manasa  |   34 |    78 | hyb          | roas        |  546353 |
| kranthi |   25 |    90 | vizag        | vivekananda |  756443 |
| hema    |   21 |    75 | hyb          | pragathi    |  500043 |
+---------+------+-------+--------------+-------------+---------+
12 rows in set (0.00 sec)

mysql> select * from studentsinfo order by name asc;
+---------+------+-------+--------------+-------------+---------+
| name    | age  | marks | city         | college     | pincode |
+---------+------+-------+--------------+-------------+---------+
| hema    |   21 |    75 | hyb          | pragathi    |  500043 |
| kranthi |   25 |    90 | vizag        | vivekananda |  756443 |
| manasa  |   34 |    78 | hyb          | roas        |  546353 |
| navya   |   21 |    79 | bangl        | pranathi    |  507043 |
| navya   |   25 |    95 | jaipur       | vivekananda |  579843 |
| pinky   |   34 |   100 | bangl        | roas        |  345653 |
| preethi |   39 |    89 | kerala       | kondareedy  |  123453 |
| sahasra |   29 |    99 | hyb          | sidartha    |  512453 |
| sai     |   20 |    90 | uttarpradesh | mnr         |  124743 |
| sonia   |   65 |    56 | kakinada     | pragathi    |  432143 |
| vyshu   |   89 |    39 | chennai      | loyalo      |  781443 |
| vyshu   |   29 |    87 | karnataka    | mnr         |  897653 |
+---------+------+-------+--------------+-------------+---------+
12 rows in set (0.00 sec)

mysql> select * from studentsinfo order by age;
+---------+------+-------+--------------+-------------+---------+
| name    | age  | marks | city         | college     | pincode |
+---------+------+-------+--------------+-------------+---------+
| sai     |   20 |    90 | uttarpradesh | mnr         |  124743 |
| hema    |   21 |    75 | hyb          | pragathi    |  500043 |
| navya   |   21 |    79 | bangl        | pranathi    |  507043 |
| kranthi |   25 |    90 | vizag        | vivekananda |  756443 |
| navya   |   25 |    95 | jaipur       | vivekananda |  579843 |
| sahasra |   29 |    99 | hyb          | sidartha    |  512453 |
| vyshu   |   29 |    87 | karnataka    | mnr         |  897653 |
| manasa  |   34 |    78 | hyb          | roas        |  546353 |
| pinky   |   34 |   100 | bangl        | roas        |  345653 |
| preethi |   39 |    89 | kerala       | kondareedy  |  123453 |
| sonia   |   65 |    56 | kakinada     | pragathi    |  432143 |
| vyshu   |   89 |    39 | chennai      | loyalo      |  781443 |
+---------+------+-------+--------------+-------------+---------+
12 rows in set (0.00 sec)

mysql> select * from studentsinfo order by age desc;
+---------+------+-------+--------------+-------------+---------+
| name    | age  | marks | city         | college     | pincode |
+---------+------+-------+--------------+-------------+---------+
| vyshu   |   89 |    39 | chennai      | loyalo      |  781443 |
| sonia   |   65 |    56 | kakinada     | pragathi    |  432143 |
| preethi |   39 |    89 | kerala       | kondareedy  |  123453 |
| manasa  |   34 |    78 | hyb          | roas        |  546353 |
| pinky   |   34 |   100 | bangl        | roas        |  345653 |
| vyshu   |   29 |    87 | karnataka    | mnr         |  897653 |
| sahasra |   29 |    99 | hyb          | sidartha    |  512453 |
| navya   |   25 |    95 | jaipur       | vivekananda |  579843 |
| kranthi |   25 |    90 | vizag        | vivekananda |  756443 |
| navya   |   21 |    79 | bangl        | pranathi    |  507043 |
| hema    |   21 |    75 | hyb          | pragathi    |  500043 |
| sai     |   20 |    90 | uttarpradesh | mnr         |  124743 |
+---------+------+-------+--------------+-------------+---------+
12 rows in set (0.00 sec)

mysql> select * from studentsinfo order by city;
+---------+------+-------+--------------+-------------+---------+
| name    | age  | marks | city         | college     | pincode |
+---------+------+-------+--------------+-------------+---------+
| pinky   |   34 |   100 | bangl        | roas        |  345653 |
| navya   |   21 |    79 | bangl        | pranathi    |  507043 |
| vyshu   |   89 |    39 | chennai      | loyalo      |  781443 |
| manasa  |   34 |    78 | hyb          | roas        |  546353 |
| hema    |   21 |    75 | hyb          | pragathi    |  500043 |
| sahasra |   29 |    99 | hyb          | sidartha    |  512453 |
| navya   |   25 |    95 | jaipur       | vivekananda |  579843 |
| sonia   |   65 |    56 | kakinada     | pragathi    |  432143 |
| vyshu   |   29 |    87 | karnataka    | mnr         |  897653 |
| preethi |   39 |    89 | kerala       | kondareedy  |  123453 |
| sai     |   20 |    90 | uttarpradesh | mnr         |  124743 |
| kranthi |   25 |    90 | vizag        | vivekananda |  756443 |
+---------+------+-------+--------------+-------------+---------+
12 rows in set (0.01 sec)

mysql>
mysql> select * from studentsinfo order by city desc;
+---------+------+-------+--------------+-------------+---------+
| name    | age  | marks | city         | college     | pincode |
+---------+------+-------+--------------+-------------+---------+
| kranthi |   25 |    90 | vizag        | vivekananda |  756443 |
| sai     |   20 |    90 | uttarpradesh | mnr         |  124743 |
| preethi |   39 |    89 | kerala       | kondareedy  |  123453 |
| vyshu   |   29 |    87 | karnataka    | mnr         |  897653 |
| sonia   |   65 |    56 | kakinada     | pragathi    |  432143 |
| navya   |   25 |    95 | jaipur       | vivekananda |  579843 |
| manasa  |   34 |    78 | hyb          | roas        |  546353 |
| hema    |   21 |    75 | hyb          | pragathi    |  500043 |
| sahasra |   29 |    99 | hyb          | sidartha    |  512453 |
| vyshu   |   89 |    39 | chennai      | loyalo      |  781443 |
| navya   |   21 |    79 | bangl        | pranathi    |  507043 |
| pinky   |   34 |   100 | bangl        | roas        |  345653 |
+---------+------+-------+--------------+-------------+---------+
12 rows in set (0.00 sec)

mysql> select * from studentsinfo order by marks;
+---------+------+-------+--------------+-------------+---------+
| name    | age  | marks | city         | college     | pincode |
+---------+------+-------+--------------+-------------+---------+
| vyshu   |   89 |    39 | chennai      | loyalo      |  781443 |
| sonia   |   65 |    56 | kakinada     | pragathi    |  432143 |
| hema    |   21 |    75 | hyb          | pragathi    |  500043 |
| manasa  |   34 |    78 | hyb          | roas        |  546353 |
| navya   |   21 |    79 | bangl        | pranathi    |  507043 |
| vyshu   |   29 |    87 | karnataka    | mnr         |  897653 |
| preethi |   39 |    89 | kerala       | kondareedy  |  123453 |
| kranthi |   25 |    90 | vizag        | vivekananda |  756443 |
| sai     |   20 |    90 | uttarpradesh | mnr         |  124743 |
| navya   |   25 |    95 | jaipur       | vivekananda |  579843 |
| sahasra |   29 |    99 | hyb          | sidartha    |  512453 |
| pinky   |   34 |   100 | bangl        | roas        |  345653 |
+---------+------+-------+--------------+-------------+---------+
12 rows in set (0.00 sec)

mysql> select * from studentsinfo order by marks and age;
+---------+------+-------+--------------+-------------+---------+
| name    | age  | marks | city         | college     | pincode |
+---------+------+-------+--------------+-------------+---------+
| hema    |   21 |    75 | hyb          | pragathi    |  500043 |
| manasa  |   34 |    78 | hyb          | roas        |  546353 |
| preethi |   39 |    89 | kerala       | kondareedy  |  123453 |
| vyshu   |   29 |    87 | karnataka    | mnr         |  897653 |
| sai     |   20 |    90 | uttarpradesh | mnr         |  124743 |
| sonia   |   65 |    56 | kakinada     | pragathi    |  432143 |
| navya   |   25 |    95 | jaipur       | vivekananda |  579843 |
| kranthi |   25 |    90 | vizag        | vivekananda |  756443 |
| vyshu   |   89 |    39 | chennai      | loyalo      |  781443 |
| sahasra |   29 |    99 | hyb          | sidartha    |  512453 |
| navya   |   21 |    79 | bangl        | pranathi    |  507043 |
| pinky   |   34 |   100 | bangl        | roas        |  345653 |
+---------+------+-------+--------------+-------------+---------+
12 rows in set (0.10 sec)

mysql> select * from studentsinfo order by marks and age asc;
+---------+------+-------+--------------+-------------+---------+
| name    | age  | marks | city         | college     | pincode |
+---------+------+-------+--------------+-------------+---------+
| hema    |   21 |    75 | hyb          | pragathi    |  500043 |
| manasa  |   34 |    78 | hyb          | roas        |  546353 |
| preethi |   39 |    89 | kerala       | kondareedy  |  123453 |
| vyshu   |   29 |    87 | karnataka    | mnr         |  897653 |
| sai     |   20 |    90 | uttarpradesh | mnr         |  124743 |
| sonia   |   65 |    56 | kakinada     | pragathi    |  432143 |
| navya   |   25 |    95 | jaipur       | vivekananda |  579843 |
| kranthi |   25 |    90 | vizag        | vivekananda |  756443 |
| vyshu   |   89 |    39 | chennai      | loyalo      |  781443 |
| sahasra |   29 |    99 | hyb          | sidartha    |  512453 |
| navya   |   21 |    79 | bangl        | pranathi    |  507043 |
| pinky   |   34 |   100 | bangl        | roas        |  345653 |
+---------+------+-------+--------------+-------------+---------+
12 rows in set (0.00 sec)

mysql> select * from studentsinfo order by pincode;
+---------+------+-------+--------------+-------------+---------+
| name    | age  | marks | city         | college     | pincode |
+---------+------+-------+--------------+-------------+---------+
| preethi |   39 |    89 | kerala       | kondareedy  |  123453 |
| sai     |   20 |    90 | uttarpradesh | mnr         |  124743 |
| pinky   |   34 |   100 | bangl        | roas        |  345653 |
| sonia   |   65 |    56 | kakinada     | pragathi    |  432143 |
| hema    |   21 |    75 | hyb          | pragathi    |  500043 |
| navya   |   21 |    79 | bangl        | pranathi    |  507043 |
| sahasra |   29 |    99 | hyb          | sidartha    |  512453 |
| manasa  |   34 |    78 | hyb          | roas        |  546353 |
| navya   |   25 |    95 | jaipur       | vivekananda |  579843 |
| kranthi |   25 |    90 | vizag        | vivekananda |  756443 |
| vyshu   |   89 |    39 | chennai      | loyalo      |  781443 |
| vyshu   |   29 |    87 | karnataka    | mnr         |  897653 |
+---------+------+-------+--------------+-------------+---------+
12 rows in set (0.00 sec)

mysql> select * from studentsinfo order by pincode<=578901 and city!='hyb';
+---------+------+-------+--------------+-------------+---------+
| name    | age  | marks | city         | college     | pincode |
+---------+------+-------+--------------+-------------+---------+
| hema    |   21 |    75 | hyb          | pragathi    |  500043 |
| manasa  |   34 |    78 | hyb          | roas        |  546353 |
| sahasra |   29 |    99 | hyb          | sidartha    |  512453 |
| vyshu   |   89 |    39 | chennai      | loyalo      |  781443 |
| kranthi |   25 |    90 | vizag        | vivekananda |  756443 |
| navya   |   25 |    95 | jaipur       | vivekananda |  579843 |
| vyshu   |   29 |    87 | karnataka    | mnr         |  897653 |
| preethi |   39 |    89 | kerala       | kondareedy  |  123453 |
| sai     |   20 |    90 | uttarpradesh | mnr         |  124743 |
| sonia   |   65 |    56 | kakinada     | pragathi    |  432143 |
| navya   |   21 |    79 | bangl        | pranathi    |  507043 |
| pinky   |   34 |   100 | bangl        | roas        |  345653 |
+---------+------+-------+--------------+-------------+---------+
12 rows in set (0.00 sec)

mysql> select * from studentsinfo order by pincode<=578901 and city='hyb';
+---------+------+-------+--------------+-------------+---------+
| name    | age  | marks | city         | college     | pincode |
+---------+------+-------+--------------+-------------+---------+
| pinky   |   34 |   100 | bangl        | roas        |  345653 |
| preethi |   39 |    89 | kerala       | kondareedy  |  123453 |
| vyshu   |   29 |    87 | karnataka    | mnr         |  897653 |
| sai     |   20 |    90 | uttarpradesh | mnr         |  124743 |
| sonia   |   65 |    56 | kakinada     | pragathi    |  432143 |
| navya   |   25 |    95 | jaipur       | vivekananda |  579843 |
| kranthi |   25 |    90 | vizag        | vivekananda |  756443 |
| vyshu   |   89 |    39 | chennai      | loyalo      |  781443 |
| navya   |   21 |    79 | bangl        | pranathi    |  507043 |
| sahasra |   29 |    99 | hyb          | sidartha    |  512453 |
| manasa  |   34 |    78 | hyb          | roas        |  546353 |
| hema    |   21 |    75 | hyb          | pragathi    |  500043 |
+---------+------+-------+--------------+-------------+---------+
12 rows in set (0.00 sec)

mysql> select city from studentsinfo where marks>=50;
+--------------+
| city         |
+--------------+
| hyb          |
| bangl        |
| hyb          |
| vizag        |
| jaipur       |
| kakinada     |
| uttarpradesh |
| karnataka    |
| kerala       |
| hyb          |
| bangl        |
+--------------+
11 rows in set (0.00 sec)

mysql> select min(marks) from studentsinfo;
+------------+
| min(marks) |
+------------+
|         39 |
+------------+
1 row in set (0.12 sec)

mysql> select * from studentsinfo where marks>=50;
+---------+------+-------+--------------+-------------+---------+
| name    | age  | marks | city         | college     | pincode |
+---------+------+-------+--------------+-------------+---------+
| hema    |   21 |    75 | hyb          | pragathi    |  500043 |
| navya   |   21 |    79 | bangl        | pranathi    |  507043 |
| sahasra |   29 |    99 | hyb          | sidartha    |  512453 |
| kranthi |   25 |    90 | vizag        | vivekananda |  756443 |
| navya   |   25 |    95 | jaipur       | vivekananda |  579843 |
| sonia   |   65 |    56 | kakinada     | pragathi    |  432143 |
| sai     |   20 |    90 | uttarpradesh | mnr         |  124743 |
| vyshu   |   29 |    87 | karnataka    | mnr         |  897653 |
| preethi |   39 |    89 | kerala       | kondareedy  |  123453 |
| manasa  |   34 |    78 | hyb          | roas        |  546353 |
| pinky   |   34 |   100 | bangl        | roas        |  345653 |
+---------+------+-------+--------------+-------------+---------+
11 rows in set (0.00 sec)

mysql> select age from studentsinfo order by age;
+------+
| age  |
+------+
|   20 |
|   21 |
|   21 |
|   25 |
|   25 |
|   29 |
|   29 |
|   34 |
|   34 |
|   39 |
|   65 |
|   89 |
+------+
12 rows in set (0.00 sec)

mysql> select min(marks) as 'least marks' from studentsinfo;
+-------------+
| least marks |
+-------------+
|          39 |
+-------------+
1 row in set (0.09 sec)

mysql> select max(marks) as 'highest marks' from studentsinfo;
+---------------+
| highest marks |
+---------------+
|           100 |
+---------------+
1 row in set (0.00 sec)

mysql> select max(marks) as highest_ marks from studentsinfo;
ERROR 1064 (42000): You have an error in your SQL syntax; check the manual that corresponds to your MySQL server version for the right syntax to use near 'marks from studentsinfo' at line 1
mysql> select max(marks) as high_score from studentsinfo;
+------------+
| high_score |
+------------+
|        100 |
+------------+
1 row in set (0.11 sec)

mysql> select max(age) from studentsinfo;
+----------+
| max(age) |
+----------+
|       89 |
+----------+
1 row in set (0.00 sec)

mysql> select * from studentsinfo where max(age);
ERROR 1111 (HY000): Invalid use of group function
mysql> select * from studentsinfo where  age<=25;
+---------+------+-------+--------------+-------------+---------+
| name    | age  | marks | city         | college     | pincode |
+---------+------+-------+--------------+-------------+---------+
| hema    |   21 |    75 | hyb          | pragathi    |  500043 |
| navya   |   21 |    79 | bangl        | pranathi    |  507043 |
| kranthi |   25 |    90 | vizag        | vivekananda |  756443 |
| navya   |   25 |    95 | jaipur       | vivekananda |  579843 |
| sai     |   20 |    90 | uttarpradesh | mnr         |  124743 |
+---------+------+-------+--------------+-------------+---------+
5 rows in set (0.00 sec)

mysql> select min(age) from studentsinfo;
+----------+
| min(age) |
+----------+
|       20 |
+----------+
1 row in set (0.00 sec)

mysql> select min(age) as 'minimum age' from studentsinfo;
+-------------+
| minimum age |
+-------------+
|          20 |
+-------------+
1 row in set (0.01 sec)

mysql> select min(age) as minimum_age from studentsinfo;
+-------------+
| minimum_age |
+-------------+
|          20 |
+-------------+
1 row in set (0.01 sec)

mysql> select * from studentsinfo;
+---------+------+-------+--------------+-------------+---------+
| name    | age  | marks | city         | college     | pincode |
+---------+------+-------+--------------+-------------+---------+
| hema    |   21 |    75 | hyb          | pragathi    |  500043 |
| navya   |   21 |    79 | bangl        | pranathi    |  507043 |
| sahasra |   29 |    99 | hyb          | sidartha    |  512453 |
| vyshu   |   89 |    39 | chennai      | loyalo      |  781443 |
| kranthi |   25 |    90 | vizag        | vivekananda |  756443 |
| navya   |   25 |    95 | jaipur       | vivekananda |  579843 |
| sonia   |   65 |    56 | kakinada     | pragathi    |  432143 |
| sai     |   20 |    90 | uttarpradesh | mnr         |  124743 |
| vyshu   |   29 |    87 | karnataka    | mnr         |  897653 |
| preethi |   39 |    89 | kerala       | kondareedy  |  123453 |
| manasa  |   34 |    78 | hyb          | roas        |  546353 |
| pinky   |   34 |   100 | bangl        | roas        |  345653 |
+---------+------+-------+--------------+-------------+---------+
12 rows in set (0.00 sec)

mysql> select min(city) from studentsinfo;
+-----------+
| min(city) |
+-----------+
| bangl     |
+-----------+
1 row in set (0.10 sec)

mysql> select max(city) from studentsinfo;
+-----------+
| max(city) |
+-----------+
| vizag     |
+-----------+
1 row in set (0.01 sec)

mysql> select max(city) as 'maximum city' from studentsinfo;
+--------------+
| maximum city |
+--------------+
| vizag        |
+--------------+
1 row in set (0.00 sec)

mysql> select min(city) as 'minimum city'from studentsinfo;
+--------------+
| minimum city |
+--------------+
| bangl        |
+--------------+
1 row in set (0.00 sec)

mysql> select min(college) from studentsinfo;
+--------------+
| min(college) |
+--------------+
| kondareedy   |
+--------------+
1 row in set (0.00 sec)

mysql> select min(college) as mimimum_college from studentsinfo;
+-----------------+
| mimimum_college |
+-----------------+
| kondareedy      |
+-----------------+
1 row in set (0.00 sec)

mysql> select max(college) as maximum_college from studentsinfo;
+-----------------+
| maximum_college |
+-----------------+
| vivekananda     |
+-----------------+
1 row in set (0.00 sec)

mysql> select sum(marks) from studentsinfo;
+------------+
| sum(marks) |
+------------+
|        977 |
+------------+
1 row in set (0.05 sec)

mysql> select sum(marks) as total_marks from studentsinfo;
+-------------+
| total_marks |
+-------------+
|         977 |
+-------------+
1 row in set (0.00 sec)

mysql> select avg(marks) as average_marks from studentsinfo;
+---------------+
| average_marks |
+---------------+
|       81.4167 |
+---------------+
1 row in set (0.00 sec)

mysql> select avg(marks) as average_marks from studentsinfo where city='hyb';
+---------------+
| average_marks |
+---------------+
|       84.0000 |
+---------------+
1 row in set (0.00 sec)

mysql> select avg(marks) as average_marks from studentsinfo where city='bangl';
+---------------+
| average_marks |
+---------------+
|       89.5000 |
+---------------+
1 row in set (0.00 sec)

mysql> select sum(marks) as total_marks from studentsinfo where city='bangl';
+-------------+
| total_marks |
+-------------+
|         179 |
+-------------+
1 row in set (0.00 sec)

mysql> select sum(marks) as total_marks from studentsinfo where city='kerala';
+-------------+
| total_marks |
+-------------+
|          89 |
+-------------+
1 row in set (0.00 sec)

mysql> select count(*) from studentsinfo;
+----------+
| count(*) |
+----------+
|       12 |
+----------+
1 row in set (0.01 sec)

mysql> select count(*) as total number of rows where city='hyb';
ERROR 1064 (42000): You have an error in your SQL syntax; check the manual that corresponds to your MySQL server version for the right syntax to use near 'number of rows where city='hyb'' at line 1
mysql> select count(*) as total number of rows from studentsinfo  where city='hyb';
ERROR 1064 (42000): You have an error in your SQL syntax; check the manual that corresponds to your MySQL server version for the right syntax to use near 'number of rows from studentsinfo  where city='hyb'' at line 1
mysql> select min(age) as 'minimum age' from studentsinfo;




































































































































































































































Enter password: ****
Welcome to the MySQL monitor.  Commands end with ; or \g.
Your MySQL connection id is 31
Server version: 5.5.62 MySQL Community Server (GPL)

Copyright (c) 2000, 2018, Oracle and/or its affiliates. All rights reserved.

Oracle is a registered trademark of Oracle Corporation and/or its
affiliates. Other names may be trademarks of their respective
owners.

Type 'help;' or '\h' for help. Type '\c' to clear the current input statement.

mysql> show databases;
+--------------------+
| Database           |
+--------------------+
| information_schema |
| abc                |
| mysql              |
| performance_schema |
+--------------------+
4 rows in set (0.05 sec)

mysql> drop database abc;
Query OK, 1 row affected (0.60 sec)

mysql> show databases;
+--------------------+
| Database           |
+--------------------+
| information_schema |
| mysql              |
| performance_schema |
+--------------------+
3 rows in set (0.00 sec)

mysql> create database abc;
Query OK, 1 row affected (0.00 sec)

mysql> show databases;
+--------------------+
| Database           |
+--------------------+
| information_schema |
| abc                |
| mysql              |
| performance_schema |
+--------------------+
4 rows in set (0.00 sec)

mysql> use abc;
Database changed
mysql> create table studentsinfo(name varchar(20),age int,marks int,city varchar(20),college varchar(20),pincode int);
Query OK, 0 rows affected (0.08 sec)

mysql> show tables;
+---------------+
| Tables_in_abc |
+---------------+
| studentsinfo  |
+---------------+
1 row in set (0.00 sec)

mysql> desc studentsinfo;
+---------+-------------+------+-----+---------+-------+
| Field   | Type        | Null | Key | Default | Extra |
+---------+-------------+------+-----+---------+-------+
| name    | varchar(20) | YES  |     | NULL    |       |
| age     | int(11)     | YES  |     | NULL    |       |
| marks   | int(11)     | YES  |     | NULL    |       |
| city    | varchar(20) | YES  |     | NULL    |       |
| college | varchar(20) | YES  |     | NULL    |       |
| pincode | int(11)     | YES  |     | NULL    |       |
+---------+-------------+------+-----+---------+-------+
6 rows in set (0.16 sec)

mysql> insert into studentsinfo values('hema',21,75,'hyb','pragathi',500043);
Query OK, 1 row affected (0.20 sec)

mysql> insert into studentsinfo values('navya',21,79,'bangl','pranathi',507043);
Query OK, 1 row affected (0.13 sec)

mysql> insert into studentsinfo values('sahasra',29 ,99,'hyb','sidartha',512453);
Query OK, 1 row affected (0.05 sec)

mysql> insert into studentsinfo values('vyshu',89,39,'chennai','loyalo',781443);
Query OK, 1 row affected (0.02 sec)

mysql> insert into studentsinfo values('kranthi',25,90,'vizag','vivekananda',756443);
Query OK, 1 row affected (0.16 sec)

mysql> insert into studentsinfo values('navya',25,95,'jaipur','vivekananda'579843);
ERROR 1064 (42000): You have an error in your SQL syntax; check the manual that corresponds to your MySQL server version for the right syntax to use near '579843)' at line 1
mysql> insert into studentsinfo values('navya',25,95,'jaipur','vivekananda',579843);
Query OK, 1 row affected (0.11 sec)

mysql> insert into studentsinfo values('sonia',65,56,'kakinada','pragathi',432143);
Query OK, 1 row affected (0.03 sec)

mysql> insert into studentsinfo values('sai',20,90,'uttarpradesh','mnr',124743);
Query OK, 1 row affected (0.30 sec)

mysql> insert into studentsinfo values('vyshu',29,87,'karnataka','mnr',897653);
Query OK, 1 row affected (0.05 sec)

mysql> insert into studentsinfo values('preethi',39,89,'kerala','kondareedy',123453);
Query OK, 1 row affected (0.04 sec)

mysql> insert into studentsinfo values('manasa',34,78,'hyb','roas',546353);
Query OK, 1 row affected (0.10 sec)

mysql> insert into studentsinfo values('pinky',34,100,'bangl','roas',345653);
Query OK, 1 row affected (0.05 sec)

mysql> select * from studentsinfo;
+---------+------+-------+--------------+-------------+---------+
| name    | age  | marks | city         | college     | pincode |
+---------+------+-------+--------------+-------------+---------+
| hema    |   21 |    75 | hyb          | pragathi    |  500043 |
| navya   |   21 |    79 | bangl        | pranathi    |  507043 |
| sahasra |   29 |    99 | hyb          | sidartha    |  512453 |
| vyshu   |   89 |    39 | chennai      | loyalo      |  781443 |
| kranthi |   25 |    90 | vizag        | vivekananda |  756443 |
| navya   |   25 |    95 | jaipur       | vivekananda |  579843 |
| sonia   |   65 |    56 | kakinada     | pragathi    |  432143 |
| sai     |   20 |    90 | uttarpradesh | mnr         |  124743 |
| vyshu   |   29 |    87 | karnataka    | mnr         |  897653 |
| preethi |   39 |    89 | kerala       | kondareedy  |  123453 |
| manasa  |   34 |    78 | hyb          | roas        |  546353 |
| pinky   |   34 |   100 | bangl        | roas        |  345653 |
+---------+------+-------+--------------+-------------+---------+
12 rows in set (0.00 sec)

mysql> select * from studentsinfo where name=vyshu;
ERROR 1054 (42S22): Unknown column 'vyshu' in 'where clause'
mysql> select * from studentsinfo where name='vyshu';
+-------+------+-------+-----------+---------+---------+
| name  | age  | marks | city      | college | pincode |
+-------+------+-------+-----------+---------+---------+
| vyshu |   89 |    39 | chennai   | loyalo  |  781443 |
| vyshu |   29 |    87 | karnataka | mnr     |  897653 |
+-------+------+-------+-----------+---------+---------+
2 rows in set (0.10 sec)

mysql> select * from studentsinfo where name='vyshu' and city='chennai';
+-------+------+-------+---------+---------+---------+
| name  | age  | marks | city    | college | pincode |
+-------+------+-------+---------+---------+---------+
| vyshu |   89 |    39 | chennai | loyalo  |  781443 |
+-------+------+-------+---------+---------+---------+
1 row in set (0.00 sec)

mysql> select name,age,city from studentsinfo;
+---------+------+--------------+
| name    | age  | city         |
+---------+------+--------------+
| hema    |   21 | hyb          |
| navya   |   21 | bangl        |
| sahasra |   29 | hyb          |
| vyshu   |   89 | chennai      |
| kranthi |   25 | vizag        |
| navya   |   25 | jaipur       |
| sonia   |   65 | kakinada     |
| sai     |   20 | uttarpradesh |
| vyshu   |   29 | karnataka    |
| preethi |   39 | kerala       |
| manasa  |   34 | hyb          |
| pinky   |   34 | bangl        |
+---------+------+--------------+
12 rows in set (0.00 sec)

mysql> select age from studentsinfo where age>=25;
+------+
| age  |
+------+
|   29 |
|   89 |
|   25 |
|   25 |
|   65 |
|   29 |
|   39 |
|   34 |
|   34 |
+------+
9 rows in set (0.00 sec)

mysql> select age,name from studentsinfo where age>=25;
+------+---------+
| age  | name    |
+------+---------+
|   29 | sahasra |
|   89 | vyshu   |
|   25 | kranthi |
|   25 | navya   |
|   65 | sonia   |
|   29 | vyshu   |
|   39 | preethi |
|   34 | manasa  |
|   34 | pinky   |
+------+---------+
9 rows in set (0.00 sec)

mysql> select marks,name,age from studentsinfo where marks<=80 and age>=21;
+-------+--------+------+
| marks | name   | age  |
+-------+--------+------+
|    75 | hema   |   21 |
|    79 | navya  |   21 |
|    39 | vyshu  |   89 |
|    56 | sonia  |   65 |
|    78 | manasa |   34 |
+-------+--------+------+
5 rows in set (0.00 sec)

mysql> select * from studentsinfo;
+---------+------+-------+--------------+-------------+---------+
| name    | age  | marks | city         | college     | pincode |
+---------+------+-------+--------------+-------------+---------+
| hema    |   21 |    75 | hyb          | pragathi    |  500043 |
| navya   |   21 |    79 | bangl        | pranathi    |  507043 |
| sahasra |   29 |    99 | hyb          | sidartha    |  512453 |
| vyshu   |   89 |    39 | chennai      | loyalo      |  781443 |
| kranthi |   25 |    90 | vizag        | vivekananda |  756443 |
| navya   |   25 |    95 | jaipur       | vivekananda |  579843 |
| sonia   |   65 |    56 | kakinada     | pragathi    |  432143 |
| sai     |   20 |    90 | uttarpradesh | mnr         |  124743 |
| vyshu   |   29 |    87 | karnataka    | mnr         |  897653 |
| preethi |   39 |    89 | kerala       | kondareedy  |  123453 |
| manasa  |   34 |    78 | hyb          | roas        |  546353 |
| pinky   |   34 |   100 | bangl        | roas        |  345653 |
+---------+------+-------+--------------+-------------+---------+
12 rows in set (0.00 sec)

mysql> select * from studentsinfo where pincode=897653;
+-------+------+-------+-----------+---------+---------+
| name  | age  | marks | city      | college | pincode |
+-------+------+-------+-----------+---------+---------+
| vyshu |   29 |    87 | karnataka | mnr     |  897653 |
+-------+------+-------+-----------+---------+---------+
1 row in set (0.00 sec)

mysql> select * from studentsinfo where pincode<578943;
+---------+------+-------+--------------+------------+---------+
| name    | age  | marks | city         | college    | pincode |
+---------+------+-------+--------------+------------+---------+
| hema    |   21 |    75 | hyb          | pragathi   |  500043 |
| navya   |   21 |    79 | bangl        | pranathi   |  507043 |
| sahasra |   29 |    99 | hyb          | sidartha   |  512453 |
| sonia   |   65 |    56 | kakinada     | pragathi   |  432143 |
| sai     |   20 |    90 | uttarpradesh | mnr        |  124743 |
| preethi |   39 |    89 | kerala       | kondareedy |  123453 |
| manasa  |   34 |    78 | hyb          | roas       |  546353 |
| pinky   |   34 |   100 | bangl        | roas       |  345653 |
+---------+------+-------+--------------+------------+---------+
8 rows in set (0.00 sec)

mysql> select * from studentsinfo where marks>=30 and marks<=90;
+---------+------+-------+--------------+-------------+---------+
| name    | age  | marks | city         | college     | pincode |
+---------+------+-------+--------------+-------------+---------+
| hema    |   21 |    75 | hyb          | pragathi    |  500043 |
| navya   |   21 |    79 | bangl        | pranathi    |  507043 |
| vyshu   |   89 |    39 | chennai      | loyalo      |  781443 |
| kranthi |   25 |    90 | vizag        | vivekananda |  756443 |
| sonia   |   65 |    56 | kakinada     | pragathi    |  432143 |
| sai     |   20 |    90 | uttarpradesh | mnr         |  124743 |
| vyshu   |   29 |    87 | karnataka    | mnr         |  897653 |
| preethi |   39 |    89 | kerala       | kondareedy  |  123453 |
| manasa  |   34 |    78 | hyb          | roas        |  546353 |
+---------+------+-------+--------------+-------------+---------+
9 rows in set (0.00 sec)

mysql> select * from studentsinfo where marks>=21 and marks<=50;
+-------+------+-------+---------+---------+---------+
| name  | age  | marks | city    | college | pincode |
+-------+------+-------+---------+---------+---------+
| vyshu |   89 |    39 | chennai | loyalo  |  781443 |
+-------+------+-------+---------+---------+---------+
1 row in set (0.00 sec)

mysql> select * from studentsinfo where city='kerala' or city='hyb';
+---------+------+-------+--------+------------+---------+
| name    | age  | marks | city   | college    | pincode |
+---------+------+-------+--------+------------+---------+
| hema    |   21 |    75 | hyb    | pragathi   |  500043 |
| sahasra |   29 |    99 | hyb    | sidartha   |  512453 |
| preethi |   39 |    89 | kerala | kondareedy |  123453 |
| manasa  |   34 |    78 | hyb    | roas       |  546353 |
+---------+------+-------+--------+------------+---------+
4 rows in set (0.10 sec)

mysql> select * from studentsinfo where city='hyb'and college='pragathi';
+------+------+-------+------+----------+---------+
| name | age  | marks | city | college  | pincode |
+------+------+-------+------+----------+---------+
| hema |   21 |    75 | hyb  | pragathi |  500043 |
+------+------+-------+------+----------+---------+
1 row in set (0.00 sec)

mysql> select age from studentsinfo where age>=20;
+------+
| age  |
+------+
|   21 |
|   21 |
|   29 |
|   89 |
|   25 |
|   25 |
|   65 |
|   20 |
|   29 |
|   39 |
|   34 |
|   34 |
+------+
12 rows in set (0.00 sec)

mysql> select * from studentsinfo where marks>=50 and city='karnataka';
+-------+------+-------+-----------+---------+---------+
| name  | age  | marks | city      | college | pincode |
+-------+------+-------+-----------+---------+---------+
| vyshu |   29 |    87 | karnataka | mnr     |  897653 |
+-------+------+-------+-----------+---------+---------+
1 row in set (0.00 sec)

mysql> select * from studentsinfo where marks>=50 and city='hyb';
+---------+------+-------+------+----------+---------+
| name    | age  | marks | city | college  | pincode |
+---------+------+-------+------+----------+---------+
| hema    |   21 |    75 | hyb  | pragathi |  500043 |
| sahasra |   29 |    99 | hyb  | sidartha |  512453 |
| manasa  |   34 |    78 | hyb  | roas     |  546353 |
+---------+------+-------+------+----------+---------+
3 rows in set (0.00 sec)

mysql> select * from studentsinfo where marks<=50 and city='hyb';
Empty set (0.00 sec)

mysql> select * from studentsinfo where marks<=50 and city='kerala';
Empty set (0.00 sec)

mysql> select * from studentsinfo where marks>=50 and city='kerala';
+---------+------+-------+--------+------------+---------+
| name    | age  | marks | city   | college    | pincode |
+---------+------+-------+--------+------------+---------+
| preethi |   39 |    89 | kerala | kondareedy |  123453 |
+---------+------+-------+--------+------------+---------+
1 row in set (0.00 sec)

mysql> select * from studentsinfo where college='loyalo'and city='hyb';
Empty set (0.00 sec)

mysql> select * from studentsinfo where college='loyalo'and marks>=45;
Empty set (0.00 sec)

mysql> select * from studentsinfo where college='loyalo'and marks<=45;
+-------+------+-------+---------+---------+---------+
| name  | age  | marks | city    | college | pincode |
+-------+------+-------+---------+---------+---------+
| vyshu |   89 |    39 | chennai | loyalo  |  781443 |
+-------+------+-------+---------+---------+---------+
1 row in set (0.00 sec)

mysql> select * from studentsinfo where college='mnr'and marks>=56;
+-------+------+-------+--------------+---------+---------+
| name  | age  | marks | city         | college | pincode |
+-------+------+-------+--------------+---------+---------+
| sai   |   20 |    90 | uttarpradesh | mnr     |  124743 |
| vyshu |   29 |    87 | karnataka    | mnr     |  897653 |
+-------+------+-------+--------------+---------+---------+
2 rows in set (0.00 sec)

mysql> select * from studentsinfo where city='karnataka' and marks>=50 or city!='karnataka' and marks<=100;
+---------+------+-------+--------------+-------------+---------+
| name    | age  | marks | city         | college     | pincode |
+---------+------+-------+--------------+-------------+---------+
| hema    |   21 |    75 | hyb          | pragathi    |  500043 |
| navya   |   21 |    79 | bangl        | pranathi    |  507043 |
| sahasra |   29 |    99 | hyb          | sidartha    |  512453 |
| vyshu   |   89 |    39 | chennai      | loyalo      |  781443 |
| kranthi |   25 |    90 | vizag        | vivekananda |  756443 |
| navya   |   25 |    95 | jaipur       | vivekananda |  579843 |
| sonia   |   65 |    56 | kakinada     | pragathi    |  432143 |
| sai     |   20 |    90 | uttarpradesh | mnr         |  124743 |
| vyshu   |   29 |    87 | karnataka    | mnr         |  897653 |
| preethi |   39 |    89 | kerala       | kondareedy  |  123453 |
| manasa  |   34 |    78 | hyb          | roas        |  546353 |
| pinky   |   34 |   100 | bangl        | roas        |  345653 |
+---------+------+-------+--------------+-------------+---------+
12 rows in set (0.00 sec)

mysql> select * from studentsinfo;
+---------+------+-------+--------------+-------------+---------+
| name    | age  | marks | city         | college     | pincode |
+---------+------+-------+--------------+-------------+---------+
| hema    |   21 |    75 | hyb          | pragathi    |  500043 |
| navya   |   21 |    79 | bangl        | pranathi    |  507043 |
| sahasra |   29 |    99 | hyb          | sidartha    |  512453 |
| vyshu   |   89 |    39 | chennai      | loyalo      |  781443 |
| kranthi |   25 |    90 | vizag        | vivekananda |  756443 |
| navya   |   25 |    95 | jaipur       | vivekananda |  579843 |
| sonia   |   65 |    56 | kakinada     | pragathi    |  432143 |
| sai     |   20 |    90 | uttarpradesh | mnr         |  124743 |
| vyshu   |   29 |    87 | karnataka    | mnr         |  897653 |
| preethi |   39 |    89 | kerala       | kondareedy  |  123453 |
| manasa  |   34 |    78 | hyb          | roas        |  546353 |
| pinky   |   34 |   100 | bangl        | roas        |  345653 |
+---------+------+-------+--------------+-------------+---------+
12 rows in set (0.00 sec)

mysql> select * from studentsinfo order by marks;
+---------+------+-------+--------------+-------------+---------+
| name    | age  | marks | city         | college     | pincode |
+---------+------+-------+--------------+-------------+---------+
| vyshu   |   89 |    39 | chennai      | loyalo      |  781443 |
| sonia   |   65 |    56 | kakinada     | pragathi    |  432143 |
| hema    |   21 |    75 | hyb          | pragathi    |  500043 |
| manasa  |   34 |    78 | hyb          | roas        |  546353 |
| navya   |   21 |    79 | bangl        | pranathi    |  507043 |
| vyshu   |   29 |    87 | karnataka    | mnr         |  897653 |
| preethi |   39 |    89 | kerala       | kondareedy  |  123453 |
| kranthi |   25 |    90 | vizag        | vivekananda |  756443 |
| sai     |   20 |    90 | uttarpradesh | mnr         |  124743 |
| navya   |   25 |    95 | jaipur       | vivekananda |  579843 |
| sahasra |   29 |    99 | hyb          | sidartha    |  512453 |
| pinky   |   34 |   100 | bangl        | roas        |  345653 |
+---------+------+-------+--------------+-------------+---------+
12 rows in set (0.11 sec)

mysql> select * from studentsinfo order by age;
+---------+------+-------+--------------+-------------+---------+
| name    | age  | marks | city         | college     | pincode |
+---------+------+-------+--------------+-------------+---------+
| sai     |   20 |    90 | uttarpradesh | mnr         |  124743 |
| hema    |   21 |    75 | hyb          | pragathi    |  500043 |
| navya   |   21 |    79 | bangl        | pranathi    |  507043 |
| kranthi |   25 |    90 | vizag        | vivekananda |  756443 |
| navya   |   25 |    95 | jaipur       | vivekananda |  579843 |
| sahasra |   29 |    99 | hyb          | sidartha    |  512453 |
| vyshu   |   29 |    87 | karnataka    | mnr         |  897653 |
| manasa  |   34 |    78 | hyb          | roas        |  546353 |
| pinky   |   34 |   100 | bangl        | roas        |  345653 |
| preethi |   39 |    89 | kerala       | kondareedy  |  123453 |
| sonia   |   65 |    56 | kakinada     | pragathi    |  432143 |
| vyshu   |   89 |    39 | chennai      | loyalo      |  781443 |
+---------+------+-------+--------------+-------------+---------+
12 rows in set (0.00 sec)

mysql> select * from studentsinfo order by names;
ERROR 1054 (42S22): Unknown column 'names' in 'order clause'
mysql> select * from studentsinfo order by marks asc;
+---------+------+-------+--------------+-------------+---------+
| name    | age  | marks | city         | college     | pincode |
+---------+------+-------+--------------+-------------+---------+
| vyshu   |   89 |    39 | chennai      | loyalo      |  781443 |
| sonia   |   65 |    56 | kakinada     | pragathi    |  432143 |
| hema    |   21 |    75 | hyb          | pragathi    |  500043 |
| manasa  |   34 |    78 | hyb          | roas        |  546353 |
| navya   |   21 |    79 | bangl        | pranathi    |  507043 |
| vyshu   |   29 |    87 | karnataka    | mnr         |  897653 |
| preethi |   39 |    89 | kerala       | kondareedy  |  123453 |
| kranthi |   25 |    90 | vizag        | vivekananda |  756443 |
| sai     |   20 |    90 | uttarpradesh | mnr         |  124743 |
| navya   |   25 |    95 | jaipur       | vivekananda |  579843 |
| sahasra |   29 |    99 | hyb          | sidartha    |  512453 |
| pinky   |   34 |   100 | bangl        | roas        |  345653 |
+---------+------+-------+--------------+-------------+---------+
12 rows in set (0.00 sec)

mysql> select * from studentsinfo order by marks desc;
+---------+------+-------+--------------+-------------+---------+
| name    | age  | marks | city         | college     | pincode |
+---------+------+-------+--------------+-------------+---------+
| pinky   |   34 |   100 | bangl        | roas        |  345653 |
| sahasra |   29 |    99 | hyb          | sidartha    |  512453 |
| navya   |   25 |    95 | jaipur       | vivekananda |  579843 |
| kranthi |   25 |    90 | vizag        | vivekananda |  756443 |
| sai     |   20 |    90 | uttarpradesh | mnr         |  124743 |
| preethi |   39 |    89 | kerala       | kondareedy  |  123453 |
| vyshu   |   29 |    87 | karnataka    | mnr         |  897653 |
| navya   |   21 |    79 | bangl        | pranathi    |  507043 |
| manasa  |   34 |    78 | hyb          | roas        |  546353 |
| hema    |   21 |    75 | hyb          | pragathi    |  500043 |
| sonia   |   65 |    56 | kakinada     | pragathi    |  432143 |
| vyshu   |   89 |    39 | chennai      | loyalo      |  781443 |
+---------+------+-------+--------------+-------------+---------+
12 rows in set (0.00 sec)

mysql> select * from studentsinfo order by name desc;
+---------+------+-------+--------------+-------------+---------+
| name    | age  | marks | city         | college     | pincode |
+---------+------+-------+--------------+-------------+---------+
| vyshu   |   89 |    39 | chennai      | loyalo      |  781443 |
| vyshu   |   29 |    87 | karnataka    | mnr         |  897653 |
| sonia   |   65 |    56 | kakinada     | pragathi    |  432143 |
| sai     |   20 |    90 | uttarpradesh | mnr         |  124743 |
| sahasra |   29 |    99 | hyb          | sidartha    |  512453 |
| preethi |   39 |    89 | kerala       | kondareedy  |  123453 |
| pinky   |   34 |   100 | bangl        | roas        |  345653 |
| navya   |   25 |    95 | jaipur       | vivekananda |  579843 |
| navya   |   21 |    79 | bangl        | pranathi    |  507043 |
| manasa  |   34 |    78 | hyb          | roas        |  546353 |
| kranthi |   25 |    90 | vizag        | vivekananda |  756443 |
| hema    |   21 |    75 | hyb          | pragathi    |  500043 |
+---------+------+-------+--------------+-------------+---------+
12 rows in set (0.00 sec)

mysql> select * from studentsinfo order by name asc;
+---------+------+-------+--------------+-------------+---------+
| name    | age  | marks | city         | college     | pincode |
+---------+------+-------+--------------+-------------+---------+
| hema    |   21 |    75 | hyb          | pragathi    |  500043 |
| kranthi |   25 |    90 | vizag        | vivekananda |  756443 |
| manasa  |   34 |    78 | hyb          | roas        |  546353 |
| navya   |   21 |    79 | bangl        | pranathi    |  507043 |
| navya   |   25 |    95 | jaipur       | vivekananda |  579843 |
| pinky   |   34 |   100 | bangl        | roas        |  345653 |
| preethi |   39 |    89 | kerala       | kondareedy  |  123453 |
| sahasra |   29 |    99 | hyb          | sidartha    |  512453 |
| sai     |   20 |    90 | uttarpradesh | mnr         |  124743 |
| sonia   |   65 |    56 | kakinada     | pragathi    |  432143 |
| vyshu   |   89 |    39 | chennai      | loyalo      |  781443 |
| vyshu   |   29 |    87 | karnataka    | mnr         |  897653 |
+---------+------+-------+--------------+-------------+---------+
12 rows in set (0.00 sec)

mysql> select * from studentsinfo order by age;
+---------+------+-------+--------------+-------------+---------+
| name    | age  | marks | city         | college     | pincode |
+---------+------+-------+--------------+-------------+---------+
| sai     |   20 |    90 | uttarpradesh | mnr         |  124743 |
| hema    |   21 |    75 | hyb          | pragathi    |  500043 |
| navya   |   21 |    79 | bangl        | pranathi    |  507043 |
| kranthi |   25 |    90 | vizag        | vivekananda |  756443 |
| navya   |   25 |    95 | jaipur       | vivekananda |  579843 |
| sahasra |   29 |    99 | hyb          | sidartha    |  512453 |
| vyshu   |   29 |    87 | karnataka    | mnr         |  897653 |
| manasa  |   34 |    78 | hyb          | roas        |  546353 |
| pinky   |   34 |   100 | bangl        | roas        |  345653 |
| preethi |   39 |    89 | kerala       | kondareedy  |  123453 |
| sonia   |   65 |    56 | kakinada     | pragathi    |  432143 |
| vyshu   |   89 |    39 | chennai      | loyalo      |  781443 |
+---------+------+-------+--------------+-------------+---------+
12 rows in set (0.00 sec)

mysql> select * from studentsinfo order by age desc;
+---------+------+-------+--------------+-------------+---------+
| name    | age  | marks | city         | college     | pincode |
+---------+------+-------+--------------+-------------+---------+
| vyshu   |   89 |    39 | chennai      | loyalo      |  781443 |
| sonia   |   65 |    56 | kakinada     | pragathi    |  432143 |
| preethi |   39 |    89 | kerala       | kondareedy  |  123453 |
| manasa  |   34 |    78 | hyb          | roas        |  546353 |
| pinky   |   34 |   100 | bangl        | roas        |  345653 |
| vyshu   |   29 |    87 | karnataka    | mnr         |  897653 |
| sahasra |   29 |    99 | hyb          | sidartha    |  512453 |
| navya   |   25 |    95 | jaipur       | vivekananda |  579843 |
| kranthi |   25 |    90 | vizag        | vivekananda |  756443 |
| navya   |   21 |    79 | bangl        | pranathi    |  507043 |
| hema    |   21 |    75 | hyb          | pragathi    |  500043 |
| sai     |   20 |    90 | uttarpradesh | mnr         |  124743 |
+---------+------+-------+--------------+-------------+---------+
12 rows in set (0.00 sec)

mysql> select * from studentsinfo order by city;
+---------+------+-------+--------------+-------------+---------+
| name    | age  | marks | city         | college     | pincode |
+---------+------+-------+--------------+-------------+---------+
| pinky   |   34 |   100 | bangl        | roas        |  345653 |
| navya   |   21 |    79 | bangl        | pranathi    |  507043 |
| vyshu   |   89 |    39 | chennai      | loyalo      |  781443 |
| manasa  |   34 |    78 | hyb          | roas        |  546353 |
| hema    |   21 |    75 | hyb          | pragathi    |  500043 |
| sahasra |   29 |    99 | hyb          | sidartha    |  512453 |
| navya   |   25 |    95 | jaipur       | vivekananda |  579843 |
| sonia   |   65 |    56 | kakinada     | pragathi    |  432143 |
| vyshu   |   29 |    87 | karnataka    | mnr         |  897653 |
| preethi |   39 |    89 | kerala       | kondareedy  |  123453 |
| sai     |   20 |    90 | uttarpradesh | mnr         |  124743 |
| kranthi |   25 |    90 | vizag        | vivekananda |  756443 |
+---------+------+-------+--------------+-------------+---------+
12 rows in set (0.01 sec)

mysql>
mysql> select * from studentsinfo order by city desc;
+---------+------+-------+--------------+-------------+---------+
| name    | age  | marks | city         | college     | pincode |
+---------+------+-------+--------------+-------------+---------+
| kranthi |   25 |    90 | vizag        | vivekananda |  756443 |
| sai     |   20 |    90 | uttarpradesh | mnr         |  124743 |
| preethi |   39 |    89 | kerala       | kondareedy  |  123453 |
| vyshu   |   29 |    87 | karnataka    | mnr         |  897653 |
| sonia   |   65 |    56 | kakinada     | pragathi    |  432143 |
| navya   |   25 |    95 | jaipur       | vivekananda |  579843 |
| manasa  |   34 |    78 | hyb          | roas        |  546353 |
| hema    |   21 |    75 | hyb          | pragathi    |  500043 |
| sahasra |   29 |    99 | hyb          | sidartha    |  512453 |
| vyshu   |   89 |    39 | chennai      | loyalo      |  781443 |
| navya   |   21 |    79 | bangl        | pranathi    |  507043 |
| pinky   |   34 |   100 | bangl        | roas        |  345653 |
+---------+------+-------+--------------+-------------+---------+
12 rows in set (0.00 sec)

mysql> select * from studentsinfo order by marks;
+---------+------+-------+--------------+-------------+---------+
| name    | age  | marks | city         | college     | pincode |
+---------+------+-------+--------------+-------------+---------+
| vyshu   |   89 |    39 | chennai      | loyalo      |  781443 |
| sonia   |   65 |    56 | kakinada     | pragathi    |  432143 |
| hema    |   21 |    75 | hyb          | pragathi    |  500043 |
| manasa  |   34 |    78 | hyb          | roas        |  546353 |
| navya   |   21 |    79 | bangl        | pranathi    |  507043 |
| vyshu   |   29 |    87 | karnataka    | mnr         |  897653 |
| preethi |   39 |    89 | kerala       | kondareedy  |  123453 |
| kranthi |   25 |    90 | vizag        | vivekananda |  756443 |
| sai     |   20 |    90 | uttarpradesh | mnr         |  124743 |
| navya   |   25 |    95 | jaipur       | vivekananda |  579843 |
| sahasra |   29 |    99 | hyb          | sidartha    |  512453 |
| pinky   |   34 |   100 | bangl        | roas        |  345653 |
+---------+------+-------+--------------+-------------+---------+
12 rows in set (0.00 sec)

mysql> select * from studentsinfo order by marks and age;
+---------+------+-------+--------------+-------------+---------+
| name    | age  | marks | city         | college     | pincode |
+---------+------+-------+--------------+-------------+---------+
| hema    |   21 |    75 | hyb          | pragathi    |  500043 |
| manasa  |   34 |    78 | hyb          | roas        |  546353 |
| preethi |   39 |    89 | kerala       | kondareedy  |  123453 |
| vyshu   |   29 |    87 | karnataka    | mnr         |  897653 |
| sai     |   20 |    90 | uttarpradesh | mnr         |  124743 |
| sonia   |   65 |    56 | kakinada     | pragathi    |  432143 |
| navya   |   25 |    95 | jaipur       | vivekananda |  579843 |
| kranthi |   25 |    90 | vizag        | vivekananda |  756443 |
| vyshu   |   89 |    39 | chennai      | loyalo      |  781443 |
| sahasra |   29 |    99 | hyb          | sidartha    |  512453 |
| navya   |   21 |    79 | bangl        | pranathi    |  507043 |
| pinky   |   34 |   100 | bangl        | roas        |  345653 |
+---------+------+-------+--------------+-------------+---------+
12 rows in set (0.10 sec)

mysql> select * from studentsinfo order by marks and age asc;
+---------+------+-------+--------------+-------------+---------+
| name    | age  | marks | city         | college     | pincode |
+---------+------+-------+--------------+-------------+---------+
| hema    |   21 |    75 | hyb          | pragathi    |  500043 |
| manasa  |   34 |    78 | hyb          | roas        |  546353 |
| preethi |   39 |    89 | kerala       | kondareedy  |  123453 |
| vyshu   |   29 |    87 | karnataka    | mnr         |  897653 |
| sai     |   20 |    90 | uttarpradesh | mnr         |  124743 |
| sonia   |   65 |    56 | kakinada     | pragathi    |  432143 |
| navya   |   25 |    95 | jaipur       | vivekananda |  579843 |
| kranthi |   25 |    90 | vizag        | vivekananda |  756443 |
| vyshu   |   89 |    39 | chennai      | loyalo      |  781443 |
| sahasra |   29 |    99 | hyb          | sidartha    |  512453 |
| navya   |   21 |    79 | bangl        | pranathi    |  507043 |
| pinky   |   34 |   100 | bangl        | roas        |  345653 |
+---------+------+-------+--------------+-------------+---------+
12 rows in set (0.00 sec)

mysql> select * from studentsinfo order by pincode;
+---------+------+-------+--------------+-------------+---------+
| name    | age  | marks | city         | college     | pincode |
+---------+------+-------+--------------+-------------+---------+
| preethi |   39 |    89 | kerala       | kondareedy  |  123453 |
| sai     |   20 |    90 | uttarpradesh | mnr         |  124743 |
| pinky   |   34 |   100 | bangl        | roas        |  345653 |
| sonia   |   65 |    56 | kakinada     | pragathi    |  432143 |
| hema    |   21 |    75 | hyb          | pragathi    |  500043 |
| navya   |   21 |    79 | bangl        | pranathi    |  507043 |
| sahasra |   29 |    99 | hyb          | sidartha    |  512453 |
| manasa  |   34 |    78 | hyb          | roas        |  546353 |
| navya   |   25 |    95 | jaipur       | vivekananda |  579843 |
| kranthi |   25 |    90 | vizag        | vivekananda |  756443 |
| vyshu   |   89 |    39 | chennai      | loyalo      |  781443 |
| vyshu   |   29 |    87 | karnataka    | mnr         |  897653 |
+---------+------+-------+--------------+-------------+---------+
12 rows in set (0.00 sec)

mysql> select * from studentsinfo order by pincode<=578901 and city!='hyb';
+---------+------+-------+--------------+-------------+---------+
| name    | age  | marks | city         | college     | pincode |
+---------+------+-------+--------------+-------------+---------+
| hema    |   21 |    75 | hyb          | pragathi    |  500043 |
| manasa  |   34 |    78 | hyb          | roas        |  546353 |
| sahasra |   29 |    99 | hyb          | sidartha    |  512453 |
| vyshu   |   89 |    39 | chennai      | loyalo      |  781443 |
| kranthi |   25 |    90 | vizag        | vivekananda |  756443 |
| navya   |   25 |    95 | jaipur       | vivekananda |  579843 |
| vyshu   |   29 |    87 | karnataka    | mnr         |  897653 |
| preethi |   39 |    89 | kerala       | kondareedy  |  123453 |
| sai     |   20 |    90 | uttarpradesh | mnr         |  124743 |
| sonia   |   65 |    56 | kakinada     | pragathi    |  432143 |
| navya   |   21 |    79 | bangl        | pranathi    |  507043 |
| pinky   |   34 |   100 | bangl        | roas        |  345653 |
+---------+------+-------+--------------+-------------+---------+
12 rows in set (0.00 sec)

mysql> select * from studentsinfo order by pincode<=578901 and city='hyb';
+---------+------+-------+--------------+-------------+---------+
| name    | age  | marks | city         | college     | pincode |
+---------+------+-------+--------------+-------------+---------+
| pinky   |   34 |   100 | bangl        | roas        |  345653 |
| preethi |   39 |    89 | kerala       | kondareedy  |  123453 |
| vyshu   |   29 |    87 | karnataka    | mnr         |  897653 |
| sai     |   20 |    90 | uttarpradesh | mnr         |  124743 |
| sonia   |   65 |    56 | kakinada     | pragathi    |  432143 |
| navya   |   25 |    95 | jaipur       | vivekananda |  579843 |
| kranthi |   25 |    90 | vizag        | vivekananda |  756443 |
| vyshu   |   89 |    39 | chennai      | loyalo      |  781443 |
| navya   |   21 |    79 | bangl        | pranathi    |  507043 |
| sahasra |   29 |    99 | hyb          | sidartha    |  512453 |
| manasa  |   34 |    78 | hyb          | roas        |  546353 |
| hema    |   21 |    75 | hyb          | pragathi    |  500043 |
+---------+------+-------+--------------+-------------+---------+
12 rows in set (0.00 sec)

mysql> select city from studentsinfo where marks>=50;
+--------------+
| city         |
+--------------+
| hyb          |
| bangl        |
| hyb          |
| vizag        |
| jaipur       |
| kakinada     |
| uttarpradesh |
| karnataka    |
| kerala       |
| hyb          |
| bangl        |
+--------------+
11 rows in set (0.00 sec)

mysql> select min(marks) from studentsinfo;
+------------+
| min(marks) |
+------------+
|         39 |
+------------+
1 row in set (0.12 sec)

mysql> select * from studentsinfo where marks>=50;
+---------+------+-------+--------------+-------------+---------+
| name    | age  | marks | city         | college     | pincode |
+---------+------+-------+--------------+-------------+---------+
| hema    |   21 |    75 | hyb          | pragathi    |  500043 |
| navya   |   21 |    79 | bangl        | pranathi    |  507043 |
| sahasra |   29 |    99 | hyb          | sidartha    |  512453 |
| kranthi |   25 |    90 | vizag        | vivekananda |  756443 |
| navya   |   25 |    95 | jaipur       | vivekananda |  579843 |
| sonia   |   65 |    56 | kakinada     | pragathi    |  432143 |
| sai     |   20 |    90 | uttarpradesh | mnr         |  124743 |
| vyshu   |   29 |    87 | karnataka    | mnr         |  897653 |
| preethi |   39 |    89 | kerala       | kondareedy  |  123453 |
| manasa  |   34 |    78 | hyb          | roas        |  546353 |
| pinky   |   34 |   100 | bangl        | roas        |  345653 |
+---------+------+-------+--------------+-------------+---------+
11 rows in set (0.00 sec)

mysql> select age from studentsinfo order by age;
+------+
| age  |
+------+
|   20 |
|   21 |
|   21 |
|   25 |
|   25 |
|   29 |
|   29 |
|   34 |
|   34 |
|   39 |
|   65 |
|   89 |
+------+
12 rows in set (0.00 sec)

mysql> select min(marks) as 'least marks' from studentsinfo;
+-------------+
| least marks |
+-------------+
|          39 |
+-------------+
1 row in set (0.09 sec)

mysql> select max(marks) as 'highest marks' from studentsinfo;
+---------------+
| highest marks |
+---------------+
|           100 |
+---------------+
1 row in set (0.00 sec)

mysql> select max(marks) as highest_ marks from studentsinfo;
ERROR 1064 (42000): You have an error in your SQL syntax; check the manual that corresponds to your MySQL server version for the right syntax to use near 'marks from studentsinfo' at line 1
mysql> select max(marks) as high_score from studentsinfo;
+------------+
| high_score |
+------------+
|        100 |
+------------+
1 row in set (0.11 sec)

mysql> select max(age) from studentsinfo;
+----------+
| max(age) |
+----------+
|       89 |
+----------+
1 row in set (0.00 sec)

mysql> select * from studentsinfo where max(age);
ERROR 1111 (HY000): Invalid use of group function
mysql> select * from studentsinfo where  age<=25;
+---------+------+-------+--------------+-------------+---------+
| name    | age  | marks | city         | college     | pincode |
+---------+------+-------+--------------+-------------+---------+
| hema    |   21 |    75 | hyb          | pragathi    |  500043 |
| navya   |   21 |    79 | bangl        | pranathi    |  507043 |
| kranthi |   25 |    90 | vizag        | vivekananda |  756443 |
| navya   |   25 |    95 | jaipur       | vivekananda |  579843 |
| sai     |   20 |    90 | uttarpradesh | mnr         |  124743 |
+---------+------+-------+--------------+-------------+---------+
5 rows in set (0.00 sec)

mysql> select min(age) from studentsinfo;
+----------+
| min(age) |
+----------+
|       20 |
+----------+
1 row in set (0.00 sec)

mysql> select min(age) as 'minimum age' from studentsinfo;
+-------------+
| minimum age |
+-------------+
|          20 |
+-------------+
1 row in set (0.01 sec)

mysql> select min(age) as minimum_age from studentsinfo;
+-------------+
| minimum_age |
+-------------+
|          20 |
+-------------+
1 row in set (0.01 sec)

mysql> select * from studentsinfo;
+---------+------+-------+--------------+-------------+---------+
| name    | age  | marks | city         | college     | pincode |
+---------+------+-------+--------------+-------------+---------+
| hema    |   21 |    75 | hyb          | pragathi    |  500043 |
| navya   |   21 |    79 | bangl        | pranathi    |  507043 |
| sahasra |   29 |    99 | hyb          | sidartha    |  512453 |
| vyshu   |   89 |    39 | chennai      | loyalo      |  781443 |
| kranthi |   25 |    90 | vizag        | vivekananda |  756443 |
| navya   |   25 |    95 | jaipur       | vivekananda |  579843 |
| sonia   |   65 |    56 | kakinada     | pragathi    |  432143 |
| sai     |   20 |    90 | uttarpradesh | mnr         |  124743 |
| vyshu   |   29 |    87 | karnataka    | mnr         |  897653 |
| preethi |   39 |    89 | kerala       | kondareedy  |  123453 |
| manasa  |   34 |    78 | hyb          | roas        |  546353 |
| pinky   |   34 |   100 | bangl        | roas        |  345653 |
+---------+------+-------+--------------+-------------+---------+
12 rows in set (0.00 sec)

mysql> select min(city) from studentsinfo;
+-----------+
| min(city) |
+-----------+
| bangl     |
+-----------+
1 row in set (0.10 sec)

mysql> select max(city) from studentsinfo;
+-----------+
| max(city) |
+-----------+
| vizag     |
+-----------+
1 row in set (0.01 sec)

mysql> select max(city) as 'maximum city' from studentsinfo;
+--------------+
| maximum city |
+--------------+
| vizag        |
+--------------+
1 row in set (0.00 sec)

mysql> select min(city) as 'minimum city'from studentsinfo;
+--------------+
| minimum city |
+--------------+
| bangl        |
+--------------+
1 row in set (0.00 sec)

mysql> select min(college) from studentsinfo;
+--------------+
| min(college) |
+--------------+
| kondareedy   |
+--------------+
1 row in set (0.00 sec)

mysql> select min(college) as mimimum_college from studentsinfo;
+-----------------+
| mimimum_college |
+-----------------+
| kondareedy      |
+-----------------+
1 row in set (0.00 sec)

mysql> select max(college) as maximum_college from studentsinfo;
+-----------------+
| maximum_college |
+-----------------+
| vivekananda     |
+-----------------+
1 row in set (0.00 sec)

mysql> select sum(marks) from studentsinfo;
+------------+
| sum(marks) |
+------------+
|        977 |
+------------+
1 row in set (0.05 sec)

mysql> select sum(marks) as total_marks from studentsinfo;
+-------------+
| total_marks |
+-------------+
|         977 |
+-------------+
1 row in set (0.00 sec)

mysql> select avg(marks) as average_marks from studentsinfo;
+---------------+
| average_marks |
+---------------+
|       81.4167 |
+---------------+
1 row in set (0.00 sec)

mysql> select avg(marks) as average_marks from studentsinfo where city='hyb';
+---------------+
| average_marks |
+---------------+
|       84.0000 |
+---------------+
1 row in set (0.00 sec)

mysql> select avg(marks) as average_marks from studentsinfo where city='bangl';
+---------------+
| average_marks |
+---------------+
|       89.5000 |
+---------------+
1 row in set (0.00 sec)

mysql> select sum(marks) as total_marks from studentsinfo where city='bangl';
+-------------+
| total_marks |
+-------------+
|         179 |
+-------------+
1 row in set (0.00 sec)

mysql> select sum(marks) as total_marks from studentsinfo where city='kerala';
+-------------+
| total_marks |
+-------------+
|          89 |
+-------------+
1 row in set (0.00 sec)

mysql> select count(*) from studentsinfo;
+----------+
| count(*) |
+----------+
|       12 |
+----------+
1 row in set (0.01 sec)

mysql> select count(*) as total number of rows where city='hyb';
ERROR 1064 (42000): You have an error in your SQL syntax; check the manual that corresponds to your MySQL server version for the right syntax to use near 'number of rows where city='hyb'' at line 1
mysql> select count(*) as total number of rows from studentsinfo  where city='hyb';
ERROR 1064 (42000): You have an error in your SQL syntax; check the manual that corresponds to your MySQL server version for the right syntax to use near 'number of rows from studentsinfo  where city='hyb'' at line 1
mysql> select min(age) as 'minimum age' from studentsinfo;